Archive member included to satisfy reference by file (symbol)

c:/st/stm32cubeide_1.7.0/stm32cubeide/plugins/com.st.stm32cube.ide.mcu.externaltools.gnu-tools-for-stm32.9-2020-q2-update.win32_2.0.0.202105311346/tools/bin/../lib/gcc/arm-none-eabi/9.3.1/../../../../arm-none-eabi/lib/thumb/v7-m/nofp\libc_nano.a(lib_a-errno.o)
                              ./Src/syscalls.o (__errno)
c:/st/stm32cubeide_1.7.0/stm32cubeide/plugins/com.st.stm32cube.ide.mcu.externaltools.gnu-tools-for-stm32.9-2020-q2-update.win32_2.0.0.202105311346/tools/bin/../lib/gcc/arm-none-eabi/9.3.1/../../../../arm-none-eabi/lib/thumb/v7-m/nofp\libc_nano.a(lib_a-exit.o)
                              c:/st/stm32cubeide_1.7.0/stm32cubeide/plugins/com.st.stm32cube.ide.mcu.externaltools.gnu-tools-for-stm32.9-2020-q2-update.win32_2.0.0.202105311346/tools/bin/../lib/gcc/arm-none-eabi/9.3.1/../../../../arm-none-eabi/lib/thumb/v7-m/nofp/crt0.o (exit)
c:/st/stm32cubeide_1.7.0/stm32cubeide/plugins/com.st.stm32cube.ide.mcu.externaltools.gnu-tools-for-stm32.9-2020-q2-update.win32_2.0.0.202105311346/tools/bin/../lib/gcc/arm-none-eabi/9.3.1/../../../../arm-none-eabi/lib/thumb/v7-m/nofp\libc_nano.a(lib_a-impure.o)
                              c:/st/stm32cubeide_1.7.0/stm32cubeide/plugins/com.st.stm32cube.ide.mcu.externaltools.gnu-tools-for-stm32.9-2020-q2-update.win32_2.0.0.202105311346/tools/bin/../lib/gcc/arm-none-eabi/9.3.1/../../../../arm-none-eabi/lib/thumb/v7-m/nofp\libc_nano.a(lib_a-exit.o) (_global_impure_ptr)
c:/st/stm32cubeide_1.7.0/stm32cubeide/plugins/com.st.stm32cube.ide.mcu.externaltools.gnu-tools-for-stm32.9-2020-q2-update.win32_2.0.0.202105311346/tools/bin/../lib/gcc/arm-none-eabi/9.3.1/../../../../arm-none-eabi/lib/thumb/v7-m/nofp\libc_nano.a(lib_a-init.o)
                              c:/st/stm32cubeide_1.7.0/stm32cubeide/plugins/com.st.stm32cube.ide.mcu.externaltools.gnu-tools-for-stm32.9-2020-q2-update.win32_2.0.0.202105311346/tools/bin/../lib/gcc/arm-none-eabi/9.3.1/../../../../arm-none-eabi/lib/thumb/v7-m/nofp/crt0.o (__libc_init_array)
c:/st/stm32cubeide_1.7.0/stm32cubeide/plugins/com.st.stm32cube.ide.mcu.externaltools.gnu-tools-for-stm32.9-2020-q2-update.win32_2.0.0.202105311346/tools/bin/../lib/gcc/arm-none-eabi/9.3.1/../../../../arm-none-eabi/lib/thumb/v7-m/nofp\libc_nano.a(lib_a-memset.o)
                              c:/st/stm32cubeide_1.7.0/stm32cubeide/plugins/com.st.stm32cube.ide.mcu.externaltools.gnu-tools-for-stm32.9-2020-q2-update.win32_2.0.0.202105311346/tools/bin/../lib/gcc/arm-none-eabi/9.3.1/../../../../arm-none-eabi/lib/thumb/v7-m/nofp/crt0.o (memset)
c:/st/stm32cubeide_1.7.0/stm32cubeide/plugins/com.st.stm32cube.ide.mcu.externaltools.gnu-tools-for-stm32.9-2020-q2-update.win32_2.0.0.202105311346/tools/bin/../lib/gcc/arm-none-eabi/9.3.1/../../../../arm-none-eabi/lib/thumb/v7-m/nofp\libc_nano.a(lib_a-printf.o)
                              ./Src/main.o (printf)
c:/st/stm32cubeide_1.7.0/stm32cubeide/plugins/com.st.stm32cube.ide.mcu.externaltools.gnu-tools-for-stm32.9-2020-q2-update.win32_2.0.0.202105311346/tools/bin/../lib/gcc/arm-none-eabi/9.3.1/../../../../arm-none-eabi/lib/thumb/v7-m/nofp\libc_nano.a(lib_a-findfp.o)
                              c:/st/stm32cubeide_1.7.0/stm32cubeide/plugins/com.st.stm32cube.ide.mcu.externaltools.gnu-tools-for-stm32.9-2020-q2-update.win32_2.0.0.202105311346/tools/bin/../lib/gcc/arm-none-eabi/9.3.1/../../../../arm-none-eabi/lib/thumb/v7-m/nofp\libc_nano.a(lib_a-printf.o) (__sinit)
c:/st/stm32cubeide_1.7.0/stm32cubeide/plugins/com.st.stm32cube.ide.mcu.externaltools.gnu-tools-for-stm32.9-2020-q2-update.win32_2.0.0.202105311346/tools/bin/../lib/gcc/arm-none-eabi/9.3.1/../../../../arm-none-eabi/lib/thumb/v7-m/nofp\libc_nano.a(lib_a-fwalk.o)
                              c:/st/stm32cubeide_1.7.0/stm32cubeide/plugins/com.st.stm32cube.ide.mcu.externaltools.gnu-tools-for-stm32.9-2020-q2-update.win32_2.0.0.202105311346/tools/bin/../lib/gcc/arm-none-eabi/9.3.1/../../../../arm-none-eabi/lib/thumb/v7-m/nofp\libc_nano.a(lib_a-findfp.o) (_fwalk)
c:/st/stm32cubeide_1.7.0/stm32cubeide/plugins/com.st.stm32cube.ide.mcu.externaltools.gnu-tools-for-stm32.9-2020-q2-update.win32_2.0.0.202105311346/tools/bin/../lib/gcc/arm-none-eabi/9.3.1/../../../../arm-none-eabi/lib/thumb/v7-m/nofp\libc_nano.a(lib_a-lock.o)
                              c:/st/stm32cubeide_1.7.0/stm32cubeide/plugins/com.st.stm32cube.ide.mcu.externaltools.gnu-tools-for-stm32.9-2020-q2-update.win32_2.0.0.202105311346/tools/bin/../lib/gcc/arm-none-eabi/9.3.1/../../../../arm-none-eabi/lib/thumb/v7-m/nofp\libc_nano.a(lib_a-findfp.o) (__retarget_lock_init_recursive)
c:/st/stm32cubeide_1.7.0/stm32cubeide/plugins/com.st.stm32cube.ide.mcu.externaltools.gnu-tools-for-stm32.9-2020-q2-update.win32_2.0.0.202105311346/tools/bin/../lib/gcc/arm-none-eabi/9.3.1/../../../../arm-none-eabi/lib/thumb/v7-m/nofp\libc_nano.a(lib_a-nano-mallocr.o)
[...]
Memory Configuration

Name             Origin             Length             Attributes
RAM              0x0000000020000000 0x0000000000005000 xrw
FLASH            0x0000000008000000 0x0000000000010000 xr
*default*        0x0000000000000000 0xffffffffffffffff

Linker script and memory map

LOAD c:/st/stm32cubeide_1.7.0/stm32cubeide/plugins/com.st.stm32cube.ide.mcu.externaltools.gnu-tools-for-stm32.9-2020-q2-update.win32_2.0.0.202105311346/tools/bin/../lib/gcc/arm-none-eabi/9.3.1/thumb/v7-m/nofp/crti.o
LOAD c:/st/stm32cubeide_1.7.0/stm32cubeide/plugins/com.st.stm32cube.ide.mcu.externaltools.gnu-tools-for-stm32.9-2020-q2-update.win32_2.0.0.202105311346/tools/bin/../lib/gcc/arm-none-eabi/9.3.1/thumb/v7-m/nofp/crtbegin.o
LOAD c:/st/stm32cubeide_1.7.0/stm32cubeide/plugins/com.st.stm32cube.ide.mcu.externaltools.gnu-tools-for-stm32.9-2020-q2-update.win32_2.0.0.202105311346/tools/bin/../lib/gcc/arm-none-eabi/9.3.1/../../../../arm-none-eabi/lib/thumb/v7-m/nofp/crt0.o
LOAD ./Src/CortexM3_Core_Systick.o
LOAD ./Src/HAL_Adc.o
LOAD ./Src/HAL_Gpio.o
LOAD ./Src/HAL_Timer.o
LOAD ./Src/HAL_Usart.o
LOAD ./Src/main.o
LOAD ./Src/syscalls.o
LOAD ./Src/sysmem.o
LOAD ./Startup/startup_stm32f103c8tx.o
START GROUP
LOAD c:/st/stm32cubeide_1.7.0/stm32cubeide/plugins/com.st.stm32cube.ide.mcu.externaltools.gnu-tools-for-stm32.9-2020-q2-update.win32_2.0.0.202105311346/tools/bin/../lib/gcc/arm-none-eabi/9.3.1/../../../../arm-none-eabi/lib/thumb/v7-m/nofp\libc_nano.a
LOAD c:/st/stm32cubeide_1.7.0/stm32cubeide/plugins/com.st.stm32cube.ide.mcu.externaltools.gnu-tools-for-stm32.9-2020-q2-update.win32_2.0.0.202105311346/tools/bin/../lib/gcc/arm-none-eabi/9.3.1/../../../../arm-none-eabi/lib/thumb/v7-m/nofp\libm.a
END GROUP
START GROUP
LOAD c:/st/stm32cubeide_1.7.0/stm32cubeide/plugins/com.st.stm32cube.ide.mcu.externaltools.gnu-tools-for-stm32.9-2020-q2-update.win32_2.0.0.202105311346/tools/bin/../lib/gcc/arm-none-eabi/9.3.1/thumb/v7-m/nofp\libgcc.a
LOAD c:/st/stm32cubeide_1.7.0/stm32cubeide/plugins/com.st.stm32cube.ide.mcu.externaltools.gnu-tools-for-stm32.9-2020-q2-update.win32_2.0.0.202105311346/tools/bin/../lib/gcc/arm-none-eabi/9.3.1/../../../../arm-none-eabi/lib/thumb/v7-m/nofp\libc_nano.a
END GROUP
START GROUP
LOAD c:/st/stm32cubeide_1.7.0/stm32cubeide/plugins/com.st.stm32cube.ide.mcu.externaltools.gnu-tools-for-stm32.9-2020-q2-update.win32_2.0.0.202105311346/tools/bin/../lib/gcc/arm-none-eabi/9.3.1/thumb/v7-m/nofp\libgcc.a
LOAD c:/st/stm32cubeide_1.7.0/stm32cubeide/plugins/com.st.stm32cube.ide.mcu.externaltools.gnu-tools-for-stm32.9-2020-q2-update.win32_2.0.0.202105311346/tools/bin/../lib/gcc/arm-none-eabi/9.3.1/../../../../arm-none-eabi/lib/thumb/v7-m/nofp\libc_nano.a
LOAD c:/st/stm32cubeide_1.7.0/stm32cubeide/plugins/com.st.stm32cube.ide.mcu.externaltools.gnu-tools-for-stm32.9-2020-q2-update.win32_2.0.0.202105311346/tools/bin/../lib/gcc/arm-none-eabi/9.3.1/../../../../arm-none-eabi/lib/thumb/v7-m/nofp\libnosys.a
END GROUP
START GROUP
LOAD c:/st/stm32cubeide_1.7.0/stm32cubeide/plugins/com.st.stm32cube.ide.mcu.externaltools.gnu-tools-for-stm32.9-2020-q2-update.win32_2.0.0.202105311346/tools/bin/../lib/gcc/arm-none-eabi/9.3.1/thumb/v7-m/nofp\libgcc.a
LOAD c:/st/stm32cubeide_1.7.0/stm32cubeide/plugins/com.st.stm32cube.ide.mcu.externaltools.gnu-tools-for-stm32.9-2020-q2-update.win32_2.0.0.202105311346/tools/bin/../lib/gcc/arm-none-eabi/9.3.1/../../../../arm-none-eabi/lib/thumb/v7-m/nofp\libc_nano.a
LOAD c:/st/stm32cubeide_1.7.0/stm32cubeide/plugins/com.st.stm32cube.ide.mcu.externaltools.gnu-tools-for-stm32.9-2020-q2-update.win32_2.0.0.202105311346/tools/bin/../lib/gcc/arm-none-eabi/9.3.1/../../../../arm-none-eabi/lib/thumb/v7-m/nofp\libnosys.a
END GROUP
LOAD c:/st/stm32cubeide_1.7.0/stm32cubeide/plugins/com.st.stm32cube.ide.mcu.externaltools.gnu-tools-for-stm32.9-2020-q2-update.win32_2.0.0.202105311346/tools/bin/../lib/gcc/arm-none-eabi/9.3.1/thumb/v7-m/nofp/crtend.o
LOAD c:/st/stm32cubeide_1.7.0/stm32cubeide/plugins/com.st.stm32cube.ide.mcu.externaltools.gnu-tools-for-stm32.9-2020-q2-update.win32_2.0.0.202105311346/tools/bin/../lib/gcc/arm-none-eabi/9.3.1/thumb/v7-m/nofp/crtn.o
                0x0000000020005000                _estack = (ORIGIN (RAM) + LENGTH (RAM))
                0x0000000000000200                _Min_Heap_Size = 0x200
                0x0000000000000400                _Min_Stack_Size = 0x400

.isr_vector     0x0000000008000000      0x130
                0x0000000008000000                . = ALIGN (0x4)
 *(.isr_vector)
 .isr_vector    0x0000000008000000      0x130 ./Startup/startup_stm32f103c8tx.o
                0x0000000008000000                g_pfnVectors
                0x0000000008000130                . = ALIGN (0x4)

.text           0x0000000008000130     0x35f8
                0x0000000008000130                . = ALIGN (0x4)
 *(.text)
 .text          0x0000000008000130       0x40 c:/st/stm32cubeide_1.7.0/stm32cubeide/plugins/com.st.stm32cube.ide.mcu.externaltools.gnu-tools-for-stm32.9-2020-q2-update.win32_2.0.0.202105311346/tools/bin/../lib/gcc/arm-none-eabi/9.3.1/thumb/v7-m/nofp/crtbegin.o
 *(.text*)
 .text.SYSTICK_INIT
                0x0000000008000170       0xa0 ./Src/CortexM3_Core_Systick.o
                0x0000000008000170                SYSTICK_INIT
 .text.SysTick_Handler
                0x0000000008000210       0x1c ./Src/CortexM3_Core_Systick.o
                0x0000000008000210                SysTick_Handler
 .text.HAL_EDGE_INT_init
                0x000000000800022c       0x12 ./Src/HAL_Adc.o
 *fill*         0x000000000800023e        0x2 
 .text.HAL_ADC_Init
                0x0000000008000240       0x90 ./Src/HAL_Adc.o
                0x0000000008000240                HAL_ADC_Init
 .text.HAL_ADC_WTD_EN
                0x00000000080002d0       0x6a ./Src/HAL_Adc.o
 *fill*         0x000000000800033a        0x2 
 .text.HAL_ADC_CHN_SET
                0x000000000800033c      0x3c8 ./Src/HAL_Adc.o
 .text.HAL_SHN_ALLGN_SET
                0x0000000008000704       0x44 ./Src/HAL_Adc.o
 .text.HAL_ADC_MULTCHN_SET
                0x0000000008000748      0x4a4 ./Src/HAL_Adc.o
 .text.HAL_SHN_Init
                0x0000000008000bec       0x94 ./Src/HAL_Adc.o
 .text.HAL_MULT_SING_Init
                0x0000000008000c80       0xdc ./Src/HAL_Adc.o
 .text.HAL_ADC_SHN_READ
                0x0000000008000d5c       0x5c ./Src/HAL_Adc.o
 .text.HAL_ADC_MHN_READ
                0x0000000008000db8       0x88 ./Src/HAL_Adc.o
 .text.HAL_ADC_READ
                0x0000000008000e40       0x84 ./Src/HAL_Adc.o
                0x0000000008000e40                HAL_ADC_READ
 .text.__NVIC_EnableIRQ
                0x0000000008000ec4       0x38 ./Src/HAL_Gpio.o
 .text.AFIO_CONFIG
                0x0000000008000efc       0xb8 ./Src/HAL_Gpio.o
 .text.HAL_Init_PIN
                0x0000000008000fb4      0x258 ./Src/HAL_Gpio.o
                0x0000000008000fb4                HAL_Init_PIN
 .text.HAL_Write_PIN
                0x000000000800120c       0x60 ./Src/HAL_Gpio.o
                0x000000000800120c                HAL_Write_PIN
 .text.HAL_Toggle_PIN
                0x000000000800126c       0x34 ./Src/HAL_Gpio.o
                0x000000000800126c                HAL_Toggle_PIN
 .text.EXTI0_IRQHandler
                0x00000000080012a0       0x2c ./Src/HAL_Gpio.o
                0x00000000080012a0                EXTI0_IRQHandler
 .text.HAL_TIMER_init
                0x00000000080012cc       0x68 ./Src/HAL_Timer.o
                0x00000000080012cc                HAL_TIMER_init
 .text.EN_CLOCK
                0x0000000008001334       0x64 ./Src/HAL_Timer.o
 .text.EN_CLOCK_OP
                0x0000000008001398       0xec ./Src/HAL_Timer.o
 .text.HAL_TIMER_TIMEBASE_init
                0x0000000008001484       0xdc ./Src/HAL_Timer.o
 .text.HAL_TIMER_CHN_CONFIG_GPIO
                0x0000000008001560      0x11c ./Src/HAL_Timer.o
 .text.HAL_TIMER_OUTCMP_Init
                0x000000000800167c      0x268 ./Src/HAL_Timer.o
 .text.HAL_TIMER_PWM_init
                0x00000000080018e4      0x23c ./Src/HAL_Timer.o
 .text.HAL_TIMER_IPCAP_init
                0x0000000008001b20      0x1dc ./Src/HAL_Timer.o
 .text.__NVIC_EnableIRQ
                0x0000000008001cfc       0x38 ./Src/HAL_Usart.o
 .text.Baud_Rate_Gen
                0x0000000008001d34       0x24 ./Src/HAL_Usart.o
 .text.PLL_CLK_CALC_S
                0x0000000008001d58      0x130 ./Src/HAL_Usart.o
 .text.PLL_CLK_CALC
                0x0000000008001e88       0x70 ./Src/HAL_Usart.o
                0x0000000008001e88                PLL_CLK_CALC
 .text.CLK_CALC
                0x0000000008001ef8      0x114 ./Src/HAL_Usart.o
                0x0000000008001ef8                CLK_CALC
 .text.HAL_UART_INT_init
                0x000000000800200c       0x48 ./Src/HAL_Usart.o
 .text.HAL_UART_Init
                0x0000000008002054      0x318 ./Src/HAL_Usart.o
                0x0000000008002054                HAL_UART_Init
 .text.HAL_UART_Byte
                0x000000000800236c       0x32 ./Src/HAL_Usart.o
                0x000000000800236c                HAL_UART_Byte
 .text.HAL_UART_Buffer
                0x000000000800239e       0x54 ./Src/HAL_Usart.o
                0x000000000800239e                HAL_UART_Buffer
 *fill*         0x00000000080023f2        0x2 
 .text.USART3_IRQHandler
                0x00000000080023f4       0x30 ./Src/HAL_Usart.o
                0x00000000080023f4                USART3_IRQHandler
 .text.__io_putchar
                0x0000000008002424       0x24 ./Src/main.o
                0x0000000008002424                __io_putchar
 .text.main     0x0000000008002448      0x15c ./Src/main.o
                0x0000000008002448                main
 .text.SYSTICK_INC
                0x00000000080025a4       0x4c ./Src/main.o
                0x00000000080025a4                SYSTICK_INC
 .text.USART_handler
                0x00000000080025f0       0x4c ./Src/main.o
                0x00000000080025f0                USART_handler
 .text.PIN_Pressed
                0x000000000800263c       0x1c ./Src/main.o
                0x000000000800263c                PIN_Pressed
 .text._read    0x0000000008002658       0x3a ./Src/syscalls.o
                0x0000000008002658                _read
 .text._write   0x0000000008002692       0x38 ./Src/syscalls.o
                0x0000000008002692                _write
 .text._close   0x00000000080026ca       0x16 ./Src/syscalls.o
                0x00000000080026ca                _close
 .text._fstat   0x00000000080026e0       0x1e ./Src/syscalls.o
                0x00000000080026e0                _fstat
 .text._isatty  0x00000000080026fe       0x14 ./Src/syscalls.o
                0x00000000080026fe                _isatty
 .text._lseek   0x0000000008002712       0x18 ./Src/syscalls.o
                0x0000000008002712                _lseek
 *fill*         0x000000000800272a        0x2 
 .text._sbrk    0x000000000800272c       0x6c ./Src/sysmem.o
                0x000000000800272c                _sbrk
 .text.Reset_Handler
                0x0000000008002798       0x50 ./Startup/startup_stm32f103c8tx.o
                0x0000000008002798                Reset_Handler
 .text.Default_Handler
                0x00000000080027e8        0x2 ./Startup/startup_stm32f103c8tx.o
                0x00000000080027e8                EXTI2_IRQHandler
                0x00000000080027e8                TIM8_TRG_COM_IRQHandler
                0x00000000080027e8                TIM8_CC_IRQHandler
                0x00000000080027e8                DebugMon_Handler
                0x00000000080027e8                TIM1_CC_IRQHandler
                0x00000000080027e8                HardFault_Handler
                0x00000000080027e8                TIM6_IRQHandler
                0x00000000080027e8                PVD_IRQHandler
                0x00000000080027e8                SDIO_IRQHandler
                0x00000000080027e8                PendSV_Handler
                0x00000000080027e8                NMI_Handler
                0x00000000080027e8                EXTI3_IRQHandler
                0x00000000080027e8                USB_HP_CAN_TX_IRQHandler
                0x00000000080027e8                I2C2_EV_IRQHandler
                0x00000000080027e8                UsageFault_Handler
                0x00000000080027e8                ADC1_2_IRQHandler
                0x00000000080027e8                SPI1_IRQHandler
                0x00000000080027e8                CAN_SCE_IRQHandler
                0x00000000080027e8                TAMPER_IRQHandler
                0x00000000080027e8                TIM8_UP_IRQHandler
                0x00000000080027e8                DMA2_Channel2_IRQHandler
                0x00000000080027e8                DMA1_Channel4_IRQHandler
                0x00000000080027e8                RTC_IRQHandler
                0x00000000080027e8                DMA1_Channel7_IRQHandler
                0x00000000080027e8                UART5_IRQHandler
                0x00000000080027e8                ADC3_IRQHandler
                0x00000000080027e8                TIM4_IRQHandler
                0x00000000080027e8                CAN_RX1_IRQHandler
                0x00000000080027e8                DMA2_Channel1_IRQHandler
                0x00000000080027e8                I2C1_EV_IRQHandler
                0x00000000080027e8                DMA1_Channel6_IRQHandler
                0x00000000080027e8                UART4_IRQHandler
                0x00000000080027e8                TIM3_IRQHandler
                0x00000000080027e8                RCC_IRQHandler
                0x00000000080027e8                TIM1_TRG_COM_IRQHandler
                0x00000000080027e8                DMA1_Channel1_IRQHandler
                0x00000000080027e8                Default_Handler
                0x00000000080027e8                EXTI15_10_IRQHandler
                0x00000000080027e8                TIM7_IRQHandler
                0x00000000080027e8                TIM5_IRQHandler
                0x00000000080027e8                EXTI9_5_IRQHandler
                0x00000000080027e8                SPI2_IRQHandler
                0x00000000080027e8                USB_LP_CAN_RX0_IRQHandler
                0x00000000080027e8                MemManage_Handler
                0x00000000080027e8                SVC_Handler
                0x00000000080027e8                DMA1_Channel5_IRQHandler
                0x00000000080027e8                EXTI4_IRQHandler
                0x00000000080027e8                DMA1_Channel3_IRQHandler
                0x00000000080027e8                FSMC_IRQHandler
                0x00000000080027e8                TIM1_UP_IRQHandler
                0x00000000080027e8                WWDG_IRQHandler
                0x00000000080027e8                TIM2_IRQHandler
                0x00000000080027e8                TIM1_BRK_IRQHandler
                0x00000000080027e8                EXTI1_IRQHandler
                0x00000000080027e8                RTCAlarm_IRQHandler
                0x00000000080027e8                DMA2_Channel4_5_IRQHandler
                0x00000000080027e8                USART2_IRQHandler
                0x00000000080027e8                I2C2_ER_IRQHandler
                0x00000000080027e8                DMA1_Channel2_IRQHandler
                0x00000000080027e8                TIM8_BRK_IRQHandler
                0x00000000080027e8                FLASH_IRQHandler
                0x00000000080027e8                BusFault_Handler
                0x00000000080027e8                USART1_IRQHandler
                0x00000000080027e8                SPI3_IRQHandler
                0x00000000080027e8                I2C1_ER_IRQHandler
                0x00000000080027e8                DMA2_Channel3_IRQHandler
 *fill*         0x00000000080027ea        0x2 
 .text.__errno  0x00000000080027ec        0xc c:/st/stm32cubeide_1.7.0/stm32cubeide/plugins/com.st.stm32cube.ide.mcu.externaltools.gnu-tools-for-stm32.9-2020-q2-update.win32_2.0.0.202105311346/tools/bin/../lib/gcc/arm-none-eabi/9.3.1/../../../../arm-none-eabi/lib/thumb/v7-m/nofp\libc_nano.a(lib_a-errno.o)
                0x00000000080027ec                __errno
 .text.__libc_init_array
                0x00000000080027f8       0x48 c:/st/stm32cubeide_1.7.0/stm32cubeide/plugins/com.st.stm32cube.ide.mcu.externaltools.gnu-tools-for-stm32.9-2020-q2-update.win32_2.0.0.202105311346/tools/bin/../lib/gcc/arm-none-eabi/9.3.1/../../../../arm-none-eabi/lib/thumb/v7-m/nofp\libc_nano.a(lib_a-init.o)
                0x00000000080027f8                __libc_init_array
 .text.memset   0x0000000008002840       0x10 c:/st/stm32cubeide_1.7.0/stm32cubeide/plugins/com.st.stm32cube.ide.mcu.externaltools.gnu-tools-for-stm32.9-2020-q2-update.win32_2.0.0.202105311346/tools/bin/../lib/gcc/arm-none-eabi/9.3.1/../../../../arm-none-eabi/lib/thumb/v7-m/nofp\libc_nano.a(lib_a-memset.o)
                0x0000000008002840                memset
 .text.printf   0x0000000008002850       0x30 c:/st/stm32cubeide_1.7.0/stm32cubeide/plugins/com.st.stm32cube.ide.mcu.externaltools.gnu-tools-for-stm32.9-2020-q2-update.win32_2.0.0.202105311346/tools/bin/../lib/gcc/arm-none-eabi/9.3.1/../../../../arm-none-eabi/lib/thumb/v7-m/nofp\libc_nano.a(lib_a-printf.o)
                0x0000000008002850                iprintf
                0x0000000008002850                printf
 .text.std      0x0000000008002880       0x48 c:/st/stm32cubeide_1.7.0/stm32cubeide/plugins/com.st.stm32cube.ide.mcu.externaltools.gnu-tools-for-stm32.9-2020-q2-update.win32_2.0.0.202105311346/tools/bin/../lib/gcc/arm-none-eabi/9.3.1/../../../../arm-none-eabi/lib/thumb/v7-m/nofp\libc_nano.a(lib_a-findfp.o)
 .text._cleanup_r
                0x00000000080028c8        0xc c:/st/stm32cubeide_1.7.0/stm32cubeide/plugins/com.st.stm32cube.ide.mcu.externaltools.gnu-tools-for-stm32.9-2020-q2-update.win32_2.0.0.202105311346/tools/bin/../lib/gcc/arm-none-eabi/9.3.1/../../../../arm-none-eabi/lib/thumb/v7-m/nofp\libc_nano.a(lib_a-findfp.o)
                0x00000000080028c8                _cleanup_r
 .text.__sfmoreglue
                0x00000000080028d4       0x2c c:/st/stm32cubeide_1.7.0/stm32cubeide/plugins/com.st.stm32cube.ide.mcu.externaltools.gnu-tools-for-stm32.9-2020-q2-update.win32_2.0.0.202105311346/tools/bin/../lib/gcc/arm-none-eabi/9.3.1/../../../../arm-none-eabi/lib/thumb/v7-m/nofp\libc_nano.a(lib_a-findfp.o)
                0x00000000080028d4                __sfmoreglue
 .text.__sfp_lock_acquire
                0x0000000008002900        0xc c:/st/stm32cubeide_1.7.0/stm32cubeide/plugins/com.st.stm32cube.ide.mcu.externaltools.gnu-tools-for-stm32.9-2020-q2-update.win32_2.0.0.202105311346/tools/bin/../lib/gcc/arm-none-eabi/9.3.1/../../../../arm-none-eabi/lib/thumb/v7-m/nofp\libc_nano.a(lib_a-findfp.o)
                0x0000000008002900                __sfp_lock_acquire
 .text.__sfp_lock_release
                0x000000000800290c        0xc c:/st/stm32cubeide_1.7.0/stm32cubeide/plugins/com.st.stm32cube.ide.mcu.externaltools.gnu-tools-for-stm32.9-2020-q2-update.win32_2.0.0.202105311346/tools/bin/../lib/gcc/arm-none-eabi/9.3.1/../../../../arm-none-eabi/lib/thumb/v7-m/nofp\libc_nano.a(lib_a-findfp.o)
                0x000000000800290c                __sfp_lock_release
 .text.__sinit_lock_acquire
                0x0000000008002918        0xc c:/st/stm32cubeide_1.7.0/stm32cubeide/plugins/com.st.stm32cube.ide.mcu.externaltools.gnu-tools-for-stm32.9-2020-q2-update.win32_2.0.0.202105311346/tools/bin/../lib/gcc/arm-none-eabi/9.3.1/../../../../arm-none-eabi/lib/thumb/v7-m/nofp\libc_nano.a(lib_a-findfp.o)
                0x0000000008002918                __sinit_lock_acquire
 .text.__sinit_lock_release
                0x0000000008002924        0xc c:/st/stm32cubeide_1.7.0/stm32cubeide/plugins/com.st.stm32cube.ide.mcu.externaltools.gnu-tools-for-stm32.9-2020-q2-update.win32_2.0.0.202105311346/tools/bin/../lib/gcc/arm-none-eabi/9.3.1/../../../../arm-none-eabi/lib/thumb/v7-m/nofp\libc_nano.a(lib_a-findfp.o)
                0x0000000008002924                __sinit_lock_release
 .text.__sinit  0x0000000008002930       0x70 c:/st/stm32cubeide_1.7.0/stm32cubeide/plugins/com.st.stm32cube.ide.mcu.externaltools.gnu-tools-for-stm32.9-2020-q2-update.win32_2.0.0.202105311346/tools/bin/../lib/gcc/arm-none-eabi/9.3.1/../../../../arm-none-eabi/lib/thumb/v7-m/nofp\libc_nano.a(lib_a-findfp.o)
                0x0000000008002930                __sinit
 .text.__sfp    0x00000000080029a0       0x8c c:/st/stm32cubeide_1.7.0/stm32cubeide/plugins/com.st.stm32cube.ide.mcu.externaltools.gnu-tools-for-stm32.9-2020-q2-update.win32_2.0.0.202105311346/tools/bin/../lib/gcc/arm-none-eabi/9.3.1/../../../../arm-none-eabi/lib/thumb/v7-m/nofp\libc_nano.a(lib_a-findfp.o)
                0x00000000080029a0                __sfp
 .text._fwalk_reent
                0x0000000008002a2c       0x3e c:/st/stm32cubeide_1.7.0/stm32cubeide/plugins/com.st.stm32cube.ide.mcu.externaltools.gnu-tools-for-stm32.9-2020-q2-update.win32_2.0.0.202105311346/tools/bin/../lib/gcc/arm-none-eabi/9.3.1/../../../../arm-none-eabi/lib/thumb/v7-m/nofp\libc_nano.a(lib_a-fwalk.o)
                0x0000000008002a2c                _fwalk_reent
 .text.__retarget_lock_init_recursive
                0x0000000008002a6a        0x2 c:/st/stm32cubeide_1.7.0/stm32cubeide/plugins/com.st.stm32cube.ide.mcu.externaltools.gnu-tools-for-stm32.9-2020-q2-update.win32_2.0.0.202105311346/tools/bin/../lib/gcc/arm-none-eabi/9.3.1/../../../../arm-none-eabi/lib/thumb/v7-m/nofp\libc_nano.a(lib_a-lock.o)
                0x0000000008002a6a                __retarget_lock_init_recursive
 .text.__retarget_lock_acquire_recursive
                0x0000000008002a6c        0x2 c:/st/stm32cubeide_1.7.0/stm32cubeide/plugins/com.st.stm32cube.ide.mcu.externaltools.gnu-tools-for-stm32.9-2020-q2-update.win32_2.0.0.202105311346/tools/bin/../lib/gcc/arm-none-eabi/9.3.1/../../../../arm-none-eabi/lib/thumb/v7-m/nofp\libc_nano.a(lib_a-lock.o)
                0x0000000008002a6c                __retarget_lock_acquire_recursive
 .text.__retarget_lock_release_recursive
                0x0000000008002a6e        0x2 c:/st/stm32cubeide_1.7.0/stm32cubeide/plugins/com.st.stm32cube.ide.mcu.externaltools.gnu-tools-for-stm32.9-2020-q2-update.win32_2.0.0.202105311346/tools/bin/../lib/gcc/arm-none-eabi/9.3.1/../../../../arm-none-eabi/lib/thumb/v7-m/nofp\libc_nano.a(lib_a-lock.o)
                0x0000000008002a6e                __retarget_lock_release_recursive
 .text._malloc_r
                0x0000000008002a70       0xb4 c:/st/stm32cubeide_1.7.0/stm32cubeide/plugins/com.st.stm32cube.ide.mcu.externaltools.gnu-tools-for-stm32.9-2020-q2-update.win32_2.0.0.202105311346/tools/bin/../lib/gcc/arm-none-eabi/9.3.1/../../../../arm-none-eabi/lib/thumb/v7-m/nofp\libc_nano.a(lib_a-nano-mallocr.o)
                0x0000000008002a70                _malloc_r
 .text.__sfputc_r
                0x0000000008002b24       0x2a c:/st/stm32cubeide_1.7.0/stm32cubeide/plugins/com.st.stm32cube.ide.mcu.externaltools.gnu-tools-for-stm32.9-2020-q2-update.win32_2.0.0.202105311346/tools/bin/../lib/gcc/arm-none-eabi/9.3.1/../../../../arm-none-eabi/lib/thumb/v7-m/nofp\libc_nano.a(lib_a-nano-vfprintf.o)
 .text.__sfputs_r
                0x0000000008002b4e       0x24 c:/st/stm32cubeide_1.7.0/stm32cubeide/plugins/com.st.stm32cube.ide.mcu.externaltools.gnu-tools-for-stm32.9-2020-q2-update.win32_2.0.0.202105311346/tools/bin/../lib/gcc/arm-none-eabi/9.3.1/../../../../arm-none-eabi/lib/thumb/v7-m/nofp\libc_nano.a(lib_a-nano-vfprintf.o)
                0x0000000008002b4e                __sfputs_r
 *fill*         0x0000000008002b72        0x2 
 .text._vfprintf_r
                0x0000000008002b74      0x260 c:/st/stm32cubeide_1.7.0/stm32cubeide/plugins/com.st.stm32cube.ide.mcu.externaltools.gnu-tools-for-stm32.9-2020-q2-update.win32_2.0.0.202105311346/tools/bin/../lib/gcc/arm-none-eabi/9.3.1/../../../../arm-none-eabi/lib/thumb/v7-m/nofp\libc_nano.a(lib_a-nano-vfprintf.o)
                0x0000000008002b74                _vfprintf_r
                0x0000000008002b74                _vfiprintf_r
 .text._printf_common
                0x0000000008002dd4       0xde c:/st/stm32cubeide_1.7.0/stm32cubeide/plugins/com.st.stm32cube.ide.mcu.externaltools.gnu-tools-for-stm32.9-2020-q2-update.win32_2.0.0.202105311346/tools/bin/../lib/gcc/arm-none-eabi/9.3.1/../../../../arm-none-eabi/lib/thumb/v7-m/nofp\libc_nano.a(lib_a-nano-vfprintf_i.o)
                0x0000000008002dd4                _printf_common
 *fill*         0x0000000008002eb2        0x2 
 .text._printf_i
                0x0000000008002eb4      0x24c c:/st/stm32cubeide_1.7.0/stm32cubeide/plugins/com.st.stm32cube.ide.mcu.externaltools.gnu-tools-for-stm32.9-2020-q2-update.win32_2.0.0.202105311346/tools/bin/../lib/gcc/arm-none-eabi/9.3.1/../../../../arm-none-eabi/lib/thumb/v7-m/nofp\libc_nano.a(lib_a-nano-vfprintf_i.o)
                0x0000000008002eb4                _printf_i
 .text._sbrk_r  0x0000000008003100       0x20 c:/st/stm32cubeide_1.7.0/stm32cubeide/plugins/com.st.stm32cube.ide.mcu.externaltools.gnu-tools-for-stm32.9-2020-q2-update.win32_2.0.0.202105311346/tools/bin/../lib/gcc/arm-none-eabi/9.3.1/../../../../arm-none-eabi/lib/thumb/v7-m/nofp\libc_nano.a(lib_a-sbrkr.o)
                0x0000000008003100                _sbrk_r
 .text.__sread  0x0000000008003120       0x22 c:/st/stm32cubeide_1.7.0/stm32cubeide/plugins/com.st.stm32cube.ide.mcu.externaltools.gnu-tools-for-stm32.9-2020-q2-update.win32_2.0.0.202105311346/tools/bin/../lib/gcc/arm-none-eabi/9.3.1/../../../../arm-none-eabi/lib/thumb/v7-m/nofp\libc_nano.a(lib_a-stdio.o)
                0x0000000008003120                __sread
 .text.__swrite
                0x0000000008003142       0x38 c:/st/stm32cubeide_1.7.0/stm32cubeide/plugins/com.st.stm32cube.ide.mcu.externaltools.gnu-tools-for-stm32.9-2020-q2-update.win32_2.0.0.202105311346/tools/bin/../lib/gcc/arm-none-eabi/9.3.1/../../../../arm-none-eabi/lib/thumb/v7-m/nofp\libc_nano.a(lib_a-stdio.o)
                0x0000000008003142                __swrite
 .text.__sseek  0x000000000800317a       0x24 c:/st/stm32cubeide_1.7.0/stm32cubeide/plugins/com.st.stm32cube.ide.mcu.externaltools.gnu-tools-for-stm32.9-2020-q2-update.win32_2.0.0.202105311346/tools/bin/../lib/gcc/arm-none-eabi/9.3.1/../../../../arm-none-eabi/lib/thumb/v7-m/nofp\libc_nano.a(lib_a-stdio.o)
                0x000000000800317a                __sseek
 .text.__sclose
                0x000000000800319e        0x8 c:/st/stm32cubeide_1.7.0/stm32cubeide/plugins/com.st.stm32cube.ide.mcu.externaltools.gnu-tools-for-stm32.9-2020-q2-update.win32_2.0.0.202105311346/tools/bin/../lib/gcc/arm-none-eabi/9.3.1/../../../../arm-none-eabi/lib/thumb/v7-m/nofp\libc_nano.a(lib_a-stdio.o)
                0x000000000800319e                __sclose
 *fill*         0x00000000080031a6        0x2 
 .text.__swbuf_r
                0x00000000080031a8       0xa4 c:/st/stm32cubeide_1.7.0/stm32cubeide/plugins/com.st.stm32cube.ide.mcu.externaltools.gnu-tools-for-stm32.9-2020-q2-update.win32_2.0.0.202105311346/tools/bin/../lib/gcc/arm-none-eabi/9.3.1/../../../../arm-none-eabi/lib/thumb/v7-m/nofp\libc_nano.a(lib_a-wbuf.o)
                0x00000000080031a8                __swbuf_r
 .text._write_r
                0x000000000800324c       0x24 c:/st/stm32cubeide_1.7.0/stm32cubeide/plugins/com.st.stm32cube.ide.mcu.externaltools.gnu-tools-for-stm32.9-2020-q2-update.win32_2.0.0.202105311346/tools/bin/../lib/gcc/arm-none-eabi/9.3.1/../../../../arm-none-eabi/lib/thumb/v7-m/nofp\libc_nano.a(lib_a-writer.o)
                0x000000000800324c                _write_r
 .text.__swsetup_r
                0x0000000008003270       0xdc c:/st/stm32cubeide_1.7.0/stm32cubeide/plugins/com.st.stm32cube.ide.mcu.externaltools.gnu-tools-for-stm32.9-2020-q2-update.win32_2.0.0.202105311346/tools/bin/../lib/gcc/arm-none-eabi/9.3.1/../../../../arm-none-eabi/lib/thumb/v7-m/nofp\libc_nano.a(lib_a-wsetup.o)
                0x0000000008003270                __swsetup_r
 .text._close_r
                0x000000000800334c       0x20 c:/st/stm32cubeide_1.7.0/stm32cubeide/plugins/com.st.stm32cube.ide.mcu.externaltools.gnu-tools-for-stm32.9-2020-q2-update.win32_2.0.0.202105311346/tools/bin/../lib/gcc/arm-none-eabi/9.3.1/../../../../arm-none-eabi/lib/thumb/v7-m/nofp\libc_nano.a(lib_a-closer.o)
                0x000000000800334c                _close_r
 .text.__sflush_r
                0x000000000800336c      0x10c c:/st/stm32cubeide_1.7.0/stm32cubeide/plugins/com.st.stm32cube.ide.mcu.externaltools.gnu-tools-for-stm32.9-2020-q2-update.win32_2.0.0.202105311346/tools/bin/../lib/gcc/arm-none-eabi/9.3.1/../../../../arm-none-eabi/lib/thumb/v7-m/nofp\libc_nano.a(lib_a-fflush.o)
                0x000000000800336c                __sflush_r
 .text._fflush_r
                0x0000000008003478       0x78 c:/st/stm32cubeide_1.7.0/stm32cubeide/plugins/com.st.stm32cube.ide.mcu.externaltools.gnu-tools-for-stm32.9-2020-q2-update.win32_2.0.0.202105311346/tools/bin/../lib/gcc/arm-none-eabi/9.3.1/../../../../arm-none-eabi/lib/thumb/v7-m/nofp\libc_nano.a(lib_a-fflush.o)
                0x0000000008003478                _fflush_r
 .text._lseek_r
                0x00000000080034f0       0x24 c:/st/stm32cubeide_1.7.0/stm32cubeide/plugins/com.st.stm32cube.ide.mcu.externaltools.gnu-tools-for-stm32.9-2020-q2-update.win32_2.0.0.202105311346/tools/bin/../lib/gcc/arm-none-eabi/9.3.1/../../../../arm-none-eabi/lib/thumb/v7-m/nofp\libc_nano.a(lib_a-lseekr.o)
                0x00000000080034f0                _lseek_r
 .text.__swhatbuf_r
                0x0000000008003514       0x48 c:/st/stm32cubeide_1.7.0/stm32cubeide/plugins/com.st.stm32cube.ide.mcu.externaltools.gnu-tools-for-stm32.9-2020-q2-update.win32_2.0.0.202105311346/tools/bin/../lib/gcc/arm-none-eabi/9.3.1/../../../../arm-none-eabi/lib/thumb/v7-m/nofp\libc_nano.a(lib_a-makebuf.o)
                0x0000000008003514                __swhatbuf_r
 .text.__smakebuf_r
                0x000000000800355c       0x80 c:/st/stm32cubeide_1.7.0/stm32cubeide/plugins/com.st.stm32cube.ide.mcu.externaltools.gnu-tools-for-stm32.9-2020-q2-update.win32_2.0.0.202105311346/tools/bin/../lib/gcc/arm-none-eabi/9.3.1/../../../../arm-none-eabi/lib/thumb/v7-m/nofp\libc_nano.a(lib_a-makebuf.o)
                0x000000000800355c                __smakebuf_r
 .text.memchr   0x00000000080035dc       0x1c c:/st/stm32cubeide_1.7.0/stm32cubeide/plugins/com.st.stm32cube.ide.mcu.externaltools.gnu-tools-for-stm32.9-2020-q2-update.win32_2.0.0.202105311346/tools/bin/../lib/gcc/arm-none-eabi/9.3.1/../../../../arm-none-eabi/lib/thumb/v7-m/nofp\libc_nano.a(lib_a-memchr-stub.o)
                0x00000000080035dc                memchr
 .text.__malloc_lock
                0x00000000080035f8        0xc c:/st/stm32cubeide_1.7.0/stm32cubeide/plugins/com.st.stm32cube.ide.mcu.externaltools.gnu-tools-for-stm32.9-2020-q2-update.win32_2.0.0.202105311346/tools/bin/../lib/gcc/arm-none-eabi/9.3.1/../../../../arm-none-eabi/lib/thumb/v7-m/nofp\libc_nano.a(lib_a-mlock.o)
                0x00000000080035f8                __malloc_lock
 .text.__malloc_unlock
                0x0000000008003604        0xc c:/st/stm32cubeide_1.7.0/stm32cubeide/plugins/com.st.stm32cube.ide.mcu.externaltools.gnu-tools-for-stm32.9-2020-q2-update.win32_2.0.0.202105311346/tools/bin/../lib/gcc/arm-none-eabi/9.3.1/../../../../arm-none-eabi/lib/thumb/v7-m/nofp\libc_nano.a(lib_a-mlock.o)
                0x0000000008003604                __malloc_unlock
 .text._free_r  0x0000000008003610       0x98 c:/st/stm32cubeide_1.7.0/stm32cubeide/plugins/com.st.stm32cube.ide.mcu.externaltools.gnu-tools-for-stm32.9-2020-q2-update.win32_2.0.0.202105311346/tools/bin/../lib/gcc/arm-none-eabi/9.3.1/../../../../arm-none-eabi/lib/thumb/v7-m/nofp\libc_nano.a(lib_a-nano-freer.o)
                0x0000000008003610                _free_r
 .text._read_r  0x00000000080036a8       0x24 c:/st/stm32cubeide_1.7.0/stm32cubeide/plugins/com.st.stm32cube.ide.mcu.externaltools.gnu-tools-for-stm32.9-2020-q2-update.win32_2.0.0.202105311346/tools/bin/../lib/gcc/arm-none-eabi/9.3.1/../../../../arm-none-eabi/lib/thumb/v7-m/nofp\libc_nano.a(lib_a-readr.o)
                0x00000000080036a8                _read_r
 .text._fstat_r
                0x00000000080036cc       0x24 c:/st/stm32cubeide_1.7.0/stm32cubeide/plugins/com.st.stm32cube.ide.mcu.externaltools.gnu-tools-for-stm32.9-2020-q2-update.win32_2.0.0.202105311346/tools/bin/../lib/gcc/arm-none-eabi/9.3.1/../../../../arm-none-eabi/lib/thumb/v7-m/nofp\libc_nano.a(lib_a-fstatr.o)
                0x00000000080036cc                _fstat_r
 .text._isatty_r
                0x00000000080036f0       0x20 c:/st/stm32cubeide_1.7.0/stm32cubeide/plugins/com.st.stm32cube.ide.mcu.externaltools.gnu-tools-for-stm32.9-2020-q2-update.win32_2.0.0.202105311346/tools/bin/../lib/gcc/arm-none-eabi/9.3.1/../../../../arm-none-eabi/lib/thumb/v7-m/nofp\libc_nano.a(lib_a-isattyr.o)
                0x00000000080036f0                _isatty_r
 *(.glue_7)
 .glue_7        0x0000000008003710        0x0 linker stubs
 *(.glue_7t)
 .glue_7t       0x0000000008003710        0x0 linker stubs
 *(.eh_frame)
 .eh_frame      0x0000000008003710        0x0 c:/st/stm32cubeide_1.7.0/stm32cubeide/plugins/com.st.stm32cube.ide.mcu.externaltools.gnu-tools-for-stm32.9-2020-q2-update.win32_2.0.0.202105311346/tools/bin/../lib/gcc/arm-none-eabi/9.3.1/thumb/v7-m/nofp/crtbegin.o
 *(.init)
 .init          0x0000000008003710        0x4 c:/st/stm32cubeide_1.7.0/stm32cubeide/plugins/com.st.stm32cube.ide.mcu.externaltools.gnu-tools-for-stm32.9-2020-q2-update.win32_2.0.0.202105311346/tools/bin/../lib/gcc/arm-none-eabi/9.3.1/thumb/v7-m/nofp/crti.o
                0x0000000008003710                _init
 .init          0x0000000008003714        0x8 c:/st/stm32cubeide_1.7.0/stm32cubeide/plugins/com.st.stm32cube.ide.mcu.externaltools.gnu-tools-for-stm32.9-2020-q2-update.win32_2.0.0.202105311346/tools/bin/../lib/gcc/arm-none-eabi/9.3.1/thumb/v7-m/nofp/crtn.o
 *(.fini)
 .fini          0x000000000800371c        0x4 c:/st/stm32cubeide_1.7.0/stm32cubeide/plugins/com.st.stm32cube.ide.mcu.externaltools.gnu-tools-for-stm32.9-2020-q2-update.win32_2.0.0.202105311346/tools/bin/../lib/gcc/arm-none-eabi/9.3.1/thumb/v7-m/nofp/crti.o
                0x000000000800371c                _fini
 .fini          0x0000000008003720        0x8 c:/st/stm32cubeide_1.7.0/stm32cubeide/plugins/com.st.stm32cube.ide.mcu.externaltools.gnu-tools-for-stm32.9-2020-q2-update.win32_2.0.0.202105311346/tools/bin/../lib/gcc/arm-none-eabi/9.3.1/thumb/v7-m/nofp/crtn.o
                0x0000000008003728                . = ALIGN (0x4)
                0x0000000008003728                _etext = .

.vfp11_veneer   0x0000000008003728        0x0
 .vfp11_veneer  0x0000000008003728        0x0 linker stubs

.v4_bx          0x0000000008003728        0x0
 .v4_bx         0x0000000008003728        0x0 linker stubs

.iplt           0x0000000008003728        0x0
 .iplt          0x0000000008003728        0x0 c:/st/stm32cubeide_1.7.0/stm32cubeide/plugins/com.st.stm32cube.ide.mcu.externaltools.gnu-tools-for-stm32.9-2020-q2-update.win32_2.0.0.202105311346/tools/bin/../lib/gcc/arm-none-eabi/9.3.1/thumb/v7-m/nofp/crtbegin.o

.rodata         0x0000000008003728       0xd4
                0x0000000008003728                . = ALIGN (0x4)
 *(.rodata)
 .rodata        0x0000000008003728       0x3c ./Src/main.o
 *(.rodata*)
 .rodata._global_impure_ptr
                0x0000000008003764        0x4 c:/st/stm32cubeide_1.7.0/stm32cubeide/plugins/com.st.stm32cube.ide.mcu.externaltools.gnu-tools-for-stm32.9-2020-q2-update.win32_2.0.0.202105311346/tools/bin/../lib/gcc/arm-none-eabi/9.3.1/../../../../arm-none-eabi/lib/thumb/v7-m/nofp\libc_nano.a(lib_a-impure.o)
                0x0000000008003764                _global_impure_ptr
 .rodata.__sf_fake_stderr
                0x0000000008003768       0x20 c:/st/stm32cubeide_1.7.0/stm32cubeide/plugins/com.st.stm32cube.ide.mcu.externaltools.gnu-tools-for-stm32.9-2020-q2-update.win32_2.0.0.202105311346/tools/bin/../lib/gcc/arm-none-eabi/9.3.1/../../../../arm-none-eabi/lib/thumb/v7-m/nofp\libc_nano.a(lib_a-findfp.o)
                0x0000000008003768                __sf_fake_stderr
 .rodata.__sf_fake_stdin
                0x0000000008003788       0x20 c:/st/stm32cubeide_1.7.0/stm32cubeide/plugins/com.st.stm32cube.ide.mcu.externaltools.gnu-tools-for-stm32.9-2020-q2-update.win32_2.0.0.202105311346/tools/bin/../lib/gcc/arm-none-eabi/9.3.1/../../../../arm-none-eabi/lib/thumb/v7-m/nofp\libc_nano.a(lib_a-findfp.o)
                0x0000000008003788                __sf_fake_stdin
 .rodata.__sf_fake_stdout
                0x00000000080037a8       0x20 c:/st/stm32cubeide_1.7.0/stm32cubeide/plugins/com.st.stm32cube.ide.mcu.externaltools.gnu-tools-for-stm32.9-2020-q2-update.win32_2.0.0.202105311346/tools/bin/../lib/gcc/arm-none-eabi/9.3.1/../../../../arm-none-eabi/lib/thumb/v7-m/nofp\libc_nano.a(lib_a-findfp.o)
                0x00000000080037a8                __sf_fake_stdout
 .rodata._vfprintf_r.str1.1
                0x00000000080037c8       0x11 c:/st/stm32cubeide_1.7.0/stm32cubeide/plugins/com.st.stm32cube.ide.mcu.externaltools.gnu-tools-for-stm32.9-2020-q2-update.win32_2.0.0.202105311346/tools/bin/../lib/gcc/arm-none-eabi/9.3.1/../../../../arm-none-eabi/lib/thumb/v7-m/nofp\libc_nano.a(lib_a-nano-vfprintf.o)
 .rodata._printf_i.str1.1
                0x00000000080037d9       0x22 c:/st/stm32cubeide_1.7.0/stm32cubeide/plugins/com.st.stm32cube.ide.mcu.externaltools.gnu-tools-for-stm32.9-2020-q2-update.win32_2.0.0.202105311346/tools/bin/../lib/gcc/arm-none-eabi/9.3.1/../../../../arm-none-eabi/lib/thumb/v7-m/nofp\libc_nano.a(lib_a-nano-vfprintf_i.o)
                0x00000000080037fc                . = ALIGN (0x4)
 *fill*         0x00000000080037fb        0x1 

.rel.dyn        0x00000000080037fc        0x0
 .rel.iplt      0x00000000080037fc        0x0 c:/st/stm32cubeide_1.7.0/stm32cubeide/plugins/com.st.stm32cube.ide.mcu.externaltools.gnu-tools-for-stm32.9-2020-q2-update.win32_2.0.0.202105311346/tools/bin/../lib/gcc/arm-none-eabi/9.3.1/thumb/v7-m/nofp/crtbegin.o

.ARM.extab      0x00000000080037fc        0x0
                0x00000000080037fc                . = ALIGN (0x4)
 *(.ARM.extab* .gnu.linkonce.armextab.*)
                0x00000000080037fc                . = ALIGN (0x4)

.ARM            0x00000000080037fc        0x0
                0x00000000080037fc                . = ALIGN (0x4)
                0x00000000080037fc                __exidx_start = .
 *(.ARM.exidx*)
                0x00000000080037fc                __exidx_end = .
                0x00000000080037fc                . = ALIGN (0x4)

.preinit_array  0x00000000080037fc        0x0
                0x00000000080037fc                . = ALIGN (0x4)
                0x00000000080037fc                PROVIDE (__preinit_array_start = .)
 *(.preinit_array*)
                0x00000000080037fc                PROVIDE (__preinit_array_end = .)
                0x00000000080037fc                . = ALIGN (0x4)

.init_array     0x00000000080037fc        0x4
                0x00000000080037fc                . = ALIGN (0x4)
                0x00000000080037fc                PROVIDE (__init_array_start = .)
 *(SORT_BY_NAME(.init_array.*))
 *(.init_array*)
 .init_array    0x00000000080037fc        0x4 c:/st/stm32cubeide_1.7.0/stm32cubeide/plugins/com.st.stm32cube.ide.mcu.externaltools.gnu-tools-for-stm32.9-2020-q2-update.win32_2.0.0.202105311346/tools/bin/../lib/gcc/arm-none-eabi/9.3.1/thumb/v7-m/nofp/crtbegin.o
                0x0000000008003800                PROVIDE (__init_array_end = .)
                0x0000000008003800                . = ALIGN (0x4)

.fini_array     0x0000000008003800        0x4
                0x0000000008003800                . = ALIGN (0x4)
                [!provide]                        PROVIDE (__fini_array_start = .)
 *(SORT_BY_NAME(.fini_array.*))
 *(.fini_array*)
 .fini_array    0x0000000008003800        0x4 c:/st/stm32cubeide_1.7.0/stm32cubeide/plugins/com.st.stm32cube.ide.mcu.externaltools.gnu-tools-for-stm32.9-2020-q2-update.win32_2.0.0.202105311346/tools/bin/../lib/gcc/arm-none-eabi/9.3.1/thumb/v7-m/nofp/crtbegin.o
                [!provide]                        PROVIDE (__fini_array_end = .)
                0x0000000008003804                . = ALIGN (0x4)
                0x0000000008003804                _sidata = LOADADDR (.data)

.data           0x0000000020000000       0x9c load address 0x0000000008003804
                0x0000000020000000                . = ALIGN (0x4)
                0x0000000020000000                _sdata = .
 *(.data)
 *(.data*)
 .data.GPIO_OUT
                0x0000000020000000       0x1c ./Src/main.o
                0x0000000020000000                GPIO_OUT
 .data.GPIO_OUT2
                0x000000002000001c       0x1c ./Src/main.o
                0x000000002000001c                GPIO_OUT2
 .data._impure_ptr
                0x0000000020000038        0x4 c:/st/stm32cubeide_1.7.0/stm32cubeide/plugins/com.st.stm32cube.ide.mcu.externaltools.gnu-tools-for-stm32.9-2020-q2-update.win32_2.0.0.202105311346/tools/bin/../lib/gcc/arm-none-eabi/9.3.1/../../../../arm-none-eabi/lib/thumb/v7-m/nofp\libc_nano.a(lib_a-impure.o)
                0x0000000020000038                _impure_ptr
 .data.impure_data
                0x000000002000003c       0x60 c:/st/stm32cubeide_1.7.0/stm32cubeide/plugins/com.st.stm32cube.ide.mcu.externaltools.gnu-tools-for-stm32.9-2020-q2-update.win32_2.0.0.202105311346/tools/bin/../lib/gcc/arm-none-eabi/9.3.1/../../../../arm-none-eabi/lib/thumb/v7-m/nofp\libc_nano.a(lib_a-impure.o)
 *(.RamFunc)
 *(.RamFunc*)
                0x000000002000009c                . = ALIGN (0x4)
                0x000000002000009c                _edata = .

.igot.plt       0x000000002000009c        0x0 load address 0x00000000080038a0
 .igot.plt      0x000000002000009c        0x0 c:/st/stm32cubeide_1.7.0/stm32cubeide/plugins/com.st.stm32cube.ide.mcu.externaltools.gnu-tools-for-stm32.9-2020-q2-update.win32_2.0.0.202105311346/tools/bin/../lib/gcc/arm-none-eabi/9.3.1/thumb/v7-m/nofp/crtbegin.o
                0x000000002000009c                . = ALIGN (0x4)

.bss            0x000000002000009c       0x68 load address 0x00000000080038a0
                0x000000002000009c                _sbss = .
                0x000000002000009c                __bss_start__ = _sbss
 *(.bss)
 .bss           0x000000002000009c       0x1c c:/st/stm32cubeide_1.7.0/stm32cubeide/plugins/com.st.stm32cube.ide.mcu.externaltools.gnu-tools-for-stm32.9-2020-q2-update.win32_2.0.0.202105311346/tools/bin/../lib/gcc/arm-none-eabi/9.3.1/thumb/v7-m/nofp/crtbegin.o
 *(.bss*)
 .bss.SYS_CALLBACK_
                0x00000000200000b8        0x4 ./Src/CortexM3_Core_Systick.o
                0x00000000200000b8                SYS_CALLBACK_
 .bss.EXTI_CLL0
                0x00000000200000bc        0x4 ./Src/HAL_Gpio.o
                0x00000000200000bc                EXTI_CLL0
 .bss.Handle    0x00000000200000c0        0x4 ./Src/HAL_Usart.o
                0x00000000200000c0                Handle
 .bss.RX_Callback_USART_3
                0x00000000200000c4        0x4 ./Src/HAL_Usart.o
                0x00000000200000c4                RX_Callback_USART_3
 .bss.Delay_Ms  0x00000000200000c8        0x4 ./Src/main.o
                0x00000000200000c8                Delay_Ms
 .bss.Delay_LED
                0x00000000200000cc        0x4 ./Src/main.o
                0x00000000200000cc                Delay_LED
 .bss.Delay_LED_O
                0x00000000200000d0        0x4 ./Src/main.o
                0x00000000200000d0                Delay_LED_O
 .bss.Key_Pressed
                0x00000000200000d4        0x1 ./Src/main.o
                0x00000000200000d4                Key_Pressed
 *fill*         0x00000000200000d5        0x3 
 .bss.__sbrk_heap_end
                0x00000000200000d8        0x4 ./Src/sysmem.o
 .bss.__malloc_free_list
                0x00000000200000dc        0x4 c:/st/stm32cubeide_1.7.0/stm32cubeide/plugins/com.st.stm32cube.ide.mcu.externaltools.gnu-tools-for-stm32.9-2020-q2-update.win32_2.0.0.202105311346/tools/bin/../lib/gcc/arm-none-eabi/9.3.1/../../../../arm-none-eabi/lib/thumb/v7-m/nofp\libc_nano.a(lib_a-nano-mallocr.o)
                0x00000000200000dc                __malloc_free_list
 .bss.__malloc_sbrk_start
                0x00000000200000e0        0x4 c:/st/stm32cubeide_1.7.0/stm32cubeide/plugins/com.st.stm32cube.ide.mcu.externaltools.gnu-tools-for-stm32.9-2020-q2-update.win32_2.0.0.202105311346/tools/bin/../lib/gcc/arm-none-eabi/9.3.1/../../../../arm-none-eabi/lib/thumb/v7-m/nofp\libc_nano.a(lib_a-nano-mallocr.o)
                0x00000000200000e0                __malloc_sbrk_start
 *(COMMON)
 COMMON         0x00000000200000e4        0x4 ./Src/CortexM3_Core_Systick.o
                0x00000000200000e4                SYS_CLK
 COMMON         0x00000000200000e8        0xc ./Src/main.o
                0x00000000200000e8                Timer_Val
                0x00000000200000ea                Counter
                0x00000000200000ec                Duty_Cycle
                0x00000000200000f0                ADC_Val
 COMMON         0x00000000200000f4        0x9 c:/st/stm32cubeide_1.7.0/stm32cubeide/plugins/com.st.stm32cube.ide.mcu.externaltools.gnu-tools-for-stm32.9-2020-q2-update.win32_2.0.0.202105311346/tools/bin/../lib/gcc/arm-none-eabi/9.3.1/../../../../arm-none-eabi/lib/thumb/v7-m/nofp\libc_nano.a(lib_a-lock.o)
                0x00000000200000f4                __lock___atexit_recursive_mutex
                0x00000000200000f5                __lock___arc4random_mutex
                0x00000000200000f6                __lock___env_recursive_mutex
                0x00000000200000f7                __lock___sinit_recursive_mutex
                0x00000000200000f8                __lock___malloc_recursive_mutex
                0x00000000200000f9                __lock___at_quick_exit_mutex
                0x00000000200000fa                __lock___dd_hash_mutex
                0x00000000200000fb                __lock___tz_mutex
                0x00000000200000fc                __lock___sfp_recursive_mutex
 *fill*         0x00000000200000fd        0x3 
 COMMON         0x0000000020000100        0x4 c:/st/stm32cubeide_1.7.0/stm32cubeide/plugins/com.st.stm32cube.ide.mcu.externaltools.gnu-tools-for-stm32.9-2020-q2-update.win32_2.0.0.202105311346/tools/bin/../lib/gcc/arm-none-eabi/9.3.1/../../../../arm-none-eabi/lib/thumb/v7-m/nofp\libc_nano.a(lib_a-reent.o)
                0x0000000020000100                errno
                0x0000000020000104                . = ALIGN (0x4)
                0x0000000020000104                _ebss = .
                0x0000000020000104                __bss_end__ = _ebss

._user_heap_stack
                0x0000000020000104      0x604 load address 0x00000000080038a0
                0x0000000020000108                . = ALIGN (0x8)
 *fill*         0x0000000020000104        0x4 
                [!provide]                        PROVIDE (end = .)
                0x0000000020000108                PROVIDE (_end = .)
                0x0000000020000308                . = (. + _Min_Heap_Size)
 *fill*         0x0000000020000108      0x200 
                0x0000000020000708                . = (. + _Min_Stack_Size)
 *fill*         0x0000000020000308      0x400 
                0x0000000020000708                . = ALIGN (0x8)

/DISCARD/
 libc.a(*)
 libm.a(*)
 libgcc.a(*)

.ARM.attributes
                0x0000000000000000       0x29
 *(.ARM.attributes)
 .ARM.attributes
                0x0000000000000000       0x1d c:/st/stm32cubeide_1.7.0/stm32cubeide/plugins/com.st.stm32cube.ide.mcu.externaltools.gnu-tools-for-stm32.9-2020-q2-update.win32_2.0.0.202105311346/tools/bin/../lib/gcc/arm-none-eabi/9.3.1/thumb/v7-m/nofp/crti.o
 .ARM.attributes
                0x000000000000001d       0x2d c:/st/stm32cubeide_1.7.0/stm32cubeide/plugins/com.st.stm32cube.ide.mcu.externaltools.gnu-tools-for-stm32.9-2020-q2-update.win32_2.0.0.202105311346/tools/bin/../lib/gcc/arm-none-eabi/9.3.1/thumb/v7-m/nofp/crtbegin.o
 .ARM.attributes
                0x000000000000004a       0x2d ./Src/CortexM3_Core_Systick.o
 .ARM.attributes
                0x0000000000000077       0x2d ./Src/HAL_Adc.o
 .ARM.attributes
                0x00000000000000a4       0x2d ./Src/HAL_Gpio.o
 .ARM.attributes
                0x00000000000000d1       0x2d ./Src/HAL_Timer.o
 .ARM.attributes
                0x00000000000000fe       0x2d ./Src/HAL_Usart.o
 .ARM.attributes
                0x000000000000012b       0x2d ./Src/main.o
 .ARM.attributes
                0x0000000000000158       0x2d ./Src/syscalls.o
 .ARM.attributes
                0x0000000000000185       0x2d ./Src/sysmem.o
 .ARM.attributes
                0x00000000000001b2       0x21 ./Startup/startup_stm32f103c8tx.o
 .ARM.attributes
                0x00000000000001d3       0x2d c:/st/stm32cubeide_1.7.0/stm32cubeide/plugins/com.st.stm32cube.ide.mcu.externaltools.gnu-tools-for-stm32.9-2020-q2-update.win32_2.0.0.202105311346/tools/bin/../lib/gcc/arm-none-eabi/9.3.1/../../../../arm-none-eabi/lib/thumb/v7-m/nofp\libc_nano.a(lib_a-errno.o)
 .ARM.attributes
                0x0000000000000200       0x2d c:/st/stm32cubeide_1.7.0/stm32cubeide/plugins/com.st.stm32cube.ide.mcu.externaltools.gnu-tools-for-stm32.9-2020-q2-update.win32_2.0.0.202105311346/tools/bin/../lib/gcc/arm-none-eabi/9.3.1/../../../../arm-none-eabi/lib/thumb/v7-m/nofp\libc_nano.a(lib_a-impure.o)
 .ARM.attributes
                0x000000000000022d       0x2d c:/st/stm32cubeide_1.7.0/stm32cubeide/plugins/com.st.stm32cube.ide.mcu.externaltools.gnu-tools-for-stm32.9-2020-q2-update.win32_2.0.0.202105311346/tools/bin/../lib/gcc/arm-none-eabi/9.3.1/../../../../arm-none-eabi/lib/thumb/v7-m/nofp\libc_nano.a(lib_a-init.o)
 .ARM.attributes
                0x000000000000025a       0x2d c:/st/stm32cubeide_1.7.0/stm32cubeide/plugins/com.st.stm32cube.ide.mcu.externaltools.gnu-tools-for-stm32.9-2020-q2-update.win32_2.0.0.202105311346/tools/bin/../lib/gcc/arm-none-eabi/9.3.1/../../../../arm-none-eabi/lib/thumb/v7-m/nofp\libc_nano.a(lib_a-memset.o)
 .ARM.attributes
                0x0000000000000287       0x2d c:/st/stm32cubeide_1.7.0/stm32cubeide/plugins/com.st.stm32cube.ide.mcu.externaltools.gnu-tools-for-stm32.9-2020-q2-update.win32_2.0.0.202105311346/tools/bin/../lib/gcc/arm-none-eabi/9.3.1/../../../../arm-none-eabi/lib/thumb/v7-m/nofp\libc_nano.a(lib_a-printf.o)
 .ARM.attributes
                0x00000000000002b4       0x2d c:/st/stm32cubeide_1.7.0/stm32cubeide/plugins/com.st.stm32cube.ide.mcu.externaltools.gnu-tools-for-stm32.9-2020-q2-update.win32_2.0.0.202105311346/tools/bin/../lib/gcc/arm-none-eabi/9.3.1/../../../../arm-none-eabi/lib/thumb/v7-m/nofp\libc_nano.a(lib_a-findfp.o)
 .ARM.attributes
                0x00000000000002e1       0x2d c:/st/stm32cubeide_1.7.0/stm32cubeide/plugins/com.st.stm32cube.ide.mcu.externaltools.gnu-tools-for-stm32.9-2020-q2-update.win32_2.0.0.202105311346/tools/bin/../lib/gcc/arm-none-eabi/9.3.1/../../../../arm-none-eabi/lib/thumb/v7-m/nofp\libc_nano.a(lib_a-fwalk.o)
 .ARM.attributes
                0x000000000000030e       0x2d c:/st/stm32cubeide_1.7.0/stm32cubeide/plugins/com.st.stm32cube.ide.mcu.externaltools.gnu-tools-for-stm32.9-2020-q2-update.win32_2.0.0.202105311346/tools/bin/../lib/gcc/arm-none-eabi/9.3.1/../../../../arm-none-eabi/lib/thumb/v7-m/nofp\libc_nano.a(lib_a-lock.o)
 .ARM.attributes
                0x000000000000033b       0x2d c:/st/stm32cubeide_1.7.0/stm32cubeide/plugins/com.st.stm32cube.ide.mcu.externaltools.gnu-tools-for-stm32.9-2020-q2-update.win32_2.0.0.202105311346/tools/bin/../lib/gcc/arm-none-eabi/9.3.1/../../../../arm-none-eabi/lib/thumb/v7-m/nofp\libc_nano.a(lib_a-nano-mallocr.o)
 .ARM.attributes
                0x0000000000000368       0x2d c:/st/stm32cubeide_1.7.0/stm32cubeide/plugins/com.st.stm32cube.ide.mcu.externaltools.gnu-tools-for-stm32.9-2020-q2-update.win32_2.0.0.202105311346/tools/bin/../lib/gcc/arm-none-eabi/9.3.1/../../../../arm-none-eabi/lib/thumb/v7-m/nofp\libc_nano.a(lib_a-nano-vfprintf.o)
 .ARM.attributes
                0x0000000000000395       0x2d c:/st/stm32cubeide_1.7.0/stm32cubeide/plugins/com.st.stm32cube.ide.mcu.externaltools.gnu-tools-for-stm32.9-2020-q2-update.win32_2.0.0.202105311346/tools/bin/../lib/gcc/arm-none-eabi/9.3.1/../../../../arm-none-eabi/lib/thumb/v7-m/nofp\libc_nano.a(lib_a-nano-vfprintf_i.o)
 .ARM.attributes
                0x00000000000003c2       0x2d c:/st/stm32cubeide_1.7.0/stm32cubeide/plugins/com.st.stm32cube.ide.mcu.externaltools.gnu-tools-for-stm32.9-2020-q2-update.win32_2.0.0.202105311346/tools/bin/../lib/gcc/arm-none-eabi/9.3.1/../../../../arm-none-eabi/lib/thumb/v7-m/nofp\libc_nano.a(lib_a-sbrkr.o)
 .ARM.attributes
                0x00000000000003ef       0x2d c:/st/stm32cubeide_1.7.0/stm32cubeide/plugins/com.st.stm32cube.ide.mcu.externaltools.gnu-tools-for-stm32.9-2020-q2-update.win32_2.0.0.202105311346/tools/bin/../lib/gcc/arm-none-eabi/9.3.1/../../../../arm-none-eabi/lib/thumb/v7-m/nofp\libc_nano.a(lib_a-stdio.o)
 .ARM.attributes
                0x000000000000041c       0x2d c:/st/stm32cubeide_1.7.0/stm32cubeide/plugins/com.st.stm32cube.ide.mcu.externaltools.gnu-tools-for-stm32.9-2020-q2-update.win32_2.0.0.202105311346/tools/bin/../lib/gcc/arm-none-eabi/9.3.1/../../../../arm-none-eabi/lib/thumb/v7-m/nofp\libc_nano.a(lib_a-wbuf.o)
 .ARM.attributes
                0x0000000000000449       0x2d c:/st/stm32cubeide_1.7.0/stm32cubeide/plugins/com.st.stm32cube.ide.mcu.externaltools.gnu-tools-for-stm32.9-2020-q2-update.win32_2.0.0.202105311346/tools/bin/../lib/gcc/arm-none-eabi/9.3.1/../../../../arm-none-eabi/lib/thumb/v7-m/nofp\libc_nano.a(lib_a-writer.o)
 .ARM.attributes
                0x0000000000000476       0x2d c:/st/stm32cubeide_1.7.0/stm32cubeide/plugins/com.st.stm32cube.ide.mcu.externaltools.gnu-tools-for-stm32.9-2020-q2-update.win32_2.0.0.202105311346/tools/bin/../lib/gcc/arm-none-eabi/9.3.1/../../../../arm-none-eabi/lib/thumb/v7-m/nofp\libc_nano.a(lib_a-wsetup.o)
 .ARM.attributes
                0x00000000000004a3       0x2d c:/st/stm32cubeide_1.7.0/stm32cubeide/plugins/com.st.stm32cube.ide.mcu.externaltools.gnu-tools-for-stm32.9-2020-q2-update.win32_2.0.0.202105311346/tools/bin/../lib/gcc/arm-none-eabi/9.3.1/../../../../arm-none-eabi/lib/thumb/v7-m/nofp\libc_nano.a(lib_a-closer.o)
 .ARM.attributes
                0x00000000000004d0       0x2d c:/st/stm32cubeide_1.7.0/stm32cubeide/plugins/com.st.stm32cube.ide.mcu.externaltools.gnu-tools-for-stm32.9-2020-q2-update.win32_2.0.0.202105311346/tools/bin/../lib/gcc/arm-none-eabi/9.3.1/../../../../arm-none-eabi/lib/thumb/v7-m/nofp\libc_nano.a(lib_a-fflush.o)
 .ARM.attributes
                0x00000000000004fd       0x2d c:/st/stm32cubeide_1.7.0/stm32cubeide/plugins/com.st.stm32cube.ide.mcu.externaltools.gnu-tools-for-stm32.9-2020-q2-update.win32_2.0.0.202105311346/tools/bin/../lib/gcc/arm-none-eabi/9.3.1/../../../../arm-none-eabi/lib/thumb/v7-m/nofp\libc_nano.a(lib_a-lseekr.o)
 .ARM.attributes
                0x000000000000052a       0x2d c:/st/stm32cubeide_1.7.0/stm32cubeide/plugins/com.st.stm32cube.ide.mcu.externaltools.gnu-tools-for-stm32.9-2020-q2-update.win32_2.0.0.202105311346/tools/bin/../lib/gcc/arm-none-eabi/9.3.1/../../../../arm-none-eabi/lib/thumb/v7-m/nofp\libc_nano.a(lib_a-makebuf.o)
 .ARM.attributes
                0x0000000000000557       0x2d c:/st/stm32cubeide_1.7.0/stm32cubeide/plugins/com.st.stm32cube.ide.mcu.externaltools.gnu-tools-for-stm32.9-2020-q2-update.win32_2.0.0.202105311346/tools/bin/../lib/gcc/arm-none-eabi/9.3.1/../../../../arm-none-eabi/lib/thumb/v7-m/nofp\libc_nano.a(lib_a-memchr-stub.o)
 .ARM.attributes
                0x0000000000000584       0x2d c:/st/stm32cubeide_1.7.0/stm32cubeide/plugins/com.st.stm32cube.ide.mcu.externaltools.gnu-tools-for-stm32.9-2020-q2-update.win32_2.0.0.202105311346/tools/bin/../lib/gcc/arm-none-eabi/9.3.1/../../../../arm-none-eabi/lib/thumb/v7-m/nofp\libc_nano.a(lib_a-mlock.o)
 .ARM.attributes
                0x00000000000005b1       0x2d c:/st/stm32cubeide_1.7.0/stm32cubeide/plugins/com.st.stm32cube.ide.mcu.externaltools.gnu-tools-for-stm32.9-2020-q2-update.win32_2.0.0.202105311346/tools/bin/../lib/gcc/arm-none-eabi/9.3.1/../../../../arm-none-eabi/lib/thumb/v7-m/nofp\libc_nano.a(lib_a-nano-freer.o)
 .ARM.attributes
                0x00000000000005de       0x2d c:/st/stm32cubeide_1.7.0/stm32cubeide/plugins/com.st.stm32cube.ide.mcu.externaltools.gnu-tools-for-stm32.9-2020-q2-update.win32_2.0.0.202105311346/tools/bin/../lib/gcc/arm-none-eabi/9.3.1/../../../../arm-none-eabi/lib/thumb/v7-m/nofp\libc_nano.a(lib_a-readr.o)
 .ARM.attributes
                0x000000000000060b       0x2d c:/st/stm32cubeide_1.7.0/stm32cubeide/plugins/com.st.stm32cube.ide.mcu.externaltools.gnu-tools-for-stm32.9-2020-q2-update.win32_2.0.0.202105311346/tools/bin/../lib/gcc/arm-none-eabi/9.3.1/../../../../arm-none-eabi/lib/thumb/v7-m/nofp\libc_nano.a(lib_a-reent.o)
 .ARM.attributes
                0x0000000000000638       0x2d c:/st/stm32cubeide_1.7.0/stm32cubeide/plugins/com.st.stm32cube.ide.mcu.externaltools.gnu-tools-for-stm32.9-2020-q2-update.win32_2.0.0.202105311346/tools/bin/../lib/gcc/arm-none-eabi/9.3.1/../../../../arm-none-eabi/lib/thumb/v7-m/nofp\libc_nano.a(lib_a-fstatr.o)
 .ARM.attributes
                0x0000000000000665       0x2d c:/st/stm32cubeide_1.7.0/stm32cubeide/plugins/com.st.stm32cube.ide.mcu.externaltools.gnu-tools-for-stm32.9-2020-q2-update.win32_2.0.0.202105311346/tools/bin/../lib/gcc/arm-none-eabi/9.3.1/../../../../arm-none-eabi/lib/thumb/v7-m/nofp\libc_nano.a(lib_a-isattyr.o)
 .ARM.attributes
                0x0000000000000692       0x1d c:/st/stm32cubeide_1.7.0/stm32cubeide/plugins/com.st.stm32cube.ide.mcu.externaltools.gnu-tools-for-stm32.9-2020-q2-update.win32_2.0.0.202105311346/tools/bin/../lib/gcc/arm-none-eabi/9.3.1/thumb/v7-m/nofp/crtn.o
OUTPUT(1_gpio_output.elf elf32-littlearm)
LOAD linker stubs
LOAD c:/st/stm32cubeide_1.7.0/stm32cubeide/plugins/com.st.stm32cube.ide.mcu.externaltools.gnu-tools-for-stm32.9-2020-q2-update.win32_2.0.0.202105311346/tools/bin/../lib/gcc/arm-none-eabi/9.3.1/../../../../arm-none-eabi/lib/thumb/v7-m/nofp\libc.a
LOAD c:/st/stm32cubeide_1.7.0/stm32cubeide/plugins/com.st.stm32cube.ide.mcu.externaltools.gnu-tools-for-stm32.9-2020-q2-update.win32_2.0.0.202105311346/tools/bin/../lib/gcc/arm-none-eabi/9.3.1/../../../../arm-none-eabi/lib/thumb/v7-m/nofp\libm.a
LOAD c:/st/stm32cubeide_1.7.0/stm32cubeide/plugins/com.st.stm32cube.ide.mcu.externaltools.gnu-tools-for-stm32.9-2020-q2-update.win32_2.0.0.202105311346/tools/bin/../lib/gcc/arm-none-eabi/9.3.1/thumb/v7-m/nofp\libgcc.a

.debug_info     0x0000000000000000     0x51ac
 .debug_info    0x0000000000000000      0x2a2 ./Src/CortexM3_Core_Systick.o
 .debug_info    0x00000000000002a2      0x827 ./Src/HAL_Adc.o
 .debug_info    0x0000000000000ac9      0x8b5 ./Src/HAL_Gpio.o
 .debug_info    0x000000000000137e      0x8df ./Src/HAL_Timer.o
 .debug_info    0x0000000000001c5d      0x9d3 ./Src/HAL_Usart.o
 .debug_info    0x0000000000002630     0x118d ./Src/main.o
 .debug_info    0x00000000000037bd      0xfa8 ./Src/syscalls.o
 .debug_info    0x0000000000004765      0xa25 ./Src/sysmem.o
 .debug_info    0x000000000000518a       0x22 ./Startup/startup_stm32f103c8tx.o

.debug_abbrev   0x0000000000000000     0x12ba
 .debug_abbrev  0x0000000000000000      0x186 ./Src/CortexM3_Core_Systick.o
 .debug_abbrev  0x0000000000000186      0x25d ./Src/HAL_Adc.o
 .debug_abbrev  0x00000000000003e3      0x2a1 ./Src/HAL_Gpio.o
 .debug_abbrev  0x0000000000000684      0x252 ./Src/HAL_Timer.o
 .debug_abbrev  0x00000000000008d6      0x32d ./Src/HAL_Usart.o
 .debug_abbrev  0x0000000000000c03      0x260 ./Src/main.o
 .debug_abbrev  0x0000000000000e63      0x286 ./Src/syscalls.o
 .debug_abbrev  0x00000000000010e9      0x1bf ./Src/sysmem.o
 .debug_abbrev  0x00000000000012a8       0x12 ./Startup/startup_stm32f103c8tx.o

.debug_aranges  0x0000000000000000      0x338
 .debug_aranges
                0x0000000000000000       0x30 ./Src/CortexM3_Core_Systick.o
 .debug_aranges
                0x0000000000000030       0x78 ./Src/HAL_Adc.o
 .debug_aranges
                0x00000000000000a8       0x58 ./Src/HAL_Gpio.o
 .debug_aranges
                0x0000000000000100       0x90 ./Src/HAL_Timer.o
 .debug_aranges
                0x0000000000000190       0x78 ./Src/HAL_Usart.o
 .debug_aranges
                0x0000000000000208       0x40 ./Src/main.o
 .debug_aranges
                0x0000000000000248       0xa8 ./Src/syscalls.o
 .debug_aranges
                0x00000000000002f0       0x20 ./Src/sysmem.o
 .debug_aranges
                0x0000000000000310       0x28 ./Startup/startup_stm32f103c8tx.o

.debug_ranges   0x0000000000000000      0x2b0
 .debug_ranges  0x0000000000000000       0x20 ./Src/CortexM3_Core_Systick.o
 .debug_ranges  0x0000000000000020       0x68 ./Src/HAL_Adc.o
 .debug_ranges  0x0000000000000088       0x48 ./Src/HAL_Gpio.o
 .debug_ranges  0x00000000000000d0       0x80 ./Src/HAL_Timer.o
 .debug_ranges  0x0000000000000150       0x68 ./Src/HAL_Usart.o
 .debug_ranges  0x00000000000001b8       0x30 ./Src/main.o
 .debug_ranges  0x00000000000001e8       0x98 ./Src/syscalls.o
 .debug_ranges  0x0000000000000280       0x10 ./Src/sysmem.o
 .debug_ranges  0x0000000000000290       0x20 ./Startup/startup_stm32f103c8tx.o

.debug_macro    0x0000000000000000    0x13169
 .debug_macro   0x0000000000000000       0xcb ./Src/CortexM3_Core_Systick.o
 .debug_macro   0x00000000000000cb      0xaa2 ./Src/CortexM3_Core_Systick.o
 .debug_macro   0x0000000000000b6d       0x22 ./Src/CortexM3_Core_Systick.o
 .debug_macro   0x0000000000000b8f       0x8e ./Src/CortexM3_Core_Systick.o
 .debug_macro   0x0000000000000c1d       0x51 ./Src/CortexM3_Core_Systick.o
 .debug_macro   0x0000000000000c6e      0x103 ./Src/CortexM3_Core_Systick.o
 .debug_macro   0x0000000000000d71       0x6a ./Src/CortexM3_Core_Systick.o
 .debug_macro   0x0000000000000ddb      0x1df ./Src/CortexM3_Core_Systick.o
 .debug_macro   0x0000000000000fba       0x22 ./Src/CortexM3_Core_Systick.o
 .debug_macro   0x0000000000000fdc       0x1c ./Src/CortexM3_Core_Systick.o
 .debug_macro   0x0000000000000ff8       0x22 ./Src/CortexM3_Core_Systick.o
 .debug_macro   0x000000000000101a       0xc3 ./Src/CortexM3_Core_Systick.o
 .debug_macro   0x00000000000010dd      0xd23 ./Src/CortexM3_Core_Systick.o
 .debug_macro   0x0000000000001e00     0xe09e ./Src/CortexM3_Core_Systick.o
 .debug_macro   0x000000000000fe9e      0x1c0 ./Src/CortexM3_Core_Systick.o
 .debug_macro   0x000000000001005e       0x88 ./Src/CortexM3_Core_Systick.o
 .debug_macro   0x00000000000100e6       0xd4 ./Src/HAL_Adc.o
 .debug_macro   0x00000000000101ba      0x29c ./Src/HAL_Adc.o
 .debug_macro   0x0000000000010456      0x2d2 ./Src/HAL_Adc.o
 .debug_macro   0x0000000000010728       0xcb ./Src/HAL_Gpio.o
 .debug_macro   0x00000000000107f3      0x296 ./Src/HAL_Gpio.o
 .debug_macro   0x0000000000010a89       0xd4 ./Src/HAL_Timer.o
 .debug_macro   0x0000000000010b5d      0x16c ./Src/HAL_Timer.o
 .debug_macro   0x0000000000010cc9       0xd4 ./Src/HAL_Usart.o
 .debug_macro   0x0000000000010d9d      0x136 ./Src/HAL_Usart.o
 .debug_macro   0x0000000000010ed3      0x267 ./Src/main.o
 .debug_macro   0x000000000001113a       0x52 ./Src/main.o
 .debug_macro   0x000000000001118c       0x18 ./Src/main.o
 .debug_macro   0x00000000000111a4       0x3c ./Src/main.o
 .debug_macro   0x00000000000111e0       0x34 ./Src/main.o
 .debug_macro   0x0000000000011214       0x16 ./Src/main.o
 .debug_macro   0x000000000001122a       0x97 ./Src/main.o
 .debug_macro   0x00000000000112c1      0x339 ./Src/main.o
 .debug_macro   0x00000000000115fa       0xfd ./Src/main.o
 .debug_macro   0x00000000000116f7       0x10 ./Src/main.o
 .debug_macro   0x0000000000011707       0x16 ./Src/main.o
 .debug_macro   0x000000000001171d       0x43 ./Src/main.o
 .debug_macro   0x0000000000011760       0x34 ./Src/main.o
 .debug_macro   0x0000000000011794       0x10 ./Src/main.o
 .debug_macro   0x00000000000117a4       0x58 ./Src/main.o
 .debug_macro   0x00000000000117fc       0x71 ./Src/main.o
 .debug_macro   0x000000000001186d       0x1c ./Src/main.o
 .debug_macro   0x0000000000011889      0x12a ./Src/main.o
 .debug_macro   0x00000000000119b3       0x10 ./Src/main.o
 .debug_macro   0x00000000000119c3       0x1c ./Src/main.o
 .debug_macro   0x00000000000119df       0x52 ./Src/main.o
 .debug_macro   0x0000000000011a31       0x22 ./Src/main.o
 .debug_macro   0x0000000000011a53       0x10 ./Src/main.o
 .debug_macro   0x0000000000011a63       0x40 ./Src/main.o
 .debug_macro   0x0000000000011aa3       0xd5 ./Src/main.o
 .debug_macro   0x0000000000011b78       0x1c ./Src/main.o
 .debug_macro   0x0000000000011b94       0x3d ./Src/main.o
 .debug_macro   0x0000000000011bd1       0x16 ./Src/main.o
 .debug_macro   0x0000000000011be7      0x145 ./Src/main.o
 .debug_macro   0x0000000000011d2c       0xbd ./Src/main.o
 .debug_macro   0x0000000000011de9      0x2d8 ./Src/main.o
 .debug_macro   0x00000000000120c1      0x172 ./Src/main.o
 .debug_macro   0x0000000000012233      0x24c ./Src/syscalls.o
 .debug_macro   0x000000000001247f       0x4c ./Src/syscalls.o
 .debug_macro   0x00000000000124cb       0x94 ./Src/syscalls.o
 .debug_macro   0x000000000001255f       0x57 ./Src/syscalls.o
 .debug_macro   0x00000000000125b6      0x174 ./Src/syscalls.o
 .debug_macro   0x000000000001272a       0x10 ./Src/syscalls.o
 .debug_macro   0x000000000001273a       0x35 ./Src/syscalls.o
 .debug_macro   0x000000000001276f       0x10 ./Src/syscalls.o
 .debug_macro   0x000000000001277f       0x10 ./Src/syscalls.o
 .debug_macro   0x000000000001278f       0x35 ./Src/syscalls.o
 .debug_macro   0x00000000000127c4      0x12c ./Src/syscalls.o
 .debug_macro   0x00000000000128f0       0x16 ./Src/syscalls.o
 .debug_macro   0x0000000000012906       0x16 ./Src/syscalls.o
 .debug_macro   0x000000000001291c       0x29 ./Src/syscalls.o
 .debug_macro   0x0000000000012945       0x10 ./Src/syscalls.o
 .debug_macro   0x0000000000012955      0x241 ./Src/syscalls.o
 .debug_macro   0x0000000000012b96       0x1c ./Src/syscalls.o
 .debug_macro   0x0000000000012bb2       0x10 ./Src/syscalls.o
 .debug_macro   0x0000000000012bc2      0x189 ./Src/syscalls.o
 .debug_macro   0x0000000000012d4b       0x16 ./Src/syscalls.o
 .debug_macro   0x0000000000012d61       0xce ./Src/syscalls.o
 .debug_macro   0x0000000000012e2f       0xff ./Src/sysmem.o
 .debug_macro   0x0000000000012f2e      0x23b ./Src/sysmem.o

.debug_line     0x0000000000000000     0x446f
 .debug_line    0x0000000000000000      0x52e ./Src/CortexM3_Core_Systick.o
 .debug_line    0x000000000000052e      0xb9d ./Src/HAL_Adc.o
 .debug_line    0x00000000000010cb      0x724 ./Src/HAL_Gpio.o
 .debug_line    0x00000000000017ef      0xe5b ./Src/HAL_Timer.o
 .debug_line    0x000000000000264a      0x91a ./Src/HAL_Usart.o
 .debug_line    0x0000000000002f64      0x797 ./Src/main.o
 .debug_line    0x00000000000036fb      0x7fd ./Src/syscalls.o
 .debug_line    0x0000000000003ef8      0x4f3 ./Src/sysmem.o
 .debug_line    0x00000000000043eb       0x84 ./Startup/startup_stm32f103c8tx.o

.debug_str      0x0000000000000000    0x5d80d
 .debug_str     0x0000000000000000    0x54aaa ./Src/CortexM3_Core_Systick.o
                                      0x54ce1 (size before relaxing)
 .debug_str     0x0000000000054aaa     0x1bf1 ./Src/HAL_Adc.o
                                      0x56571 (size before relaxing)
 .debug_str     0x000000000005669b      0x409 ./Src/HAL_Gpio.o
                                      0x55a8f (size before relaxing)
 .debug_str     0x0000000000056aa4      0x952 ./Src/HAL_Timer.o
                                      0x55f5e (size before relaxing)
 .debug_str     0x00000000000573f6      0x860 ./Src/HAL_Usart.o
                                      0x56208 (size before relaxing)
 .debug_str     0x0000000000057c56     0x43c7 ./Src/main.o
                                      0x5baf9 (size before relaxing)
 .debug_str     0x000000000005c01d     0x1759 ./Src/syscalls.o
                                       0x8e7c (size before relaxing)
 .debug_str     0x000000000005d776       0x66 ./Src/sysmem.o
                                       0x624f (size before relaxing)
 .debug_str     0x000000000005d7dc       0x31 ./Startup/startup_stm32f103c8tx.o
                                         0x60 (size before relaxing)

.comment        0x0000000000000000       0x53
 .comment       0x0000000000000000       0x53 ./Src/CortexM3_Core_Systick.o
                                         0x54 (size before relaxing)
 .comment       0x0000000000000053       0x54 ./Src/HAL_Adc.o
 .comment       0x0000000000000053       0x54 ./Src/HAL_Gpio.o
 .comment       0x0000000000000053       0x54 ./Src/HAL_Timer.o
 .comment       0x0000000000000053       0x54 ./Src/HAL_Usart.o
 .comment       0x0000000000000053       0x54 ./Src/main.o
 .comment       0x0000000000000053       0x54 ./Src/syscalls.o
 .comment       0x0000000000000053       0x54 ./Src/sysmem.o

.debug_frame    0x0000000000000000     0x137c
 .debug_frame   0x0000000000000000       0x70 ./Src/CortexM3_Core_Systick.o
 .debug_frame   0x0000000000000070      0x1e0 ./Src/HAL_Adc.o
 .debug_frame   0x0000000000000250      0x144 ./Src/HAL_Gpio.o
 .debug_frame   0x0000000000000394      0x24c ./Src/HAL_Timer.o
 .debug_frame   0x00000000000005e0      0x1d8 ./Src/HAL_Usart.o
 .debug_frame   0x00000000000007b8       0xb0 ./Src/main.o
 .debug_frame   0x0000000000000868      0x2ac ./Src/syscalls.o
 .debug_frame   0x0000000000000b14       0x34 ./Src/sysmem.o
 .debug_frame   0x0000000000000b48       0x20 c:/st/stm32cubeide_1.7.0/stm32cubeide/plugins/com.st.stm32cube.ide.mcu.externaltools.gnu-tools-for-stm32.9-2020-q2-update.win32_2.0.0.202105311346/tools/bin/../lib/gcc/arm-none-eabi/9.3.1/../../../../arm-none-eabi/lib/thumb/v7-m/nofp\libc_nano.a(lib_a-errno.o)
 .debug_frame   0x0000000000000b68       0x2c c:/st/stm32cubeide_1.7.0/stm32cubeide/plugins/com.st.stm32cube.ide.mcu.externaltools.gnu-tools-for-stm32.9-2020-q2-update.win32_2.0.0.202105311346/tools/bin/../lib/gcc/arm-none-eabi/9.3.1/../../../../arm-none-eabi/lib/thumb/v7-m/nofp\libc_nano.a(lib_a-init.o)
 .debug_frame   0x0000000000000b94       0x20 c:/st/stm32cubeide_1.7.0/stm32cubeide/plugins/com.st.stm32cube.ide.mcu.externaltools.gnu-tools-for-stm32.9-2020-q2-update.win32_2.0.0.202105311346/tools/bin/../lib/gcc/arm-none-eabi/9.3.1/../../../../arm-none-eabi/lib/thumb/v7-m/nofp\libc_nano.a(lib_a-memset.o)
 .debug_frame   0x0000000000000bb4       0x74 c:/st/stm32cubeide_1.7.0/stm32cubeide/plugins/com.st.stm32cube.ide.mcu.externaltools.gnu-tools-for-stm32.9-2020-q2-update.win32_2.0.0.202105311346/tools/bin/../lib/gcc/arm-none-eabi/9.3.1/../../../../arm-none-eabi/lib/thumb/v7-m/nofp\libc_nano.a(lib_a-printf.o)
 .debug_frame   0x0000000000000c28      0x14c c:/st/stm32cubeide_1.7.0/stm32cubeide/plugins/com.st.stm32cube.ide.mcu.externaltools.gnu-tools-for-stm32.9-2020-q2-update.win32_2.0.0.202105311346/tools/bin/../lib/gcc/arm-none-eabi/9.3.1/../../../../arm-none-eabi/lib/thumb/v7-m/nofp\libc_nano.a(lib_a-findfp.o)
 .debug_frame   0x0000000000000d74       0x54 c:/st/stm32cubeide_1.7.0/stm32cubeide/plugins/com.st.stm32cube.ide.mcu.externaltools.gnu-tools-for-stm32.9-2020-q2-update.win32_2.0.0.202105311346/tools/bin/../lib/gcc/arm-none-eabi/9.3.1/../../../../arm-none-eabi/lib/thumb/v7-m/nofp\libc_nano.a(lib_a-fwalk.o)
 .debug_frame   0x0000000000000dc8       0xb0 c:/st/stm32cubeide_1.7.0/stm32cubeide/plugins/com.st.stm32cube.ide.mcu.externaltools.gnu-tools-for-stm32.9-2020-q2-update.win32_2.0.0.202105311346/tools/bin/../lib/gcc/arm-none-eabi/9.3.1/../../../../arm-none-eabi/lib/thumb/v7-m/nofp\libc_nano.a(lib_a-lock.o)
 .debug_frame   0x0000000000000e78       0x30 c:/st/stm32cubeide_1.7.0/stm32cubeide/plugins/com.st.stm32cube.ide.mcu.externaltools.gnu-tools-for-stm32.9-2020-q2-update.win32_2.0.0.202105311346/tools/bin/../lib/gcc/arm-none-eabi/9.3.1/../../../../arm-none-eabi/lib/thumb/v7-m/nofp\libc_nano.a(lib_a-nano-mallocr.o)
 .debug_frame   0x0000000000000ea8       0xac c:/st/stm32cubeide_1.7.0/stm32cubeide/plugins/com.st.stm32cube.ide.mcu.externaltools.gnu-tools-for-stm32.9-2020-q2-update.win32_2.0.0.202105311346/tools/bin/../lib/gcc/arm-none-eabi/9.3.1/../../../../arm-none-eabi/lib/thumb/v7-m/nofp\libc_nano.a(lib_a-nano-vfprintf.o)
 .debug_frame   0x0000000000000f54       0x60 c:/st/stm32cubeide_1.7.0/stm32cubeide/plugins/com.st.stm32cube.ide.mcu.externaltools.gnu-tools-for-stm32.9-2020-q2-update.win32_2.0.0.202105311346/tools/bin/../lib/gcc/arm-none-eabi/9.3.1/../../../../arm-none-eabi/lib/thumb/v7-m/nofp\libc_nano.a(lib_a-nano-vfprintf_i.o)
 .debug_frame   0x0000000000000fb4       0x2c c:/st/stm32cubeide_1.7.0/stm32cubeide/plugins/com.st.stm32cube.ide.mcu.externaltools.gnu-tools-for-stm32.9-2020-q2-update.win32_2.0.0.202105311346/tools/bin/../lib/gcc/arm-none-eabi/9.3.1/../../../../arm-none-eabi/lib/thumb/v7-m/nofp\libc_nano.a(lib_a-sbrkr.o)
 .debug_frame   0x0000000000000fe0       0x88 c:/st/stm32cubeide_1.7.0/stm32cubeide/plugins/com.st.stm32cube.ide.mcu.externaltools.gnu-tools-for-stm32.9-2020-q2-update.win32_2.0.0.202105311346/tools/bin/../lib/gcc/arm-none-eabi/9.3.1/../../../../arm-none-eabi/lib/thumb/v7-m/nofp\libc_nano.a(lib_a-stdio.o)
 .debug_frame   0x0000000000001068       0x40 c:/st/stm32cubeide_1.7.0/stm32cubeide/plugins/com.st.stm32cube.ide.mcu.externaltools.gnu-tools-for-stm32.9-2020-q2-update.win32_2.0.0.202105311346/tools/bin/../lib/gcc/arm-none-eabi/9.3.1/../../../../arm-none-eabi/lib/thumb/v7-m/nofp\libc_nano.a(lib_a-wbuf.o)
 .debug_frame   0x00000000000010a8       0x2c c:/st/stm32cubeide_1.7.0/stm32cubeide/plugins/com.st.stm32cube.ide.mcu.externaltools.gnu-tools-for-stm32.9-2020-q2-update.win32_2.0.0.202105311346/tools/bin/../lib/gcc/arm-none-eabi/9.3.1/../../../../arm-none-eabi/lib/thumb/v7-m/nofp\libc_nano.a(lib_a-writer.o)
 .debug_frame   0x00000000000010d4       0x2c c:/st/stm32cubeide_1.7.0/stm32cubeide/plugins/com.st.stm32cube.ide.mcu.externaltools.gnu-tools-for-stm32.9-2020-q2-update.win32_2.0.0.202105311346/tools/bin/../lib/gcc/arm-none-eabi/9.3.1/../../../../arm-none-eabi/lib/thumb/v7-m/nofp\libc_nano.a(lib_a-wsetup.o)
 .debug_frame   0x0000000000001100       0x2c c:/st/stm32cubeide_1.7.0/stm32cubeide/plugins/com.st.stm32cube.ide.mcu.externaltools.gnu-tools-for-stm32.9-2020-q2-update.win32_2.0.0.202105311346/tools/bin/../lib/gcc/arm-none-eabi/9.3.1/../../../../arm-none-eabi/lib/thumb/v7-m/nofp\libc_nano.a(lib_a-closer.o)
 .debug_frame   0x000000000000112c       0x5c c:/st/stm32cubeide_1.7.0/stm32cubeide/plugins/com.st.stm32cube.ide.mcu.externaltools.gnu-tools-for-stm32.9-2020-q2-update.win32_2.0.0.202105311346/tools/bin/../lib/gcc/arm-none-eabi/9.3.1/../../../../arm-none-eabi/lib/thumb/v7-m/nofp\libc_nano.a(lib_a-fflush.o)
 .debug_frame   0x0000000000001188       0x2c c:/st/stm32cubeide_1.7.0/stm32cubeide/plugins/com.st.stm32cube.ide.mcu.externaltools.gnu-tools-for-stm32.9-2020-q2-update.win32_2.0.0.202105311346/tools/bin/../lib/gcc/arm-none-eabi/9.3.1/../../../../arm-none-eabi/lib/thumb/v7-m/nofp\libc_nano.a(lib_a-lseekr.o)
 .debug_frame   0x00000000000011b4       0x58 c:/st/stm32cubeide_1.7.0/stm32cubeide/plugins/com.st.stm32cube.ide.mcu.externaltools.gnu-tools-for-stm32.9-2020-q2-update.win32_2.0.0.202105311346/tools/bin/../lib/gcc/arm-none-eabi/9.3.1/../../../../arm-none-eabi/lib/thumb/v7-m/nofp\libc_nano.a(lib_a-makebuf.o)
 .debug_frame   0x000000000000120c       0x28 c:/st/stm32cubeide_1.7.0/stm32cubeide/plugins/com.st.stm32cube.ide.mcu.externaltools.gnu-tools-for-stm32.9-2020-q2-update.win32_2.0.0.202105311346/tools/bin/../lib/gcc/arm-none-eabi/9.3.1/../../../../arm-none-eabi/lib/thumb/v7-m/nofp\libc_nano.a(lib_a-memchr-stub.o)
 .debug_frame   0x0000000000001234       0x30 c:/st/stm32cubeide_1.7.0/stm32cubeide/plugins/com.st.stm32cube.ide.mcu.externaltools.gnu-tools-for-stm32.9-2020-q2-update.win32_2.0.0.202105311346/tools/bin/../lib/gcc/arm-none-eabi/9.3.1/../../../../arm-none-eabi/lib/thumb/v7-m/nofp\libc_nano.a(lib_a-mlock.o)
 .debug_frame   0x0000000000001264       0x38 c:/st/stm32cubeide_1.7.0/stm32cubeide/plugins/com.st.stm32cube.ide.mcu.externaltools.gnu-tools-for-stm32.9-2020-q2-update.win32_2.0.0.202105311346/tools/bin/../lib/gcc/arm-none-eabi/9.3.1/../../../../arm-none-eabi/lib/thumb/v7-m/nofp\libc_nano.a(lib_a-nano-freer.o)
 .debug_frame   0x000000000000129c       0x2c c:/st/stm32cubeide_1.7.0/stm32cubeide/plugins/com.st.stm32cube.ide.mcu.externaltools.gnu-tools-for-stm32.9-2020-q2-update.win32_2.0.0.202105311346/tools/bin/../lib/gcc/arm-none-eabi/9.3.1/../../../../arm-none-eabi/lib/thumb/v7-m/nofp\libc_nano.a(lib_a-readr.o)
 .debug_frame   0x00000000000012c8       0x5c c:/st/stm32cubeide_1.7.0/stm32cubeide/plugins/com.st.stm32cube.ide.mcu.externaltools.gnu-tools-for-stm32.9-2020-q2-update.win32_2.0.0.202105311346/tools/bin/../lib/gcc/arm-none-eabi/9.3.1/../../../../arm-none-eabi/lib/thumb/v7-m/nofp\libc_nano.a(lib_a-reent.o)
 .debug_frame   0x0000000000001324       0x2c c:/st/stm32cubeide_1.7.0/stm32cubeide/plugins/com.st.stm32cube.ide.mcu.externaltools.gnu-tools-for-stm32.9-2020-q2-update.win32_2.0.0.202105311346/tools/bin/../lib/gcc/arm-none-eabi/9.3.1/../../../../arm-none-eabi/lib/thumb/v7-m/nofp\libc_nano.a(lib_a-fstatr.o)
 .debug_frame   0x0000000000001350       0x2c c:/st/stm32cubeide_1.7.0/stm32cubeide/plugins/com.st.stm32cube.ide.mcu.externaltools.gnu-tools-for-stm32.9-2020-q2-update.win32_2.0.0.202105311346/tools/bin/../lib/gcc/arm-none-eabi/9.3.1/../../../../arm-none-eabi/lib/thumb/v7-m/nofp\libc_nano.a(lib_a-isattyr.o)
