Archive member included to satisfy reference by file (symbol)

c:/st/stm32cubeide_1.7.0/stm32cubeide/plugins/com.st.stm32cube.ide.mcu.externaltools.gnu-tools-for-stm32.9-2020-q2-update.win32_2.0.0.202105311346/tools/bin/../lib/gcc/arm-none-eabi/9.3.1/../../../../arm-none-eabi/lib/thumb/v7-m/nofp\libc_nano.a(lib_a-errno.o)
                              ./Src/syscalls.o (__errno)
c:/st/stm32cubeide_1.7.0/stm32cubeide/plugins/com.st.stm32cube.ide.mcu.externaltools.gnu-tools-for-stm32.9-2020-q2-update.win32_2.0.0.202105311346/tools/bin/../lib/gcc/arm-none-eabi/9.3.1/../../../../arm-none-eabi/lib/thumb/v7-m/nofp\libc_nano.a(lib_a-exit.o)
                              c:/st/stm32cubeide_1.7.0/stm32cubeide/plugins/com.st.stm32cube.ide.mcu.externaltools.gnu-tools-for-stm32.9-2020-q2-update.win32_2.0.0.202105311346/tools/bin/../lib/gcc/arm-none-eabi/9.3.1/../../../../arm-none-eabi/lib/thumb/v7-m/nofp/crt0.o (exit)
c:/st/stm32cubeide_1.7.0/stm32cubeide/plugins/com.st.stm32cube.ide.mcu.externaltools.gnu-tools-for-stm32.9-2020-q2-update.win32_2.0.0.202105311346/tools/bin/../lib/gcc/arm-none-eabi/9.3.1/../../../../arm-none-eabi/lib/thumb/v7-m/nofp\libc_nano.a(lib_a-impure.o)
                              c:/st/stm32cubeide_1.7.0/stm32cubeide/plugins/com.st.stm32cube.ide.mcu.externaltools.gnu-tools-for-stm32.9-2020-q2-update.win32_2.0.0.202105311346/tools/bin/../lib/gcc/arm-none-eabi/9.3.1/../../../../arm-none-eabi/lib/thumb/v7-m/nofp\libc_nano.a(lib_a-exit.o) (_global_impure_ptr)
c:/st/stm32cubeide_1.7.0/stm32cubeide/plugins/com.st.stm32cube.ide.mcu.externaltools.gnu-tools-for-stm32.9-2020-q2-update.win32_2.0.0.202105311346/tools/bin/../lib/gcc/arm-none-eabi/9.3.1/../../../../arm-none-eabi/lib/thumb/v7-m/nofp\libc_nano.a(lib_a-init.o)
                              c:/st/stm32cubeide_1.7.0/stm32cubeide/plugins/com.st.stm32cube.ide.mcu.externaltools.gnu-tools-for-stm32.9-2020-q2-update.win32_2.0.0.202105311346/tools/bin/../lib/gcc/arm-none-eabi/9.3.1/../../../../arm-none-eabi/lib/thumb/v7-m/nofp/crt0.o (__libc_init_array)
c:/st/stm32cubeide_1.7.0/stm32cubeide/plugins/com.st.stm32cube.ide.mcu.externaltools.gnu-tools-for-stm32.9-2020-q2-update.win32_2.0.0.202105311346/tools/bin/../lib/gcc/arm-none-eabi/9.3.1/../../../../arm-none-eabi/lib/thumb/v7-m/nofp\libc_nano.a(lib_a-memset.o)
                              c:/st/stm32cubeide_1.7.0/stm32cubeide/plugins/com.st.stm32cube.ide.mcu.externaltools.gnu-tools-for-stm32.9-2020-q2-update.win32_2.0.0.202105311346/tools/bin/../lib/gcc/arm-none-eabi/9.3.1/../../../../arm-none-eabi/lib/thumb/v7-m/nofp/crt0.o (memset)
c:/st/stm32cubeide_1.7.0/stm32cubeide/plugins/com.st.stm32cube.ide.mcu.externaltools.gnu-tools-for-stm32.9-2020-q2-update.win32_2.0.0.202105311346/tools/bin/../lib/gcc/arm-none-eabi/9.3.1/../../../../arm-none-eabi/lib/thumb/v7-m/nofp\libc_nano.a(lib_a-printf.o)
                              ./Src/main.o (printf)
c:/st/stm32cubeide_1.7.0/stm32cubeide/plugins/com.st.stm32cube.ide.mcu.externaltools.gnu-tools-for-stm32.9-2020-q2-update.win32_2.0.0.202105311346/tools/bin/../lib/gcc/arm-none-eabi/9.3.1/../../../../arm-none-eabi/lib/thumb/v7-m/nofp\libc_nano.a(lib_a-findfp.o)
                              c:/st/stm32cubeide_1.7.0/stm32cubeide/plugins/com.st.stm32cube.ide.mcu.externaltools.gnu-tools-for-stm32.9-2020-q2-update.win32_2.0.0.202105311346/tools/bin/../lib/gcc/arm-none-eabi/9.3.1/../../../../arm-none-eabi/lib/thumb/v7-m/nofp\libc_nano.a(lib_a-printf.o) (__sinit)
c:/st/stm32cubeide_1.7.0/stm32cubeide/plugins/com.st.stm32cube.ide.mcu.externaltools.gnu-tools-for-stm32.9-2020-q2-update.win32_2.0.0.202105311346/tools/bin/../lib/gcc/arm-none-eabi/9.3.1/../../../../arm-none-eabi/lib/thumb/v7-m/nofp\libc_nano.a(lib_a-fwalk.o)
                              c:/st/stm32cubeide_1.7.0/stm32cubeide/plugins/com.st.stm32cube.ide.mcu.externaltools.gnu-tools-for-stm32.9-2020-q2-update.win32_2.0.0.202105311346/tools/bin/../lib/gcc/arm-none-eabi/9.3.1/../../../../arm-none-eabi/lib/thumb/v7-m/nofp\libc_nano.a(lib_a-findfp.o) (_fwalk)
c:/st/stm32cubeide_1.7.0/stm32cubeide/plugins/com.st.stm32cube.ide.mcu.externaltools.gnu-tools-for-stm32.9-2020-q2-update.win32_2.0.0.202105311346/tools/bin/../lib/gcc/arm-none-eabi/9.3.1/../../../../arm-none-eabi/lib/thumb/v7-m/nofp\libc_nano.a(lib_a-lock.o)
                              c:/st/stm32cubeide_1.7.0/stm32cubeide/plugins/com.st.stm32cube.ide.mcu.externaltools.gnu-tools-for-stm32.9-2020-q2-update.win32_2.0.0.202105311346/tools/bin/../lib/gcc/arm-none-eabi/9.3.1/../../../../arm-none-eabi/lib/thumb/v7-m/nofp\libc_nano.a(lib_a-findfp.o) (__retarget_lock_init_recursive)
c:/st/stm32cubeide_1.7.0/stm32cubeide/plugins/com.st.stm32cube.ide.mcu.externaltools.gnu-tools-for-stm32.9-2020-q2-update.win32_2.0.0.202105311346/tools/bin/../lib/gcc/arm-none-eabi/9.3.1/../../../../arm-none-eabi/lib/thumb/v7-m/nofp\libc_nano.a(lib_a-nano-mallocr.o)
[...]
Memory Configuration

Name             Origin             Length             Attributes
RAM              0x0000000020000000 0x0000000000005000 xrw
FLASH            0x0000000008000000 0x0000000000010000 xr
*default*        0x0000000000000000 0xffffffffffffffff

Linker script and memory map

LOAD c:/st/stm32cubeide_1.7.0/stm32cubeide/plugins/com.st.stm32cube.ide.mcu.externaltools.gnu-tools-for-stm32.9-2020-q2-update.win32_2.0.0.202105311346/tools/bin/../lib/gcc/arm-none-eabi/9.3.1/thumb/v7-m/nofp/crti.o
LOAD c:/st/stm32cubeide_1.7.0/stm32cubeide/plugins/com.st.stm32cube.ide.mcu.externaltools.gnu-tools-for-stm32.9-2020-q2-update.win32_2.0.0.202105311346/tools/bin/../lib/gcc/arm-none-eabi/9.3.1/thumb/v7-m/nofp/crtbegin.o
LOAD c:/st/stm32cubeide_1.7.0/stm32cubeide/plugins/com.st.stm32cube.ide.mcu.externaltools.gnu-tools-for-stm32.9-2020-q2-update.win32_2.0.0.202105311346/tools/bin/../lib/gcc/arm-none-eabi/9.3.1/../../../../arm-none-eabi/lib/thumb/v7-m/nofp/crt0.o
LOAD ./Src/CortexM3_Core_Systick.o
LOAD ./Src/HAL_Adc.o
LOAD ./Src/HAL_Gpio.o
LOAD ./Src/HAL_RCC.o
LOAD ./Src/HAL_Timer.o
LOAD ./Src/HAL_Usart.o
LOAD ./Src/main.o
LOAD ./Src/syscalls.o
LOAD ./Src/sysmem.o
LOAD ./Startup/startup_stm32f103c8tx.o
START GROUP
LOAD c:/st/stm32cubeide_1.7.0/stm32cubeide/plugins/com.st.stm32cube.ide.mcu.externaltools.gnu-tools-for-stm32.9-2020-q2-update.win32_2.0.0.202105311346/tools/bin/../lib/gcc/arm-none-eabi/9.3.1/../../../../arm-none-eabi/lib/thumb/v7-m/nofp\libc_nano.a
LOAD c:/st/stm32cubeide_1.7.0/stm32cubeide/plugins/com.st.stm32cube.ide.mcu.externaltools.gnu-tools-for-stm32.9-2020-q2-update.win32_2.0.0.202105311346/tools/bin/../lib/gcc/arm-none-eabi/9.3.1/../../../../arm-none-eabi/lib/thumb/v7-m/nofp\libm.a
END GROUP
START GROUP
LOAD c:/st/stm32cubeide_1.7.0/stm32cubeide/plugins/com.st.stm32cube.ide.mcu.externaltools.gnu-tools-for-stm32.9-2020-q2-update.win32_2.0.0.202105311346/tools/bin/../lib/gcc/arm-none-eabi/9.3.1/thumb/v7-m/nofp\libgcc.a
LOAD c:/st/stm32cubeide_1.7.0/stm32cubeide/plugins/com.st.stm32cube.ide.mcu.externaltools.gnu-tools-for-stm32.9-2020-q2-update.win32_2.0.0.202105311346/tools/bin/../lib/gcc/arm-none-eabi/9.3.1/../../../../arm-none-eabi/lib/thumb/v7-m/nofp\libc_nano.a
END GROUP
START GROUP
LOAD c:/st/stm32cubeide_1.7.0/stm32cubeide/plugins/com.st.stm32cube.ide.mcu.externaltools.gnu-tools-for-stm32.9-2020-q2-update.win32_2.0.0.202105311346/tools/bin/../lib/gcc/arm-none-eabi/9.3.1/thumb/v7-m/nofp\libgcc.a
LOAD c:/st/stm32cubeide_1.7.0/stm32cubeide/plugins/com.st.stm32cube.ide.mcu.externaltools.gnu-tools-for-stm32.9-2020-q2-update.win32_2.0.0.202105311346/tools/bin/../lib/gcc/arm-none-eabi/9.3.1/../../../../arm-none-eabi/lib/thumb/v7-m/nofp\libc_nano.a
LOAD c:/st/stm32cubeide_1.7.0/stm32cubeide/plugins/com.st.stm32cube.ide.mcu.externaltools.gnu-tools-for-stm32.9-2020-q2-update.win32_2.0.0.202105311346/tools/bin/../lib/gcc/arm-none-eabi/9.3.1/../../../../arm-none-eabi/lib/thumb/v7-m/nofp\libnosys.a
END GROUP
START GROUP
LOAD c:/st/stm32cubeide_1.7.0/stm32cubeide/plugins/com.st.stm32cube.ide.mcu.externaltools.gnu-tools-for-stm32.9-2020-q2-update.win32_2.0.0.202105311346/tools/bin/../lib/gcc/arm-none-eabi/9.3.1/thumb/v7-m/nofp\libgcc.a
LOAD c:/st/stm32cubeide_1.7.0/stm32cubeide/plugins/com.st.stm32cube.ide.mcu.externaltools.gnu-tools-for-stm32.9-2020-q2-update.win32_2.0.0.202105311346/tools/bin/../lib/gcc/arm-none-eabi/9.3.1/../../../../arm-none-eabi/lib/thumb/v7-m/nofp\libc_nano.a
LOAD c:/st/stm32cubeide_1.7.0/stm32cubeide/plugins/com.st.stm32cube.ide.mcu.externaltools.gnu-tools-for-stm32.9-2020-q2-update.win32_2.0.0.202105311346/tools/bin/../lib/gcc/arm-none-eabi/9.3.1/../../../../arm-none-eabi/lib/thumb/v7-m/nofp\libnosys.a
END GROUP
LOAD c:/st/stm32cubeide_1.7.0/stm32cubeide/plugins/com.st.stm32cube.ide.mcu.externaltools.gnu-tools-for-stm32.9-2020-q2-update.win32_2.0.0.202105311346/tools/bin/../lib/gcc/arm-none-eabi/9.3.1/thumb/v7-m/nofp/crtend.o
LOAD c:/st/stm32cubeide_1.7.0/stm32cubeide/plugins/com.st.stm32cube.ide.mcu.externaltools.gnu-tools-for-stm32.9-2020-q2-update.win32_2.0.0.202105311346/tools/bin/../lib/gcc/arm-none-eabi/9.3.1/thumb/v7-m/nofp/crtn.o
                0x0000000020005000                _estack = (ORIGIN (RAM) + LENGTH (RAM))
                0x0000000000000200                _Min_Heap_Size = 0x200
                0x0000000000000400                _Min_Stack_Size = 0x400

.isr_vector     0x0000000008000000      0x130
                0x0000000008000000                . = ALIGN (0x4)
 *(.isr_vector)
 .isr_vector    0x0000000008000000      0x130 ./Startup/startup_stm32f103c8tx.o
                0x0000000008000000                g_pfnVectors
                0x0000000008000130                . = ALIGN (0x4)

.text           0x0000000008000130     0x400c
                0x0000000008000130                . = ALIGN (0x4)
 *(.text)
 .text          0x0000000008000130       0x40 c:/st/stm32cubeide_1.7.0/stm32cubeide/plugins/com.st.stm32cube.ide.mcu.externaltools.gnu-tools-for-stm32.9-2020-q2-update.win32_2.0.0.202105311346/tools/bin/../lib/gcc/arm-none-eabi/9.3.1/thumb/v7-m/nofp/crtbegin.o
 *(.text*)
 .text.SYSTICK_INIT
                0x0000000008000170       0xa0 ./Src/CortexM3_Core_Systick.o
                0x0000000008000170                SYSTICK_INIT
 .text.SysTick_Handler
                0x0000000008000210       0x1c ./Src/CortexM3_Core_Systick.o
                0x0000000008000210                SysTick_Handler
 .text.__NVIC_EnableIRQ
                0x000000000800022c       0x38 ./Src/HAL_Adc.o
 .text.__NVIC_SetPriority
                0x0000000008000264       0x54 ./Src/HAL_Adc.o
 .text.HAL_EDGE_INT_init
                0x00000000080002b8       0x48 ./Src/HAL_Adc.o
 .text.HAL_ADC_Init
                0x0000000008000300       0x90 ./Src/HAL_Adc.o
                0x0000000008000300                HAL_ADC_Init
 .text.HAL_ADC_WTD_EN
                0x0000000008000390       0x6a ./Src/HAL_Adc.o
 *fill*         0x00000000080003fa        0x2 
 .text.HAL_ADC_CHN_SET
                0x00000000080003fc      0x3c8 ./Src/HAL_Adc.o
 .text.HAL_SHN_ALLGN_SET
                0x00000000080007c4       0x44 ./Src/HAL_Adc.o
 .text.HAL_ADC_MULTCHN_SET
                0x0000000008000808      0x4a4 ./Src/HAL_Adc.o
 .text.HAL_SHN_Init
                0x0000000008000cac       0x94 ./Src/HAL_Adc.o
 .text.HAL_MULT_SING_Init
                0x0000000008000d40       0xdc ./Src/HAL_Adc.o
 .text.HAL_ADC_READ_INT
                0x0000000008000e1c       0x4a ./Src/HAL_Adc.o
                0x0000000008000e1c                HAL_ADC_READ_INT
 *fill*         0x0000000008000e66        0x2 
 .text.ADC1_2_IRQHandler
                0x0000000008000e68       0x38 ./Src/HAL_Adc.o
                0x0000000008000e68                ADC1_2_IRQHandler
 .text.__NVIC_EnableIRQ
                0x0000000008000ea0       0x38 ./Src/HAL_Gpio.o
 .text.AFIO_CONFIG
                0x0000000008000ed8       0xb8 ./Src/HAL_Gpio.o
 .text.HAL_Init_PIN
                0x0000000008000f90      0x258 ./Src/HAL_Gpio.o
                0x0000000008000f90                HAL_Init_PIN
 .text.HAL_Write_PIN
                0x00000000080011e8       0x60 ./Src/HAL_Gpio.o
                0x00000000080011e8                HAL_Write_PIN
 .text.HAL_Toggle_PIN
                0x0000000008001248       0x34 ./Src/HAL_Gpio.o
                0x0000000008001248                HAL_Toggle_PIN
 .text.EXTI0_IRQHandler
                0x000000000800127c       0x2c ./Src/HAL_Gpio.o
                0x000000000800127c                EXTI0_IRQHandler
 .text.AHB_PRESCALER
                0x00000000080012a8       0xe0 ./Src/HAL_RCC.o
 .text.APB1_PRESCALER
                0x0000000008001388       0x88 ./Src/HAL_RCC.o
 .text.APB2_PRESCALER
                0x0000000008001410       0x88 ./Src/HAL_RCC.o
 .text.ADC_PRESCALER
                0x0000000008001498       0x6c ./Src/HAL_RCC.o
 .text.PLL_PRESCALER
                0x0000000008001504      0x224 ./Src/HAL_RCC.o
 .text.SYS_CLK_HSI_Init
                0x0000000008001728       0x70 ./Src/HAL_RCC.o
 .text.SYS_CLK_HSE_Init
                0x0000000008001798       0x70 ./Src/HAL_RCC.o
 .text.SYS_CLK_PLL_HSI_2
                0x0000000008001808       0x94 ./Src/HAL_RCC.o
 .text.SYS_CLK_PLL_HSE
                0x000000000800189c       0xbc ./Src/HAL_RCC.o
 .text.SYS_CLK_PLL_Init
                0x0000000008001958       0x74 ./Src/HAL_RCC.o
 .text.FLASH_Config
                0x00000000080019cc       0x68 ./Src/HAL_RCC.o
 .text.SystemClock_Config
                0x0000000008001a34       0xbc ./Src/HAL_RCC.o
                0x0000000008001a34                SystemClock_Config
 .text.__NVIC_EnableIRQ
                0x0000000008001af0       0x38 ./Src/HAL_Timer.o
 .text.__NVIC_SetPriority
                0x0000000008001b28       0x54 ./Src/HAL_Timer.o
 .text.HAL_TIMER2_INT_init
                0x0000000008001b7c       0x74 ./Src/HAL_Timer.o
 .text.HAL_TIMER_INT_init
                0x0000000008001bf0       0x20 ./Src/HAL_Timer.o
 .text.HAL_TIMER_init
                0x0000000008001c10       0x78 ./Src/HAL_Timer.o
                0x0000000008001c10                HAL_TIMER_init
 .text.EN_CLOCK
                0x0000000008001c88       0x64 ./Src/HAL_Timer.o
 .text.EN_CLOCK_OP
                0x0000000008001cec       0xec ./Src/HAL_Timer.o
 .text.HAL_TIMER_TIMEBASE_init
                0x0000000008001dd8       0xdc ./Src/HAL_Timer.o
 .text.HAL_TIMER_CHN_CONFIG_GPIO
                0x0000000008001eb4      0x11c ./Src/HAL_Timer.o
 .text.HAL_TIMER_OUTCMP_Init
                0x0000000008001fd0      0x268 ./Src/HAL_Timer.o
 .text.HAL_TIMER_PWM_init
                0x0000000008002238      0x23c ./Src/HAL_Timer.o
 .text.HAL_TIMER_IPCAP_init
                0x0000000008002474      0x1dc ./Src/HAL_Timer.o
 .text.TIM2_IRQHandler
                0x0000000008002650       0x48 ./Src/HAL_Timer.o
                0x0000000008002650                TIM2_IRQHandler
 .text.__NVIC_EnableIRQ
                0x0000000008002698       0x38 ./Src/HAL_Usart.o
 .text.Baud_Rate_Gen
                0x00000000080026d0       0x24 ./Src/HAL_Usart.o
 .text.PLL_CLK_CALC_S
                0x00000000080026f4      0x130 ./Src/HAL_Usart.o
 .text.PLL_CLK_CALC
                0x0000000008002824       0x70 ./Src/HAL_Usart.o
                0x0000000008002824                PLL_CLK_CALC
 .text.CLK_CALC
                0x0000000008002894      0x114 ./Src/HAL_Usart.o
                0x0000000008002894                CLK_CALC
 .text.HAL_UART_INT_init
                0x00000000080029a8       0x48 ./Src/HAL_Usart.o
 .text.HAL_UART_Init
                0x00000000080029f0      0x318 ./Src/HAL_Usart.o
                0x00000000080029f0                HAL_UART_Init
 .text.HAL_UART_Byte
                0x0000000008002d08       0x32 ./Src/HAL_Usart.o
                0x0000000008002d08                HAL_UART_Byte
 .text.HAL_UART_Buffer
                0x0000000008002d3a       0x54 ./Src/HAL_Usart.o
                0x0000000008002d3a                HAL_UART_Buffer
 *fill*         0x0000000008002d8e        0x2 
 .text.USART3_IRQHandler
                0x0000000008002d90       0x30 ./Src/HAL_Usart.o
                0x0000000008002d90                USART3_IRQHandler
 .text.__io_putchar
                0x0000000008002dc0       0x24 ./Src/main.o
                0x0000000008002dc0                __io_putchar
 .text.NVIC_int
                0x0000000008002de4       0x24 ./Src/main.o
                0x0000000008002de4                NVIC_int
 .text.main     0x0000000008002e08      0x160 ./Src/main.o
                0x0000000008002e08                main
 .text.TIM2_CAPT_VAL
                0x0000000008002f68       0x1c ./Src/main.o
                0x0000000008002f68                TIM2_CAPT_VAL
 .text.SYSTICK_INC
                0x0000000008002f84       0x4c ./Src/main.o
                0x0000000008002f84                SYSTICK_INC
 .text.ADC_Handler
                0x0000000008002fd0       0x34 ./Src/main.o
                0x0000000008002fd0                ADC_Handler
 .text.USART_handler
                0x0000000008003004       0x4c ./Src/main.o
                0x0000000008003004                USART_handler
 .text.PIN_Pressed
                0x0000000008003050       0x1c ./Src/main.o
                0x0000000008003050                PIN_Pressed
 .text._read    0x000000000800306c       0x3a ./Src/syscalls.o
                0x000000000800306c                _read
 .text._write   0x00000000080030a6       0x38 ./Src/syscalls.o
                0x00000000080030a6                _write
 .text._close   0x00000000080030de       0x16 ./Src/syscalls.o
                0x00000000080030de                _close
 .text._fstat   0x00000000080030f4       0x1e ./Src/syscalls.o
                0x00000000080030f4                _fstat
 .text._isatty  0x0000000008003112       0x14 ./Src/syscalls.o
                0x0000000008003112                _isatty
 .text._lseek   0x0000000008003126       0x18 ./Src/syscalls.o
                0x0000000008003126                _lseek
 *fill*         0x000000000800313e        0x2 
 .text._sbrk    0x0000000008003140       0x6c ./Src/sysmem.o
                0x0000000008003140                _sbrk
 .text.Reset_Handler
                0x00000000080031ac       0x50 ./Startup/startup_stm32f103c8tx.o
                0x00000000080031ac                Reset_Handler
 .text.Default_Handler
                0x00000000080031fc        0x2 ./Startup/startup_stm32f103c8tx.o
                0x00000000080031fc                EXTI2_IRQHandler
                0x00000000080031fc                TIM8_TRG_COM_IRQHandler
                0x00000000080031fc                TIM8_CC_IRQHandler
                0x00000000080031fc                DebugMon_Handler
                0x00000000080031fc                TIM1_CC_IRQHandler
                0x00000000080031fc                HardFault_Handler
                0x00000000080031fc                TIM6_IRQHandler
                0x00000000080031fc                PVD_IRQHandler
                0x00000000080031fc                SDIO_IRQHandler
                0x00000000080031fc                PendSV_Handler
                0x00000000080031fc                NMI_Handler
                0x00000000080031fc                EXTI3_IRQHandler
                0x00000000080031fc                USB_HP_CAN_TX_IRQHandler
                0x00000000080031fc                I2C2_EV_IRQHandler
                0x00000000080031fc                UsageFault_Handler
                0x00000000080031fc                SPI1_IRQHandler
                0x00000000080031fc                CAN_SCE_IRQHandler
                0x00000000080031fc                TAMPER_IRQHandler
                0x00000000080031fc                TIM8_UP_IRQHandler
                0x00000000080031fc                DMA2_Channel2_IRQHandler
                0x00000000080031fc                DMA1_Channel4_IRQHandler
                0x00000000080031fc                RTC_IRQHandler
                0x00000000080031fc                DMA1_Channel7_IRQHandler
                0x00000000080031fc                UART5_IRQHandler
                0x00000000080031fc                ADC3_IRQHandler
                0x00000000080031fc                TIM4_IRQHandler
                0x00000000080031fc                CAN_RX1_IRQHandler
                0x00000000080031fc                DMA2_Channel1_IRQHandler
                0x00000000080031fc                I2C1_EV_IRQHandler
                0x00000000080031fc                DMA1_Channel6_IRQHandler
                0x00000000080031fc                UART4_IRQHandler
                0x00000000080031fc                TIM3_IRQHandler
                0x00000000080031fc                RCC_IRQHandler
                0x00000000080031fc                TIM1_TRG_COM_IRQHandler
                0x00000000080031fc                DMA1_Channel1_IRQHandler
                0x00000000080031fc                Default_Handler
                0x00000000080031fc                EXTI15_10_IRQHandler
                0x00000000080031fc                TIM7_IRQHandler
                0x00000000080031fc                TIM5_IRQHandler
                0x00000000080031fc                EXTI9_5_IRQHandler
                0x00000000080031fc                SPI2_IRQHandler
                0x00000000080031fc                USB_LP_CAN_RX0_IRQHandler
                0x00000000080031fc                MemManage_Handler
                0x00000000080031fc                SVC_Handler
                0x00000000080031fc                DMA1_Channel5_IRQHandler
                0x00000000080031fc                EXTI4_IRQHandler
                0x00000000080031fc                DMA1_Channel3_IRQHandler
                0x00000000080031fc                FSMC_IRQHandler
                0x00000000080031fc                TIM1_UP_IRQHandler
                0x00000000080031fc                WWDG_IRQHandler
                0x00000000080031fc                TIM1_BRK_IRQHandler
                0x00000000080031fc                EXTI1_IRQHandler
                0x00000000080031fc                RTCAlarm_IRQHandler
                0x00000000080031fc                DMA2_Channel4_5_IRQHandler
                0x00000000080031fc                USART2_IRQHandler
                0x00000000080031fc                I2C2_ER_IRQHandler
                0x00000000080031fc                DMA1_Channel2_IRQHandler
                0x00000000080031fc                TIM8_BRK_IRQHandler
                0x00000000080031fc                FLASH_IRQHandler
                0x00000000080031fc                BusFault_Handler
                0x00000000080031fc                USART1_IRQHandler
                0x00000000080031fc                SPI3_IRQHandler
                0x00000000080031fc                I2C1_ER_IRQHandler
                0x00000000080031fc                DMA2_Channel3_IRQHandler
 *fill*         0x00000000080031fe        0x2 
 .text.__errno  0x0000000008003200        0xc c:/st/stm32cubeide_1.7.0/stm32cubeide/plugins/com.st.stm32cube.ide.mcu.externaltools.gnu-tools-for-stm32.9-2020-q2-update.win32_2.0.0.202105311346/tools/bin/../lib/gcc/arm-none-eabi/9.3.1/../../../../arm-none-eabi/lib/thumb/v7-m/nofp\libc_nano.a(lib_a-errno.o)
                0x0000000008003200                __errno
 .text.__libc_init_array
                0x000000000800320c       0x48 c:/st/stm32cubeide_1.7.0/stm32cubeide/plugins/com.st.stm32cube.ide.mcu.externaltools.gnu-tools-for-stm32.9-2020-q2-update.win32_2.0.0.202105311346/tools/bin/../lib/gcc/arm-none-eabi/9.3.1/../../../../arm-none-eabi/lib/thumb/v7-m/nofp\libc_nano.a(lib_a-init.o)
                0x000000000800320c                __libc_init_array
 .text.memset   0x0000000008003254       0x10 c:/st/stm32cubeide_1.7.0/stm32cubeide/plugins/com.st.stm32cube.ide.mcu.externaltools.gnu-tools-for-stm32.9-2020-q2-update.win32_2.0.0.202105311346/tools/bin/../lib/gcc/arm-none-eabi/9.3.1/../../../../arm-none-eabi/lib/thumb/v7-m/nofp\libc_nano.a(lib_a-memset.o)
                0x0000000008003254                memset
 .text.printf   0x0000000008003264       0x30 c:/st/stm32cubeide_1.7.0/stm32cubeide/plugins/com.st.stm32cube.ide.mcu.externaltools.gnu-tools-for-stm32.9-2020-q2-update.win32_2.0.0.202105311346/tools/bin/../lib/gcc/arm-none-eabi/9.3.1/../../../../arm-none-eabi/lib/thumb/v7-m/nofp\libc_nano.a(lib_a-printf.o)
                0x0000000008003264                iprintf
                0x0000000008003264                printf
 .text.std      0x0000000008003294       0x48 c:/st/stm32cubeide_1.7.0/stm32cubeide/plugins/com.st.stm32cube.ide.mcu.externaltools.gnu-tools-for-stm32.9-2020-q2-update.win32_2.0.0.202105311346/tools/bin/../lib/gcc/arm-none-eabi/9.3.1/../../../../arm-none-eabi/lib/thumb/v7-m/nofp\libc_nano.a(lib_a-findfp.o)
 .text._cleanup_r
                0x00000000080032dc        0xc c:/st/stm32cubeide_1.7.0/stm32cubeide/plugins/com.st.stm32cube.ide.mcu.externaltools.gnu-tools-for-stm32.9-2020-q2-update.win32_2.0.0.202105311346/tools/bin/../lib/gcc/arm-none-eabi/9.3.1/../../../../arm-none-eabi/lib/thumb/v7-m/nofp\libc_nano.a(lib_a-findfp.o)
                0x00000000080032dc                _cleanup_r
 .text.__sfmoreglue
                0x00000000080032e8       0x2c c:/st/stm32cubeide_1.7.0/stm32cubeide/plugins/com.st.stm32cube.ide.mcu.externaltools.gnu-tools-for-stm32.9-2020-q2-update.win32_2.0.0.202105311346/tools/bin/../lib/gcc/arm-none-eabi/9.3.1/../../../../arm-none-eabi/lib/thumb/v7-m/nofp\libc_nano.a(lib_a-findfp.o)
                0x00000000080032e8                __sfmoreglue
 .text.__sfp_lock_acquire
                0x0000000008003314        0xc c:/st/stm32cubeide_1.7.0/stm32cubeide/plugins/com.st.stm32cube.ide.mcu.externaltools.gnu-tools-for-stm32.9-2020-q2-update.win32_2.0.0.202105311346/tools/bin/../lib/gcc/arm-none-eabi/9.3.1/../../../../arm-none-eabi/lib/thumb/v7-m/nofp\libc_nano.a(lib_a-findfp.o)
                0x0000000008003314                __sfp_lock_acquire
 .text.__sfp_lock_release
                0x0000000008003320        0xc c:/st/stm32cubeide_1.7.0/stm32cubeide/plugins/com.st.stm32cube.ide.mcu.externaltools.gnu-tools-for-stm32.9-2020-q2-update.win32_2.0.0.202105311346/tools/bin/../lib/gcc/arm-none-eabi/9.3.1/../../../../arm-none-eabi/lib/thumb/v7-m/nofp\libc_nano.a(lib_a-findfp.o)
                0x0000000008003320                __sfp_lock_release
 .text.__sinit_lock_acquire
                0x000000000800332c        0xc c:/st/stm32cubeide_1.7.0/stm32cubeide/plugins/com.st.stm32cube.ide.mcu.externaltools.gnu-tools-for-stm32.9-2020-q2-update.win32_2.0.0.202105311346/tools/bin/../lib/gcc/arm-none-eabi/9.3.1/../../../../arm-none-eabi/lib/thumb/v7-m/nofp\libc_nano.a(lib_a-findfp.o)
                0x000000000800332c                __sinit_lock_acquire
 .text.__sinit_lock_release
                0x0000000008003338        0xc c:/st/stm32cubeide_1.7.0/stm32cubeide/plugins/com.st.stm32cube.ide.mcu.externaltools.gnu-tools-for-stm32.9-2020-q2-update.win32_2.0.0.202105311346/tools/bin/../lib/gcc/arm-none-eabi/9.3.1/../../../../arm-none-eabi/lib/thumb/v7-m/nofp\libc_nano.a(lib_a-findfp.o)
                0x0000000008003338                __sinit_lock_release
 .text.__sinit  0x0000000008003344       0x70 c:/st/stm32cubeide_1.7.0/stm32cubeide/plugins/com.st.stm32cube.ide.mcu.externaltools.gnu-tools-for-stm32.9-2020-q2-update.win32_2.0.0.202105311346/tools/bin/../lib/gcc/arm-none-eabi/9.3.1/../../../../arm-none-eabi/lib/thumb/v7-m/nofp\libc_nano.a(lib_a-findfp.o)
                0x0000000008003344                __sinit
 .text.__sfp    0x00000000080033b4       0x8c c:/st/stm32cubeide_1.7.0/stm32cubeide/plugins/com.st.stm32cube.ide.mcu.externaltools.gnu-tools-for-stm32.9-2020-q2-update.win32_2.0.0.202105311346/tools/bin/../lib/gcc/arm-none-eabi/9.3.1/../../../../arm-none-eabi/lib/thumb/v7-m/nofp\libc_nano.a(lib_a-findfp.o)
                0x00000000080033b4                __sfp
 .text._fwalk_reent
                0x0000000008003440       0x3e c:/st/stm32cubeide_1.7.0/stm32cubeide/plugins/com.st.stm32cube.ide.mcu.externaltools.gnu-tools-for-stm32.9-2020-q2-update.win32_2.0.0.202105311346/tools/bin/../lib/gcc/arm-none-eabi/9.3.1/../../../../arm-none-eabi/lib/thumb/v7-m/nofp\libc_nano.a(lib_a-fwalk.o)
                0x0000000008003440                _fwalk_reent
 .text.__retarget_lock_init_recursive
                0x000000000800347e        0x2 c:/st/stm32cubeide_1.7.0/stm32cubeide/plugins/com.st.stm32cube.ide.mcu.externaltools.gnu-tools-for-stm32.9-2020-q2-update.win32_2.0.0.202105311346/tools/bin/../lib/gcc/arm-none-eabi/9.3.1/../../../../arm-none-eabi/lib/thumb/v7-m/nofp\libc_nano.a(lib_a-lock.o)
                0x000000000800347e                __retarget_lock_init_recursive
 .text.__retarget_lock_acquire_recursive
                0x0000000008003480        0x2 c:/st/stm32cubeide_1.7.0/stm32cubeide/plugins/com.st.stm32cube.ide.mcu.externaltools.gnu-tools-for-stm32.9-2020-q2-update.win32_2.0.0.202105311346/tools/bin/../lib/gcc/arm-none-eabi/9.3.1/../../../../arm-none-eabi/lib/thumb/v7-m/nofp\libc_nano.a(lib_a-lock.o)
                0x0000000008003480                __retarget_lock_acquire_recursive
 .text.__retarget_lock_release_recursive
                0x0000000008003482        0x2 c:/st/stm32cubeide_1.7.0/stm32cubeide/plugins/com.st.stm32cube.ide.mcu.externaltools.gnu-tools-for-stm32.9-2020-q2-update.win32_2.0.0.202105311346/tools/bin/../lib/gcc/arm-none-eabi/9.3.1/../../../../arm-none-eabi/lib/thumb/v7-m/nofp\libc_nano.a(lib_a-lock.o)
                0x0000000008003482                __retarget_lock_release_recursive
 .text._malloc_r
                0x0000000008003484       0xb4 c:/st/stm32cubeide_1.7.0/stm32cubeide/plugins/com.st.stm32cube.ide.mcu.externaltools.gnu-tools-for-stm32.9-2020-q2-update.win32_2.0.0.202105311346/tools/bin/../lib/gcc/arm-none-eabi/9.3.1/../../../../arm-none-eabi/lib/thumb/v7-m/nofp\libc_nano.a(lib_a-nano-mallocr.o)
                0x0000000008003484                _malloc_r
 .text.__sfputc_r
                0x0000000008003538       0x2a c:/st/stm32cubeide_1.7.0/stm32cubeide/plugins/com.st.stm32cube.ide.mcu.externaltools.gnu-tools-for-stm32.9-2020-q2-update.win32_2.0.0.202105311346/tools/bin/../lib/gcc/arm-none-eabi/9.3.1/../../../../arm-none-eabi/lib/thumb/v7-m/nofp\libc_nano.a(lib_a-nano-vfprintf.o)
 .text.__sfputs_r
                0x0000000008003562       0x24 c:/st/stm32cubeide_1.7.0/stm32cubeide/plugins/com.st.stm32cube.ide.mcu.externaltools.gnu-tools-for-stm32.9-2020-q2-update.win32_2.0.0.202105311346/tools/bin/../lib/gcc/arm-none-eabi/9.3.1/../../../../arm-none-eabi/lib/thumb/v7-m/nofp\libc_nano.a(lib_a-nano-vfprintf.o)
                0x0000000008003562                __sfputs_r
 *fill*         0x0000000008003586        0x2 
 .text._vfprintf_r
                0x0000000008003588      0x260 c:/st/stm32cubeide_1.7.0/stm32cubeide/plugins/com.st.stm32cube.ide.mcu.externaltools.gnu-tools-for-stm32.9-2020-q2-update.win32_2.0.0.202105311346/tools/bin/../lib/gcc/arm-none-eabi/9.3.1/../../../../arm-none-eabi/lib/thumb/v7-m/nofp\libc_nano.a(lib_a-nano-vfprintf.o)
                0x0000000008003588                _vfprintf_r
                0x0000000008003588                _vfiprintf_r
 .text._printf_common
                0x00000000080037e8       0xde c:/st/stm32cubeide_1.7.0/stm32cubeide/plugins/com.st.stm32cube.ide.mcu.externaltools.gnu-tools-for-stm32.9-2020-q2-update.win32_2.0.0.202105311346/tools/bin/../lib/gcc/arm-none-eabi/9.3.1/../../../../arm-none-eabi/lib/thumb/v7-m/nofp\libc_nano.a(lib_a-nano-vfprintf_i.o)
                0x00000000080037e8                _printf_common
 *fill*         0x00000000080038c6        0x2 
 .text._printf_i
                0x00000000080038c8      0x24c c:/st/stm32cubeide_1.7.0/stm32cubeide/plugins/com.st.stm32cube.ide.mcu.externaltools.gnu-tools-for-stm32.9-2020-q2-update.win32_2.0.0.202105311346/tools/bin/../lib/gcc/arm-none-eabi/9.3.1/../../../../arm-none-eabi/lib/thumb/v7-m/nofp\libc_nano.a(lib_a-nano-vfprintf_i.o)
                0x00000000080038c8                _printf_i
 .text._sbrk_r  0x0000000008003b14       0x20 c:/st/stm32cubeide_1.7.0/stm32cubeide/plugins/com.st.stm32cube.ide.mcu.externaltools.gnu-tools-for-stm32.9-2020-q2-update.win32_2.0.0.202105311346/tools/bin/../lib/gcc/arm-none-eabi/9.3.1/../../../../arm-none-eabi/lib/thumb/v7-m/nofp\libc_nano.a(lib_a-sbrkr.o)
                0x0000000008003b14                _sbrk_r
 .text.__sread  0x0000000008003b34       0x22 c:/st/stm32cubeide_1.7.0/stm32cubeide/plugins/com.st.stm32cube.ide.mcu.externaltools.gnu-tools-for-stm32.9-2020-q2-update.win32_2.0.0.202105311346/tools/bin/../lib/gcc/arm-none-eabi/9.3.1/../../../../arm-none-eabi/lib/thumb/v7-m/nofp\libc_nano.a(lib_a-stdio.o)
                0x0000000008003b34                __sread
 .text.__swrite
                0x0000000008003b56       0x38 c:/st/stm32cubeide_1.7.0/stm32cubeide/plugins/com.st.stm32cube.ide.mcu.externaltools.gnu-tools-for-stm32.9-2020-q2-update.win32_2.0.0.202105311346/tools/bin/../lib/gcc/arm-none-eabi/9.3.1/../../../../arm-none-eabi/lib/thumb/v7-m/nofp\libc_nano.a(lib_a-stdio.o)
                0x0000000008003b56                __swrite
 .text.__sseek  0x0000000008003b8e       0x24 c:/st/stm32cubeide_1.7.0/stm32cubeide/plugins/com.st.stm32cube.ide.mcu.externaltools.gnu-tools-for-stm32.9-2020-q2-update.win32_2.0.0.202105311346/tools/bin/../lib/gcc/arm-none-eabi/9.3.1/../../../../arm-none-eabi/lib/thumb/v7-m/nofp\libc_nano.a(lib_a-stdio.o)
                0x0000000008003b8e                __sseek
 .text.__sclose
                0x0000000008003bb2        0x8 c:/st/stm32cubeide_1.7.0/stm32cubeide/plugins/com.st.stm32cube.ide.mcu.externaltools.gnu-tools-for-stm32.9-2020-q2-update.win32_2.0.0.202105311346/tools/bin/../lib/gcc/arm-none-eabi/9.3.1/../../../../arm-none-eabi/lib/thumb/v7-m/nofp\libc_nano.a(lib_a-stdio.o)
                0x0000000008003bb2                __sclose
 *fill*         0x0000000008003bba        0x2 
 .text.__swbuf_r
                0x0000000008003bbc       0xa4 c:/st/stm32cubeide_1.7.0/stm32cubeide/plugins/com.st.stm32cube.ide.mcu.externaltools.gnu-tools-for-stm32.9-2020-q2-update.win32_2.0.0.202105311346/tools/bin/../lib/gcc/arm-none-eabi/9.3.1/../../../../arm-none-eabi/lib/thumb/v7-m/nofp\libc_nano.a(lib_a-wbuf.o)
                0x0000000008003bbc                __swbuf_r
 .text._write_r
                0x0000000008003c60       0x24 c:/st/stm32cubeide_1.7.0/stm32cubeide/plugins/com.st.stm32cube.ide.mcu.externaltools.gnu-tools-for-stm32.9-2020-q2-update.win32_2.0.0.202105311346/tools/bin/../lib/gcc/arm-none-eabi/9.3.1/../../../../arm-none-eabi/lib/thumb/v7-m/nofp\libc_nano.a(lib_a-writer.o)
                0x0000000008003c60                _write_r
 .text.__swsetup_r
                0x0000000008003c84       0xdc c:/st/stm32cubeide_1.7.0/stm32cubeide/plugins/com.st.stm32cube.ide.mcu.externaltools.gnu-tools-for-stm32.9-2020-q2-update.win32_2.0.0.202105311346/tools/bin/../lib/gcc/arm-none-eabi/9.3.1/../../../../arm-none-eabi/lib/thumb/v7-m/nofp\libc_nano.a(lib_a-wsetup.o)
                0x0000000008003c84                __swsetup_r
 .text._close_r
                0x0000000008003d60       0x20 c:/st/stm32cubeide_1.7.0/stm32cubeide/plugins/com.st.stm32cube.ide.mcu.externaltools.gnu-tools-for-stm32.9-2020-q2-update.win32_2.0.0.202105311346/tools/bin/../lib/gcc/arm-none-eabi/9.3.1/../../../../arm-none-eabi/lib/thumb/v7-m/nofp\libc_nano.a(lib_a-closer.o)
                0x0000000008003d60                _close_r
 .text.__sflush_r
                0x0000000008003d80      0x10c c:/st/stm32cubeide_1.7.0/stm32cubeide/plugins/com.st.stm32cube.ide.mcu.externaltools.gnu-tools-for-stm32.9-2020-q2-update.win32_2.0.0.202105311346/tools/bin/../lib/gcc/arm-none-eabi/9.3.1/../../../../arm-none-eabi/lib/thumb/v7-m/nofp\libc_nano.a(lib_a-fflush.o)
                0x0000000008003d80                __sflush_r
 .text._fflush_r
                0x0000000008003e8c       0x78 c:/st/stm32cubeide_1.7.0/stm32cubeide/plugins/com.st.stm32cube.ide.mcu.externaltools.gnu-tools-for-stm32.9-2020-q2-update.win32_2.0.0.202105311346/tools/bin/../lib/gcc/arm-none-eabi/9.3.1/../../../../arm-none-eabi/lib/thumb/v7-m/nofp\libc_nano.a(lib_a-fflush.o)
                0x0000000008003e8c                _fflush_r
 .text._lseek_r
                0x0000000008003f04       0x24 c:/st/stm32cubeide_1.7.0/stm32cubeide/plugins/com.st.stm32cube.ide.mcu.externaltools.gnu-tools-for-stm32.9-2020-q2-update.win32_2.0.0.202105311346/tools/bin/../lib/gcc/arm-none-eabi/9.3.1/../../../../arm-none-eabi/lib/thumb/v7-m/nofp\libc_nano.a(lib_a-lseekr.o)
                0x0000000008003f04                _lseek_r
 .text.__swhatbuf_r
                0x0000000008003f28       0x48 c:/st/stm32cubeide_1.7.0/stm32cubeide/plugins/com.st.stm32cube.ide.mcu.externaltools.gnu-tools-for-stm32.9-2020-q2-update.win32_2.0.0.202105311346/tools/bin/../lib/gcc/arm-none-eabi/9.3.1/../../../../arm-none-eabi/lib/thumb/v7-m/nofp\libc_nano.a(lib_a-makebuf.o)
                0x0000000008003f28                __swhatbuf_r
 .text.__smakebuf_r
                0x0000000008003f70       0x80 c:/st/stm32cubeide_1.7.0/stm32cubeide/plugins/com.st.stm32cube.ide.mcu.externaltools.gnu-tools-for-stm32.9-2020-q2-update.win32_2.0.0.202105311346/tools/bin/../lib/gcc/arm-none-eabi/9.3.1/../../../../arm-none-eabi/lib/thumb/v7-m/nofp\libc_nano.a(lib_a-makebuf.o)
                0x0000000008003f70                __smakebuf_r
 .text.memchr   0x0000000008003ff0       0x1c c:/st/stm32cubeide_1.7.0/stm32cubeide/plugins/com.st.stm32cube.ide.mcu.externaltools.gnu-tools-for-stm32.9-2020-q2-update.win32_2.0.0.202105311346/tools/bin/../lib/gcc/arm-none-eabi/9.3.1/../../../../arm-none-eabi/lib/thumb/v7-m/nofp\libc_nano.a(lib_a-memchr-stub.o)
                0x0000000008003ff0                memchr
 .text.__malloc_lock
                0x000000000800400c        0xc c:/st/stm32cubeide_1.7.0/stm32cubeide/plugins/com.st.stm32cube.ide.mcu.externaltools.gnu-tools-for-stm32.9-2020-q2-update.win32_2.0.0.202105311346/tools/bin/../lib/gcc/arm-none-eabi/9.3.1/../../../../arm-none-eabi/lib/thumb/v7-m/nofp\libc_nano.a(lib_a-mlock.o)
                0x000000000800400c                __malloc_lock
 .text.__malloc_unlock
                0x0000000008004018        0xc c:/st/stm32cubeide_1.7.0/stm32cubeide/plugins/com.st.stm32cube.ide.mcu.externaltools.gnu-tools-for-stm32.9-2020-q2-update.win32_2.0.0.202105311346/tools/bin/../lib/gcc/arm-none-eabi/9.3.1/../../../../arm-none-eabi/lib/thumb/v7-m/nofp\libc_nano.a(lib_a-mlock.o)
                0x0000000008004018                __malloc_unlock
 .text._free_r  0x0000000008004024       0x98 c:/st/stm32cubeide_1.7.0/stm32cubeide/plugins/com.st.stm32cube.ide.mcu.externaltools.gnu-tools-for-stm32.9-2020-q2-update.win32_2.0.0.202105311346/tools/bin/../lib/gcc/arm-none-eabi/9.3.1/../../../../arm-none-eabi/lib/thumb/v7-m/nofp\libc_nano.a(lib_a-nano-freer.o)
                0x0000000008004024                _free_r
 .text._read_r  0x00000000080040bc       0x24 c:/st/stm32cubeide_1.7.0/stm32cubeide/plugins/com.st.stm32cube.ide.mcu.externaltools.gnu-tools-for-stm32.9-2020-q2-update.win32_2.0.0.202105311346/tools/bin/../lib/gcc/arm-none-eabi/9.3.1/../../../../arm-none-eabi/lib/thumb/v7-m/nofp\libc_nano.a(lib_a-readr.o)
                0x00000000080040bc                _read_r
 .text._fstat_r
                0x00000000080040e0       0x24 c:/st/stm32cubeide_1.7.0/stm32cubeide/plugins/com.st.stm32cube.ide.mcu.externaltools.gnu-tools-for-stm32.9-2020-q2-update.win32_2.0.0.202105311346/tools/bin/../lib/gcc/arm-none-eabi/9.3.1/../../../../arm-none-eabi/lib/thumb/v7-m/nofp\libc_nano.a(lib_a-fstatr.o)
                0x00000000080040e0                _fstat_r
 .text._isatty_r
                0x0000000008004104       0x20 c:/st/stm32cubeide_1.7.0/stm32cubeide/plugins/com.st.stm32cube.ide.mcu.externaltools.gnu-tools-for-stm32.9-2020-q2-update.win32_2.0.0.202105311346/tools/bin/../lib/gcc/arm-none-eabi/9.3.1/../../../../arm-none-eabi/lib/thumb/v7-m/nofp\libc_nano.a(lib_a-isattyr.o)
                0x0000000008004104                _isatty_r
 *(.glue_7)
 .glue_7        0x0000000008004124        0x0 linker stubs
 *(.glue_7t)
 .glue_7t       0x0000000008004124        0x0 linker stubs
 *(.eh_frame)
 .eh_frame      0x0000000008004124        0x0 c:/st/stm32cubeide_1.7.0/stm32cubeide/plugins/com.st.stm32cube.ide.mcu.externaltools.gnu-tools-for-stm32.9-2020-q2-update.win32_2.0.0.202105311346/tools/bin/../lib/gcc/arm-none-eabi/9.3.1/thumb/v7-m/nofp/crtbegin.o
 *(.init)
 .init          0x0000000008004124        0x4 c:/st/stm32cubeide_1.7.0/stm32cubeide/plugins/com.st.stm32cube.ide.mcu.externaltools.gnu-tools-for-stm32.9-2020-q2-update.win32_2.0.0.202105311346/tools/bin/../lib/gcc/arm-none-eabi/9.3.1/thumb/v7-m/nofp/crti.o
                0x0000000008004124                _init
 .init          0x0000000008004128        0x8 c:/st/stm32cubeide_1.7.0/stm32cubeide/plugins/com.st.stm32cube.ide.mcu.externaltools.gnu-tools-for-stm32.9-2020-q2-update.win32_2.0.0.202105311346/tools/bin/../lib/gcc/arm-none-eabi/9.3.1/thumb/v7-m/nofp/crtn.o
 *(.fini)
 .fini          0x0000000008004130        0x4 c:/st/stm32cubeide_1.7.0/stm32cubeide/plugins/com.st.stm32cube.ide.mcu.externaltools.gnu-tools-for-stm32.9-2020-q2-update.win32_2.0.0.202105311346/tools/bin/../lib/gcc/arm-none-eabi/9.3.1/thumb/v7-m/nofp/crti.o
                0x0000000008004130                _fini
 .fini          0x0000000008004134        0x8 c:/st/stm32cubeide_1.7.0/stm32cubeide/plugins/com.st.stm32cube.ide.mcu.externaltools.gnu-tools-for-stm32.9-2020-q2-update.win32_2.0.0.202105311346/tools/bin/../lib/gcc/arm-none-eabi/9.3.1/thumb/v7-m/nofp/crtn.o
                0x000000000800413c                . = ALIGN (0x4)
                0x000000000800413c                _etext = .

.vfp11_veneer   0x000000000800413c        0x0
 .vfp11_veneer  0x000000000800413c        0x0 linker stubs

.v4_bx          0x000000000800413c        0x0
 .v4_bx         0x000000000800413c        0x0 linker stubs

.iplt           0x000000000800413c        0x0
 .iplt          0x000000000800413c        0x0 c:/st/stm32cubeide_1.7.0/stm32cubeide/plugins/com.st.stm32cube.ide.mcu.externaltools.gnu-tools-for-stm32.9-2020-q2-update.win32_2.0.0.202105311346/tools/bin/../lib/gcc/arm-none-eabi/9.3.1/thumb/v7-m/nofp/crtbegin.o

.rodata         0x000000000800413c       0xd4
                0x000000000800413c                . = ALIGN (0x4)
 *(.rodata)
 .rodata        0x000000000800413c       0x3b ./Src/main.o
 *(.rodata*)
 *fill*         0x0000000008004177        0x1 
 .rodata._global_impure_ptr
                0x0000000008004178        0x4 c:/st/stm32cubeide_1.7.0/stm32cubeide/plugins/com.st.stm32cube.ide.mcu.externaltools.gnu-tools-for-stm32.9-2020-q2-update.win32_2.0.0.202105311346/tools/bin/../lib/gcc/arm-none-eabi/9.3.1/../../../../arm-none-eabi/lib/thumb/v7-m/nofp\libc_nano.a(lib_a-impure.o)
                0x0000000008004178                _global_impure_ptr
 .rodata.__sf_fake_stderr
                0x000000000800417c       0x20 c:/st/stm32cubeide_1.7.0/stm32cubeide/plugins/com.st.stm32cube.ide.mcu.externaltools.gnu-tools-for-stm32.9-2020-q2-update.win32_2.0.0.202105311346/tools/bin/../lib/gcc/arm-none-eabi/9.3.1/../../../../arm-none-eabi/lib/thumb/v7-m/nofp\libc_nano.a(lib_a-findfp.o)
                0x000000000800417c                __sf_fake_stderr
 .rodata.__sf_fake_stdin
                0x000000000800419c       0x20 c:/st/stm32cubeide_1.7.0/stm32cubeide/plugins/com.st.stm32cube.ide.mcu.externaltools.gnu-tools-for-stm32.9-2020-q2-update.win32_2.0.0.202105311346/tools/bin/../lib/gcc/arm-none-eabi/9.3.1/../../../../arm-none-eabi/lib/thumb/v7-m/nofp\libc_nano.a(lib_a-findfp.o)
                0x000000000800419c                __sf_fake_stdin
 .rodata.__sf_fake_stdout
                0x00000000080041bc       0x20 c:/st/stm32cubeide_1.7.0/stm32cubeide/plugins/com.st.stm32cube.ide.mcu.externaltools.gnu-tools-for-stm32.9-2020-q2-update.win32_2.0.0.202105311346/tools/bin/../lib/gcc/arm-none-eabi/9.3.1/../../../../arm-none-eabi/lib/thumb/v7-m/nofp\libc_nano.a(lib_a-findfp.o)
                0x00000000080041bc                __sf_fake_stdout
 .rodata._vfprintf_r.str1.1
                0x00000000080041dc       0x11 c:/st/stm32cubeide_1.7.0/stm32cubeide/plugins/com.st.stm32cube.ide.mcu.externaltools.gnu-tools-for-stm32.9-2020-q2-update.win32_2.0.0.202105311346/tools/bin/../lib/gcc/arm-none-eabi/9.3.1/../../../../arm-none-eabi/lib/thumb/v7-m/nofp\libc_nano.a(lib_a-nano-vfprintf.o)
 .rodata._printf_i.str1.1
                0x00000000080041ed       0x22 c:/st/stm32cubeide_1.7.0/stm32cubeide/plugins/com.st.stm32cube.ide.mcu.externaltools.gnu-tools-for-stm32.9-2020-q2-update.win32_2.0.0.202105311346/tools/bin/../lib/gcc/arm-none-eabi/9.3.1/../../../../arm-none-eabi/lib/thumb/v7-m/nofp\libc_nano.a(lib_a-nano-vfprintf_i.o)
                0x0000000008004210                . = ALIGN (0x4)
 *fill*         0x000000000800420f        0x1 

.rel.dyn        0x0000000008004210        0x0
 .rel.iplt      0x0000000008004210        0x0 c:/st/stm32cubeide_1.7.0/stm32cubeide/plugins/com.st.stm32cube.ide.mcu.externaltools.gnu-tools-for-stm32.9-2020-q2-update.win32_2.0.0.202105311346/tools/bin/../lib/gcc/arm-none-eabi/9.3.1/thumb/v7-m/nofp/crtbegin.o

.ARM.extab      0x0000000008004210        0x0
                0x0000000008004210                . = ALIGN (0x4)
 *(.ARM.extab* .gnu.linkonce.armextab.*)
                0x0000000008004210                . = ALIGN (0x4)

.ARM            0x0000000008004210        0x0
                0x0000000008004210                . = ALIGN (0x4)
                0x0000000008004210                __exidx_start = .
 *(.ARM.exidx*)
                0x0000000008004210                __exidx_end = .
                0x0000000008004210                . = ALIGN (0x4)

.preinit_array  0x0000000008004210        0x0
                0x0000000008004210                . = ALIGN (0x4)
                0x0000000008004210                PROVIDE (__preinit_array_start = .)
 *(.preinit_array*)
                0x0000000008004210                PROVIDE (__preinit_array_end = .)
                0x0000000008004210                . = ALIGN (0x4)

.init_array     0x0000000008004210        0x4
                0x0000000008004210                . = ALIGN (0x4)
                0x0000000008004210                PROVIDE (__init_array_start = .)
 *(SORT_BY_NAME(.init_array.*))
 *(.init_array*)
 .init_array    0x0000000008004210        0x4 c:/st/stm32cubeide_1.7.0/stm32cubeide/plugins/com.st.stm32cube.ide.mcu.externaltools.gnu-tools-for-stm32.9-2020-q2-update.win32_2.0.0.202105311346/tools/bin/../lib/gcc/arm-none-eabi/9.3.1/thumb/v7-m/nofp/crtbegin.o
                0x0000000008004214                PROVIDE (__init_array_end = .)
                0x0000000008004214                . = ALIGN (0x4)

.fini_array     0x0000000008004214        0x4
                0x0000000008004214                . = ALIGN (0x4)
                [!provide]                        PROVIDE (__fini_array_start = .)
 *(SORT_BY_NAME(.fini_array.*))
 *(.fini_array*)
 .fini_array    0x0000000008004214        0x4 c:/st/stm32cubeide_1.7.0/stm32cubeide/plugins/com.st.stm32cube.ide.mcu.externaltools.gnu-tools-for-stm32.9-2020-q2-update.win32_2.0.0.202105311346/tools/bin/../lib/gcc/arm-none-eabi/9.3.1/thumb/v7-m/nofp/crtbegin.o
                [!provide]                        PROVIDE (__fini_array_end = .)
                0x0000000008004218                . = ALIGN (0x4)
                0x0000000008004218                _sidata = LOADADDR (.data)

.data           0x0000000020000000       0xa4 load address 0x0000000008004218
                0x0000000020000000                . = ALIGN (0x4)
                0x0000000020000000                _sdata = .
 *(.data)
 *(.data*)
 .data.RCC_REG  0x0000000020000000        0x7 ./Src/main.o
                0x0000000020000000                RCC_REG
 *fill*         0x0000000020000007        0x1 
 .data.GPIO_OUT
                0x0000000020000008       0x1c ./Src/main.o
                0x0000000020000008                GPIO_OUT
 .data.GPIO_OUT2
                0x0000000020000024       0x1c ./Src/main.o
                0x0000000020000024                GPIO_OUT2
 .data._impure_ptr
                0x0000000020000040        0x4 c:/st/stm32cubeide_1.7.0/stm32cubeide/plugins/com.st.stm32cube.ide.mcu.externaltools.gnu-tools-for-stm32.9-2020-q2-update.win32_2.0.0.202105311346/tools/bin/../lib/gcc/arm-none-eabi/9.3.1/../../../../arm-none-eabi/lib/thumb/v7-m/nofp\libc_nano.a(lib_a-impure.o)
                0x0000000020000040                _impure_ptr
 .data.impure_data
                0x0000000020000044       0x60 c:/st/stm32cubeide_1.7.0/stm32cubeide/plugins/com.st.stm32cube.ide.mcu.externaltools.gnu-tools-for-stm32.9-2020-q2-update.win32_2.0.0.202105311346/tools/bin/../lib/gcc/arm-none-eabi/9.3.1/../../../../arm-none-eabi/lib/thumb/v7-m/nofp\libc_nano.a(lib_a-impure.o)
 *(.RamFunc)
 *(.RamFunc*)
                0x00000000200000a4                . = ALIGN (0x4)
                0x00000000200000a4                _edata = .

.igot.plt       0x00000000200000a4        0x0 load address 0x00000000080042bc
 .igot.plt      0x00000000200000a4        0x0 c:/st/stm32cubeide_1.7.0/stm32cubeide/plugins/com.st.stm32cube.ide.mcu.externaltools.gnu-tools-for-stm32.9-2020-q2-update.win32_2.0.0.202105311346/tools/bin/../lib/gcc/arm-none-eabi/9.3.1/thumb/v7-m/nofp/crtbegin.o
                0x00000000200000a4                . = ALIGN (0x4)

.bss            0x00000000200000a4       0x70 load address 0x00000000080042bc
                0x00000000200000a4                _sbss = .
                0x00000000200000a4                __bss_start__ = _sbss
 *(.bss)
 .bss           0x00000000200000a4       0x1c c:/st/stm32cubeide_1.7.0/stm32cubeide/plugins/com.st.stm32cube.ide.mcu.externaltools.gnu-tools-for-stm32.9-2020-q2-update.win32_2.0.0.202105311346/tools/bin/../lib/gcc/arm-none-eabi/9.3.1/thumb/v7-m/nofp/crtbegin.o
 *(.bss*)
 .bss.SYS_CALLBACK_
                0x00000000200000c0        0x4 ./Src/CortexM3_Core_Systick.o
                0x00000000200000c0                SYS_CALLBACK_
 .bss.ADC_CALLBACK_
                0x00000000200000c4        0x4 ./Src/HAL_Adc.o
 .bss.EXTI_CLL0
                0x00000000200000c8        0x4 ./Src/HAL_Gpio.o
                0x00000000200000c8                EXTI_CLL0
 .bss.Callback_4_TIM2
                0x00000000200000cc        0x4 ./Src/HAL_Timer.o
 .bss.Handle    0x00000000200000d0        0x4 ./Src/HAL_Usart.o
                0x00000000200000d0                Handle
 .bss.RX_Callback_USART_3
                0x00000000200000d4        0x4 ./Src/HAL_Usart.o
                0x00000000200000d4                RX_Callback_USART_3
 .bss.Delay_Ms  0x00000000200000d8        0x4 ./Src/main.o
                0x00000000200000d8                Delay_Ms
 .bss.Delay_LED
                0x00000000200000dc        0x4 ./Src/main.o
                0x00000000200000dc                Delay_LED
 .bss.Delay_LED_O
                0x00000000200000e0        0x4 ./Src/main.o
                0x00000000200000e0                Delay_LED_O
 .bss.__sbrk_heap_end
                0x00000000200000e4        0x4 ./Src/sysmem.o
 .bss.__malloc_free_list
                0x00000000200000e8        0x4 c:/st/stm32cubeide_1.7.0/stm32cubeide/plugins/com.st.stm32cube.ide.mcu.externaltools.gnu-tools-for-stm32.9-2020-q2-update.win32_2.0.0.202105311346/tools/bin/../lib/gcc/arm-none-eabi/9.3.1/../../../../arm-none-eabi/lib/thumb/v7-m/nofp\libc_nano.a(lib_a-nano-mallocr.o)
                0x00000000200000e8                __malloc_free_list
 .bss.__malloc_sbrk_start
                0x00000000200000ec        0x4 c:/st/stm32cubeide_1.7.0/stm32cubeide/plugins/com.st.stm32cube.ide.mcu.externaltools.gnu-tools-for-stm32.9-2020-q2-update.win32_2.0.0.202105311346/tools/bin/../lib/gcc/arm-none-eabi/9.3.1/../../../../arm-none-eabi/lib/thumb/v7-m/nofp\libc_nano.a(lib_a-nano-mallocr.o)
                0x00000000200000ec                __malloc_sbrk_start
 *(COMMON)
 COMMON         0x00000000200000f0        0x4 ./Src/CortexM3_Core_Systick.o
                0x00000000200000f0                SYS_CLK
 COMMON         0x00000000200000f4       0x10 ./Src/main.o
                0x00000000200000f4                Timer_Val
                0x00000000200000f6                Key_Pressed
                0x00000000200000f8                Counter
                0x00000000200000fa                CapTure
                0x00000000200000fc                Duty_Cycle
                0x0000000020000100                ADC_Val
 COMMON         0x0000000020000104        0x9 c:/st/stm32cubeide_1.7.0/stm32cubeide/plugins/com.st.stm32cube.ide.mcu.externaltools.gnu-tools-for-stm32.9-2020-q2-update.win32_2.0.0.202105311346/tools/bin/../lib/gcc/arm-none-eabi/9.3.1/../../../../arm-none-eabi/lib/thumb/v7-m/nofp\libc_nano.a(lib_a-lock.o)
                0x0000000020000104                __lock___atexit_recursive_mutex
                0x0000000020000105                __lock___arc4random_mutex
                0x0000000020000106                __lock___env_recursive_mutex
                0x0000000020000107                __lock___sinit_recursive_mutex
                0x0000000020000108                __lock___malloc_recursive_mutex
                0x0000000020000109                __lock___at_quick_exit_mutex
                0x000000002000010a                __lock___dd_hash_mutex
                0x000000002000010b                __lock___tz_mutex
                0x000000002000010c                __lock___sfp_recursive_mutex
 *fill*         0x000000002000010d        0x3 
 COMMON         0x0000000020000110        0x4 c:/st/stm32cubeide_1.7.0/stm32cubeide/plugins/com.st.stm32cube.ide.mcu.externaltools.gnu-tools-for-stm32.9-2020-q2-update.win32_2.0.0.202105311346/tools/bin/../lib/gcc/arm-none-eabi/9.3.1/../../../../arm-none-eabi/lib/thumb/v7-m/nofp\libc_nano.a(lib_a-reent.o)
                0x0000000020000110                errno
                0x0000000020000114                . = ALIGN (0x4)
                0x0000000020000114                _ebss = .
                0x0000000020000114                __bss_end__ = _ebss

._user_heap_stack
                0x0000000020000114      0x604 load address 0x00000000080042bc
                0x0000000020000118                . = ALIGN (0x8)
 *fill*         0x0000000020000114        0x4 
                [!provide]                        PROVIDE (end = .)
                0x0000000020000118                PROVIDE (_end = .)
                0x0000000020000318                . = (. + _Min_Heap_Size)
 *fill*         0x0000000020000118      0x200 
                0x0000000020000718                . = (. + _Min_Stack_Size)
 *fill*         0x0000000020000318      0x400 
                0x0000000020000718                . = ALIGN (0x8)

/DISCARD/
 libc.a(*)
 libm.a(*)
 libgcc.a(*)

.ARM.attributes
                0x0000000000000000       0x29
 *(.ARM.attributes)
 .ARM.attributes
                0x0000000000000000       0x1d c:/st/stm32cubeide_1.7.0/stm32cubeide/plugins/com.st.stm32cube.ide.mcu.externaltools.gnu-tools-for-stm32.9-2020-q2-update.win32_2.0.0.202105311346/tools/bin/../lib/gcc/arm-none-eabi/9.3.1/thumb/v7-m/nofp/crti.o
 .ARM.attributes
                0x000000000000001d       0x2d c:/st/stm32cubeide_1.7.0/stm32cubeide/plugins/com.st.stm32cube.ide.mcu.externaltools.gnu-tools-for-stm32.9-2020-q2-update.win32_2.0.0.202105311346/tools/bin/../lib/gcc/arm-none-eabi/9.3.1/thumb/v7-m/nofp/crtbegin.o
 .ARM.attributes
                0x000000000000004a       0x2d ./Src/CortexM3_Core_Systick.o
 .ARM.attributes
                0x0000000000000077       0x2d ./Src/HAL_Adc.o
 .ARM.attributes
                0x00000000000000a4       0x2d ./Src/HAL_Gpio.o
 .ARM.attributes
                0x00000000000000d1       0x2d ./Src/HAL_RCC.o
 .ARM.attributes
                0x00000000000000fe       0x2d ./Src/HAL_Timer.o
 .ARM.attributes
                0x000000000000012b       0x2d ./Src/HAL_Usart.o
 .ARM.attributes
                0x0000000000000158       0x2d ./Src/main.o
 .ARM.attributes
                0x0000000000000185       0x2d ./Src/syscalls.o
 .ARM.attributes
                0x00000000000001b2       0x2d ./Src/sysmem.o
 .ARM.attributes
                0x00000000000001df       0x21 ./Startup/startup_stm32f103c8tx.o
 .ARM.attributes
                0x0000000000000200       0x2d c:/st/stm32cubeide_1.7.0/stm32cubeide/plugins/com.st.stm32cube.ide.mcu.externaltools.gnu-tools-for-stm32.9-2020-q2-update.win32_2.0.0.202105311346/tools/bin/../lib/gcc/arm-none-eabi/9.3.1/../../../../arm-none-eabi/lib/thumb/v7-m/nofp\libc_nano.a(lib_a-errno.o)
 .ARM.attributes
                0x000000000000022d       0x2d c:/st/stm32cubeide_1.7.0/stm32cubeide/plugins/com.st.stm32cube.ide.mcu.externaltools.gnu-tools-for-stm32.9-2020-q2-update.win32_2.0.0.202105311346/tools/bin/../lib/gcc/arm-none-eabi/9.3.1/../../../../arm-none-eabi/lib/thumb/v7-m/nofp\libc_nano.a(lib_a-impure.o)
 .ARM.attributes
                0x000000000000025a       0x2d c:/st/stm32cubeide_1.7.0/stm32cubeide/plugins/com.st.stm32cube.ide.mcu.externaltools.gnu-tools-for-stm32.9-2020-q2-update.win32_2.0.0.202105311346/tools/bin/../lib/gcc/arm-none-eabi/9.3.1/../../../../arm-none-eabi/lib/thumb/v7-m/nofp\libc_nano.a(lib_a-init.o)
 .ARM.attributes
                0x0000000000000287       0x2d c:/st/stm32cubeide_1.7.0/stm32cubeide/plugins/com.st.stm32cube.ide.mcu.externaltools.gnu-tools-for-stm32.9-2020-q2-update.win32_2.0.0.202105311346/tools/bin/../lib/gcc/arm-none-eabi/9.3.1/../../../../arm-none-eabi/lib/thumb/v7-m/nofp\libc_nano.a(lib_a-memset.o)
 .ARM.attributes
                0x00000000000002b4       0x2d c:/st/stm32cubeide_1.7.0/stm32cubeide/plugins/com.st.stm32cube.ide.mcu.externaltools.gnu-tools-for-stm32.9-2020-q2-update.win32_2.0.0.202105311346/tools/bin/../lib/gcc/arm-none-eabi/9.3.1/../../../../arm-none-eabi/lib/thumb/v7-m/nofp\libc_nano.a(lib_a-printf.o)
 .ARM.attributes
                0x00000000000002e1       0x2d c:/st/stm32cubeide_1.7.0/stm32cubeide/plugins/com.st.stm32cube.ide.mcu.externaltools.gnu-tools-for-stm32.9-2020-q2-update.win32_2.0.0.202105311346/tools/bin/../lib/gcc/arm-none-eabi/9.3.1/../../../../arm-none-eabi/lib/thumb/v7-m/nofp\libc_nano.a(lib_a-findfp.o)
 .ARM.attributes
                0x000000000000030e       0x2d c:/st/stm32cubeide_1.7.0/stm32cubeide/plugins/com.st.stm32cube.ide.mcu.externaltools.gnu-tools-for-stm32.9-2020-q2-update.win32_2.0.0.202105311346/tools/bin/../lib/gcc/arm-none-eabi/9.3.1/../../../../arm-none-eabi/lib/thumb/v7-m/nofp\libc_nano.a(lib_a-fwalk.o)
 .ARM.attributes
                0x000000000000033b       0x2d c:/st/stm32cubeide_1.7.0/stm32cubeide/plugins/com.st.stm32cube.ide.mcu.externaltools.gnu-tools-for-stm32.9-2020-q2-update.win32_2.0.0.202105311346/tools/bin/../lib/gcc/arm-none-eabi/9.3.1/../../../../arm-none-eabi/lib/thumb/v7-m/nofp\libc_nano.a(lib_a-lock.o)
 .ARM.attributes
                0x0000000000000368       0x2d c:/st/stm32cubeide_1.7.0/stm32cubeide/plugins/com.st.stm32cube.ide.mcu.externaltools.gnu-tools-for-stm32.9-2020-q2-update.win32_2.0.0.202105311346/tools/bin/../lib/gcc/arm-none-eabi/9.3.1/../../../../arm-none-eabi/lib/thumb/v7-m/nofp\libc_nano.a(lib_a-nano-mallocr.o)
 .ARM.attributes
                0x0000000000000395       0x2d c:/st/stm32cubeide_1.7.0/stm32cubeide/plugins/com.st.stm32cube.ide.mcu.externaltools.gnu-tools-for-stm32.9-2020-q2-update.win32_2.0.0.202105311346/tools/bin/../lib/gcc/arm-none-eabi/9.3.1/../../../../arm-none-eabi/lib/thumb/v7-m/nofp\libc_nano.a(lib_a-nano-vfprintf.o)
 .ARM.attributes
                0x00000000000003c2       0x2d c:/st/stm32cubeide_1.7.0/stm32cubeide/plugins/com.st.stm32cube.ide.mcu.externaltools.gnu-tools-for-stm32.9-2020-q2-update.win32_2.0.0.202105311346/tools/bin/../lib/gcc/arm-none-eabi/9.3.1/../../../../arm-none-eabi/lib/thumb/v7-m/nofp\libc_nano.a(lib_a-nano-vfprintf_i.o)
 .ARM.attributes
                0x00000000000003ef       0x2d c:/st/stm32cubeide_1.7.0/stm32cubeide/plugins/com.st.stm32cube.ide.mcu.externaltools.gnu-tools-for-stm32.9-2020-q2-update.win32_2.0.0.202105311346/tools/bin/../lib/gcc/arm-none-eabi/9.3.1/../../../../arm-none-eabi/lib/thumb/v7-m/nofp\libc_nano.a(lib_a-sbrkr.o)
 .ARM.attributes
                0x000000000000041c       0x2d c:/st/stm32cubeide_1.7.0/stm32cubeide/plugins/com.st.stm32cube.ide.mcu.externaltools.gnu-tools-for-stm32.9-2020-q2-update.win32_2.0.0.202105311346/tools/bin/../lib/gcc/arm-none-eabi/9.3.1/../../../../arm-none-eabi/lib/thumb/v7-m/nofp\libc_nano.a(lib_a-stdio.o)
 .ARM.attributes
                0x0000000000000449       0x2d c:/st/stm32cubeide_1.7.0/stm32cubeide/plugins/com.st.stm32cube.ide.mcu.externaltools.gnu-tools-for-stm32.9-2020-q2-update.win32_2.0.0.202105311346/tools/bin/../lib/gcc/arm-none-eabi/9.3.1/../../../../arm-none-eabi/lib/thumb/v7-m/nofp\libc_nano.a(lib_a-wbuf.o)
 .ARM.attributes
                0x0000000000000476       0x2d c:/st/stm32cubeide_1.7.0/stm32cubeide/plugins/com.st.stm32cube.ide.mcu.externaltools.gnu-tools-for-stm32.9-2020-q2-update.win32_2.0.0.202105311346/tools/bin/../lib/gcc/arm-none-eabi/9.3.1/../../../../arm-none-eabi/lib/thumb/v7-m/nofp\libc_nano.a(lib_a-writer.o)
 .ARM.attributes
                0x00000000000004a3       0x2d c:/st/stm32cubeide_1.7.0/stm32cubeide/plugins/com.st.stm32cube.ide.mcu.externaltools.gnu-tools-for-stm32.9-2020-q2-update.win32_2.0.0.202105311346/tools/bin/../lib/gcc/arm-none-eabi/9.3.1/../../../../arm-none-eabi/lib/thumb/v7-m/nofp\libc_nano.a(lib_a-wsetup.o)
 .ARM.attributes
                0x00000000000004d0       0x2d c:/st/stm32cubeide_1.7.0/stm32cubeide/plugins/com.st.stm32cube.ide.mcu.externaltools.gnu-tools-for-stm32.9-2020-q2-update.win32_2.0.0.202105311346/tools/bin/../lib/gcc/arm-none-eabi/9.3.1/../../../../arm-none-eabi/lib/thumb/v7-m/nofp\libc_nano.a(lib_a-closer.o)
 .ARM.attributes
                0x00000000000004fd       0x2d c:/st/stm32cubeide_1.7.0/stm32cubeide/plugins/com.st.stm32cube.ide.mcu.externaltools.gnu-tools-for-stm32.9-2020-q2-update.win32_2.0.0.202105311346/tools/bin/../lib/gcc/arm-none-eabi/9.3.1/../../../../arm-none-eabi/lib/thumb/v7-m/nofp\libc_nano.a(lib_a-fflush.o)
 .ARM.attributes
                0x000000000000052a       0x2d c:/st/stm32cubeide_1.7.0/stm32cubeide/plugins/com.st.stm32cube.ide.mcu.externaltools.gnu-tools-for-stm32.9-2020-q2-update.win32_2.0.0.202105311346/tools/bin/../lib/gcc/arm-none-eabi/9.3.1/../../../../arm-none-eabi/lib/thumb/v7-m/nofp\libc_nano.a(lib_a-lseekr.o)
 .ARM.attributes
                0x0000000000000557       0x2d c:/st/stm32cubeide_1.7.0/stm32cubeide/plugins/com.st.stm32cube.ide.mcu.externaltools.gnu-tools-for-stm32.9-2020-q2-update.win32_2.0.0.202105311346/tools/bin/../lib/gcc/arm-none-eabi/9.3.1/../../../../arm-none-eabi/lib/thumb/v7-m/nofp\libc_nano.a(lib_a-makebuf.o)
 .ARM.attributes
                0x0000000000000584       0x2d c:/st/stm32cubeide_1.7.0/stm32cubeide/plugins/com.st.stm32cube.ide.mcu.externaltools.gnu-tools-for-stm32.9-2020-q2-update.win32_2.0.0.202105311346/tools/bin/../lib/gcc/arm-none-eabi/9.3.1/../../../../arm-none-eabi/lib/thumb/v7-m/nofp\libc_nano.a(lib_a-memchr-stub.o)
 .ARM.attributes
                0x00000000000005b1       0x2d c:/st/stm32cubeide_1.7.0/stm32cubeide/plugins/com.st.stm32cube.ide.mcu.externaltools.gnu-tools-for-stm32.9-2020-q2-update.win32_2.0.0.202105311346/tools/bin/../lib/gcc/arm-none-eabi/9.3.1/../../../../arm-none-eabi/lib/thumb/v7-m/nofp\libc_nano.a(lib_a-mlock.o)
 .ARM.attributes
                0x00000000000005de       0x2d c:/st/stm32cubeide_1.7.0/stm32cubeide/plugins/com.st.stm32cube.ide.mcu.externaltools.gnu-tools-for-stm32.9-2020-q2-update.win32_2.0.0.202105311346/tools/bin/../lib/gcc/arm-none-eabi/9.3.1/../../../../arm-none-eabi/lib/thumb/v7-m/nofp\libc_nano.a(lib_a-nano-freer.o)
 .ARM.attributes
                0x000000000000060b       0x2d c:/st/stm32cubeide_1.7.0/stm32cubeide/plugins/com.st.stm32cube.ide.mcu.externaltools.gnu-tools-for-stm32.9-2020-q2-update.win32_2.0.0.202105311346/tools/bin/../lib/gcc/arm-none-eabi/9.3.1/../../../../arm-none-eabi/lib/thumb/v7-m/nofp\libc_nano.a(lib_a-readr.o)
 .ARM.attributes
                0x0000000000000638       0x2d c:/st/stm32cubeide_1.7.0/stm32cubeide/plugins/com.st.stm32cube.ide.mcu.externaltools.gnu-tools-for-stm32.9-2020-q2-update.win32_2.0.0.202105311346/tools/bin/../lib/gcc/arm-none-eabi/9.3.1/../../../../arm-none-eabi/lib/thumb/v7-m/nofp\libc_nano.a(lib_a-reent.o)
 .ARM.attributes
                0x0000000000000665       0x2d c:/st/stm32cubeide_1.7.0/stm32cubeide/plugins/com.st.stm32cube.ide.mcu.externaltools.gnu-tools-for-stm32.9-2020-q2-update.win32_2.0.0.202105311346/tools/bin/../lib/gcc/arm-none-eabi/9.3.1/../../../../arm-none-eabi/lib/thumb/v7-m/nofp\libc_nano.a(lib_a-fstatr.o)
 .ARM.attributes
                0x0000000000000692       0x2d c:/st/stm32cubeide_1.7.0/stm32cubeide/plugins/com.st.stm32cube.ide.mcu.externaltools.gnu-tools-for-stm32.9-2020-q2-update.win32_2.0.0.202105311346/tools/bin/../lib/gcc/arm-none-eabi/9.3.1/../../../../arm-none-eabi/lib/thumb/v7-m/nofp\libc_nano.a(lib_a-isattyr.o)
 .ARM.attributes
                0x00000000000006bf       0x1d c:/st/stm32cubeide_1.7.0/stm32cubeide/plugins/com.st.stm32cube.ide.mcu.externaltools.gnu-tools-for-stm32.9-2020-q2-update.win32_2.0.0.202105311346/tools/bin/../lib/gcc/arm-none-eabi/9.3.1/thumb/v7-m/nofp/crtn.o
OUTPUT(1_gpio_output.elf elf32-littlearm)
LOAD linker stubs
LOAD c:/st/stm32cubeide_1.7.0/stm32cubeide/plugins/com.st.stm32cube.ide.mcu.externaltools.gnu-tools-for-stm32.9-2020-q2-update.win32_2.0.0.202105311346/tools/bin/../lib/gcc/arm-none-eabi/9.3.1/../../../../arm-none-eabi/lib/thumb/v7-m/nofp\libc.a
LOAD c:/st/stm32cubeide_1.7.0/stm32cubeide/plugins/com.st.stm32cube.ide.mcu.externaltools.gnu-tools-for-stm32.9-2020-q2-update.win32_2.0.0.202105311346/tools/bin/../lib/gcc/arm-none-eabi/9.3.1/../../../../arm-none-eabi/lib/thumb/v7-m/nofp\libm.a
LOAD c:/st/stm32cubeide_1.7.0/stm32cubeide/plugins/com.st.stm32cube.ide.mcu.externaltools.gnu-tools-for-stm32.9-2020-q2-update.win32_2.0.0.202105311346/tools/bin/../lib/gcc/arm-none-eabi/9.3.1/thumb/v7-m/nofp\libgcc.a

.debug_info     0x0000000000000000     0x6279
 .debug_info    0x0000000000000000      0x2a2 ./Src/CortexM3_Core_Systick.o
 .debug_info    0x00000000000002a2      0xbec ./Src/HAL_Adc.o
 .debug_info    0x0000000000000e8e      0x8b5 ./Src/HAL_Gpio.o
 .debug_info    0x0000000000001743      0x505 ./Src/HAL_RCC.o
 .debug_info    0x0000000000001c48      0xe42 ./Src/HAL_Timer.o
 .debug_info    0x0000000000002a8a      0x9d3 ./Src/HAL_Usart.o
 .debug_info    0x000000000000345d     0x142d ./Src/main.o
 .debug_info    0x000000000000488a      0xfa8 ./Src/syscalls.o
 .debug_info    0x0000000000005832      0xa25 ./Src/sysmem.o
 .debug_info    0x0000000000006257       0x22 ./Startup/startup_stm32f103c8tx.o

.debug_abbrev   0x0000000000000000     0x159c
 .debug_abbrev  0x0000000000000000      0x186 ./Src/CortexM3_Core_Systick.o
 .debug_abbrev  0x0000000000000186      0x2c0 ./Src/HAL_Adc.o
 .debug_abbrev  0x0000000000000446      0x2a1 ./Src/HAL_Gpio.o
 .debug_abbrev  0x00000000000006e7      0x1d2 ./Src/HAL_RCC.o
 .debug_abbrev  0x00000000000008b9      0x2e7 ./Src/HAL_Timer.o
 .debug_abbrev  0x0000000000000ba0      0x32d ./Src/HAL_Usart.o
 .debug_abbrev  0x0000000000000ecd      0x278 ./Src/main.o
 .debug_abbrev  0x0000000000001145      0x286 ./Src/syscalls.o
 .debug_abbrev  0x00000000000013cb      0x1bf ./Src/sysmem.o
 .debug_abbrev  0x000000000000158a       0x12 ./Startup/startup_stm32f103c8tx.o

.debug_aranges  0x0000000000000000      0x3f0
 .debug_aranges
                0x0000000000000000       0x30 ./Src/CortexM3_Core_Systick.o
 .debug_aranges
                0x0000000000000030       0x78 ./Src/HAL_Adc.o
 .debug_aranges
                0x00000000000000a8       0x58 ./Src/HAL_Gpio.o
 .debug_aranges
                0x0000000000000100       0x78 ./Src/HAL_RCC.o
 .debug_aranges
                0x0000000000000178       0xb8 ./Src/HAL_Timer.o
 .debug_aranges
                0x0000000000000230       0x78 ./Src/HAL_Usart.o
 .debug_aranges
                0x00000000000002a8       0x58 ./Src/main.o
 .debug_aranges
                0x0000000000000300       0xa8 ./Src/syscalls.o
 .debug_aranges
                0x00000000000003a8       0x20 ./Src/sysmem.o
 .debug_aranges
                0x00000000000003c8       0x28 ./Startup/startup_stm32f103c8tx.o

.debug_ranges   0x0000000000000000      0x370
 .debug_ranges  0x0000000000000000       0x20 ./Src/CortexM3_Core_Systick.o
 .debug_ranges  0x0000000000000020       0x68 ./Src/HAL_Adc.o
 .debug_ranges  0x0000000000000088       0x48 ./Src/HAL_Gpio.o
 .debug_ranges  0x00000000000000d0       0x80 ./Src/HAL_RCC.o
 .debug_ranges  0x0000000000000150       0xa8 ./Src/HAL_Timer.o
 .debug_ranges  0x00000000000001f8       0x68 ./Src/HAL_Usart.o
 .debug_ranges  0x0000000000000260       0x48 ./Src/main.o
 .debug_ranges  0x00000000000002a8       0x98 ./Src/syscalls.o
 .debug_ranges  0x0000000000000340       0x10 ./Src/sysmem.o
 .debug_ranges  0x0000000000000350       0x20 ./Startup/startup_stm32f103c8tx.o

.debug_macro    0x0000000000000000    0x137ec
 .debug_macro   0x0000000000000000       0xde ./Src/CortexM3_Core_Systick.o
 .debug_macro   0x00000000000000de      0xaa2 ./Src/CortexM3_Core_Systick.o
 .debug_macro   0x0000000000000b80       0x22 ./Src/CortexM3_Core_Systick.o
 .debug_macro   0x0000000000000ba2       0x8e ./Src/CortexM3_Core_Systick.o
 .debug_macro   0x0000000000000c30       0x51 ./Src/CortexM3_Core_Systick.o
 .debug_macro   0x0000000000000c81      0x103 ./Src/CortexM3_Core_Systick.o
 .debug_macro   0x0000000000000d84       0x6a ./Src/CortexM3_Core_Systick.o
 .debug_macro   0x0000000000000dee      0x1df ./Src/CortexM3_Core_Systick.o
 .debug_macro   0x0000000000000fcd       0x22 ./Src/CortexM3_Core_Systick.o
 .debug_macro   0x0000000000000fef       0x1c ./Src/CortexM3_Core_Systick.o
 .debug_macro   0x000000000000100b       0x22 ./Src/CortexM3_Core_Systick.o
 .debug_macro   0x000000000000102d       0xc3 ./Src/CortexM3_Core_Systick.o
 .debug_macro   0x00000000000010f0      0xd23 ./Src/CortexM3_Core_Systick.o
 .debug_macro   0x0000000000001e13     0xe09e ./Src/CortexM3_Core_Systick.o
 .debug_macro   0x000000000000feb1       0x3a ./Src/CortexM3_Core_Systick.o
 .debug_macro   0x000000000000feeb      0x323 ./Src/CortexM3_Core_Systick.o
 .debug_macro   0x000000000001020e       0x88 ./Src/CortexM3_Core_Systick.o
 .debug_macro   0x0000000000010296       0xd4 ./Src/HAL_Adc.o
 .debug_macro   0x000000000001036a      0x29c ./Src/HAL_Adc.o
 .debug_macro   0x0000000000010606      0x2d2 ./Src/HAL_Adc.o
 .debug_macro   0x00000000000108d8       0xcb ./Src/HAL_Gpio.o
 .debug_macro   0x00000000000109a3      0x296 ./Src/HAL_Gpio.o
 .debug_macro   0x0000000000010c39       0xcb ./Src/HAL_RCC.o
 .debug_macro   0x0000000000010d04       0xdd ./Src/HAL_Timer.o
 .debug_macro   0x0000000000010de1      0x329 ./Src/HAL_Timer.o
 .debug_macro   0x000000000001110a      0x1cc ./Src/HAL_Timer.o
 .debug_macro   0x00000000000112d6       0xdd ./Src/HAL_Usart.o
 .debug_macro   0x00000000000113b3      0x136 ./Src/HAL_Usart.o
 .debug_macro   0x00000000000114e9      0x274 ./Src/main.o
 .debug_macro   0x000000000001175d       0x52 ./Src/main.o
 .debug_macro   0x00000000000117af       0x18 ./Src/main.o
 .debug_macro   0x00000000000117c7       0x3c ./Src/main.o
 .debug_macro   0x0000000000011803       0x34 ./Src/main.o
 .debug_macro   0x0000000000011837       0x16 ./Src/main.o
 .debug_macro   0x000000000001184d       0x97 ./Src/main.o
 .debug_macro   0x00000000000118e4      0x339 ./Src/main.o
 .debug_macro   0x0000000000011c1d       0xfd ./Src/main.o
 .debug_macro   0x0000000000011d1a       0x10 ./Src/main.o
 .debug_macro   0x0000000000011d2a       0x16 ./Src/main.o
 .debug_macro   0x0000000000011d40       0x43 ./Src/main.o
 .debug_macro   0x0000000000011d83       0x34 ./Src/main.o
 .debug_macro   0x0000000000011db7       0x10 ./Src/main.o
 .debug_macro   0x0000000000011dc7       0x58 ./Src/main.o
 .debug_macro   0x0000000000011e1f       0x71 ./Src/main.o
 .debug_macro   0x0000000000011e90       0x1c ./Src/main.o
 .debug_macro   0x0000000000011eac      0x12a ./Src/main.o
 .debug_macro   0x0000000000011fd6       0x10 ./Src/main.o
 .debug_macro   0x0000000000011fe6       0x1c ./Src/main.o
 .debug_macro   0x0000000000012002       0x52 ./Src/main.o
 .debug_macro   0x0000000000012054       0x22 ./Src/main.o
 .debug_macro   0x0000000000012076       0x10 ./Src/main.o
 .debug_macro   0x0000000000012086       0x40 ./Src/main.o
 .debug_macro   0x00000000000120c6       0xd5 ./Src/main.o
 .debug_macro   0x000000000001219b       0x1c ./Src/main.o
 .debug_macro   0x00000000000121b7       0x3d ./Src/main.o
 .debug_macro   0x00000000000121f4       0x16 ./Src/main.o
 .debug_macro   0x000000000001220a      0x145 ./Src/main.o
 .debug_macro   0x000000000001234f       0xbd ./Src/main.o
 .debug_macro   0x000000000001240c      0x2d8 ./Src/main.o
 .debug_macro   0x00000000000126e4      0x1d2 ./Src/main.o
 .debug_macro   0x00000000000128b6      0x24c ./Src/syscalls.o
 .debug_macro   0x0000000000012b02       0x4c ./Src/syscalls.o
 .debug_macro   0x0000000000012b4e       0x94 ./Src/syscalls.o
 .debug_macro   0x0000000000012be2       0x57 ./Src/syscalls.o
 .debug_macro   0x0000000000012c39      0x174 ./Src/syscalls.o
 .debug_macro   0x0000000000012dad       0x10 ./Src/syscalls.o
 .debug_macro   0x0000000000012dbd       0x35 ./Src/syscalls.o
 .debug_macro   0x0000000000012df2       0x10 ./Src/syscalls.o
 .debug_macro   0x0000000000012e02       0x10 ./Src/syscalls.o
 .debug_macro   0x0000000000012e12       0x35 ./Src/syscalls.o
 .debug_macro   0x0000000000012e47      0x12c ./Src/syscalls.o
 .debug_macro   0x0000000000012f73       0x16 ./Src/syscalls.o
 .debug_macro   0x0000000000012f89       0x16 ./Src/syscalls.o
 .debug_macro   0x0000000000012f9f       0x29 ./Src/syscalls.o
 .debug_macro   0x0000000000012fc8       0x10 ./Src/syscalls.o
 .debug_macro   0x0000000000012fd8      0x241 ./Src/syscalls.o
 .debug_macro   0x0000000000013219       0x1c ./Src/syscalls.o
 .debug_macro   0x0000000000013235       0x10 ./Src/syscalls.o
 .debug_macro   0x0000000000013245      0x189 ./Src/syscalls.o
 .debug_macro   0x00000000000133ce       0x16 ./Src/syscalls.o
 .debug_macro   0x00000000000133e4       0xce ./Src/syscalls.o
 .debug_macro   0x00000000000134b2       0xff ./Src/sysmem.o
 .debug_macro   0x00000000000135b1      0x23b ./Src/sysmem.o

.debug_line     0x0000000000000000     0x4dd9
 .debug_line    0x0000000000000000      0x53b ./Src/CortexM3_Core_Systick.o
 .debug_line    0x000000000000053b      0xb7f ./Src/HAL_Adc.o
 .debug_line    0x00000000000010ba      0x724 ./Src/HAL_Gpio.o
 .debug_line    0x00000000000017de      0x7cc ./Src/HAL_RCC.o
 .debug_line    0x0000000000001faa      0xfa5 ./Src/HAL_Timer.o
 .debug_line    0x0000000000002f4f      0x927 ./Src/HAL_Usart.o
 .debug_line    0x0000000000003876      0x7ef ./Src/main.o
 .debug_line    0x0000000000004065      0x7fd ./Src/syscalls.o
 .debug_line    0x0000000000004862      0x4f3 ./Src/sysmem.o
 .debug_line    0x0000000000004d55       0x84 ./Startup/startup_stm32f103c8tx.o

.debug_str      0x0000000000000000    0x5e437
 .debug_str     0x0000000000000000    0x5534d ./Src/CortexM3_Core_Systick.o
                                      0x55584 (size before relaxing)
 .debug_str     0x000000000005534d     0x1f0f ./Src/HAL_Adc.o
                                      0x56063 (size before relaxing)
 .debug_str     0x000000000005725c      0x125 ./Src/HAL_Gpio.o
                                      0x551b8 (size before relaxing)
 .debug_str     0x0000000000057381      0x132 ./Src/HAL_RCC.o
                                      0x5534d (size before relaxing)
 .debug_str     0x00000000000574b3      0xb3a ./Src/HAL_Timer.o
                                      0x56dcc (size before relaxing)
 .debug_str     0x0000000000057fed      0x860 ./Src/HAL_Usart.o
                                      0x56aab (size before relaxing)
 .debug_str     0x000000000005884d     0x43fa ./Src/main.o
                                      0x5c63b (size before relaxing)
 .debug_str     0x000000000005cc47     0x1759 ./Src/syscalls.o
                                       0x8e7c (size before relaxing)
 .debug_str     0x000000000005e3a0       0x66 ./Src/sysmem.o
                                       0x624f (size before relaxing)
 .debug_str     0x000000000005e406       0x31 ./Startup/startup_stm32f103c8tx.o
                                         0x60 (size before relaxing)

.comment        0x0000000000000000       0x53
 .comment       0x0000000000000000       0x53 ./Src/CortexM3_Core_Systick.o
                                         0x54 (size before relaxing)
 .comment       0x0000000000000053       0x54 ./Src/HAL_Adc.o
 .comment       0x0000000000000053       0x54 ./Src/HAL_Gpio.o
 .comment       0x0000000000000053       0x54 ./Src/HAL_RCC.o
 .comment       0x0000000000000053       0x54 ./Src/HAL_Timer.o
 .comment       0x0000000000000053       0x54 ./Src/HAL_Usart.o
 .comment       0x0000000000000053       0x54 ./Src/main.o
 .comment       0x0000000000000053       0x54 ./Src/syscalls.o
 .comment       0x0000000000000053       0x54 ./Src/sysmem.o

.debug_frame    0x0000000000000000     0x1658
 .debug_frame   0x0000000000000000       0x70 ./Src/CortexM3_Core_Systick.o
 .debug_frame   0x0000000000000070      0x1d4 ./Src/HAL_Adc.o
 .debug_frame   0x0000000000000244      0x144 ./Src/HAL_Gpio.o
 .debug_frame   0x0000000000000388      0x1d8 ./Src/HAL_RCC.o
 .debug_frame   0x0000000000000560      0x300 ./Src/HAL_Timer.o
 .debug_frame   0x0000000000000860      0x1d8 ./Src/HAL_Usart.o
 .debug_frame   0x0000000000000a38      0x10c ./Src/main.o
 .debug_frame   0x0000000000000b44      0x2ac ./Src/syscalls.o
 .debug_frame   0x0000000000000df0       0x34 ./Src/sysmem.o
 .debug_frame   0x0000000000000e24       0x20 c:/st/stm32cubeide_1.7.0/stm32cubeide/plugins/com.st.stm32cube.ide.mcu.externaltools.gnu-tools-for-stm32.9-2020-q2-update.win32_2.0.0.202105311346/tools/bin/../lib/gcc/arm-none-eabi/9.3.1/../../../../arm-none-eabi/lib/thumb/v7-m/nofp\libc_nano.a(lib_a-errno.o)
 .debug_frame   0x0000000000000e44       0x2c c:/st/stm32cubeide_1.7.0/stm32cubeide/plugins/com.st.stm32cube.ide.mcu.externaltools.gnu-tools-for-stm32.9-2020-q2-update.win32_2.0.0.202105311346/tools/bin/../lib/gcc/arm-none-eabi/9.3.1/../../../../arm-none-eabi/lib/thumb/v7-m/nofp\libc_nano.a(lib_a-init.o)
 .debug_frame   0x0000000000000e70       0x20 c:/st/stm32cubeide_1.7.0/stm32cubeide/plugins/com.st.stm32cube.ide.mcu.externaltools.gnu-tools-for-stm32.9-2020-q2-update.win32_2.0.0.202105311346/tools/bin/../lib/gcc/arm-none-eabi/9.3.1/../../../../arm-none-eabi/lib/thumb/v7-m/nofp\libc_nano.a(lib_a-memset.o)
 .debug_frame   0x0000000000000e90       0x74 c:/st/stm32cubeide_1.7.0/stm32cubeide/plugins/com.st.stm32cube.ide.mcu.externaltools.gnu-tools-for-stm32.9-2020-q2-update.win32_2.0.0.202105311346/tools/bin/../lib/gcc/arm-none-eabi/9.3.1/../../../../arm-none-eabi/lib/thumb/v7-m/nofp\libc_nano.a(lib_a-printf.o)
 .debug_frame   0x0000000000000f04      0x14c c:/st/stm32cubeide_1.7.0/stm32cubeide/plugins/com.st.stm32cube.ide.mcu.externaltools.gnu-tools-for-stm32.9-2020-q2-update.win32_2.0.0.202105311346/tools/bin/../lib/gcc/arm-none-eabi/9.3.1/../../../../arm-none-eabi/lib/thumb/v7-m/nofp\libc_nano.a(lib_a-findfp.o)
 .debug_frame   0x0000000000001050       0x54 c:/st/stm32cubeide_1.7.0/stm32cubeide/plugins/com.st.stm32cube.ide.mcu.externaltools.gnu-tools-for-stm32.9-2020-q2-update.win32_2.0.0.202105311346/tools/bin/../lib/gcc/arm-none-eabi/9.3.1/../../../../arm-none-eabi/lib/thumb/v7-m/nofp\libc_nano.a(lib_a-fwalk.o)
 .debug_frame   0x00000000000010a4       0xb0 c:/st/stm32cubeide_1.7.0/stm32cubeide/plugins/com.st.stm32cube.ide.mcu.externaltools.gnu-tools-for-stm32.9-2020-q2-update.win32_2.0.0.202105311346/tools/bin/../lib/gcc/arm-none-eabi/9.3.1/../../../../arm-none-eabi/lib/thumb/v7-m/nofp\libc_nano.a(lib_a-lock.o)
 .debug_frame   0x0000000000001154       0x30 c:/st/stm32cubeide_1.7.0/stm32cubeide/plugins/com.st.stm32cube.ide.mcu.externaltools.gnu-tools-for-stm32.9-2020-q2-update.win32_2.0.0.202105311346/tools/bin/../lib/gcc/arm-none-eabi/9.3.1/../../../../arm-none-eabi/lib/thumb/v7-m/nofp\libc_nano.a(lib_a-nano-mallocr.o)
 .debug_frame   0x0000000000001184       0xac c:/st/stm32cubeide_1.7.0/stm32cubeide/plugins/com.st.stm32cube.ide.mcu.externaltools.gnu-tools-for-stm32.9-2020-q2-update.win32_2.0.0.202105311346/tools/bin/../lib/gcc/arm-none-eabi/9.3.1/../../../../arm-none-eabi/lib/thumb/v7-m/nofp\libc_nano.a(lib_a-nano-vfprintf.o)
 .debug_frame   0x0000000000001230       0x60 c:/st/stm32cubeide_1.7.0/stm32cubeide/plugins/com.st.stm32cube.ide.mcu.externaltools.gnu-tools-for-stm32.9-2020-q2-update.win32_2.0.0.202105311346/tools/bin/../lib/gcc/arm-none-eabi/9.3.1/../../../../arm-none-eabi/lib/thumb/v7-m/nofp\libc_nano.a(lib_a-nano-vfprintf_i.o)
 .debug_frame   0x0000000000001290       0x2c c:/st/stm32cubeide_1.7.0/stm32cubeide/plugins/com.st.stm32cube.ide.mcu.externaltools.gnu-tools-for-stm32.9-2020-q2-update.win32_2.0.0.202105311346/tools/bin/../lib/gcc/arm-none-eabi/9.3.1/../../../../arm-none-eabi/lib/thumb/v7-m/nofp\libc_nano.a(lib_a-sbrkr.o)
 .debug_frame   0x00000000000012bc       0x88 c:/st/stm32cubeide_1.7.0/stm32cubeide/plugins/com.st.stm32cube.ide.mcu.externaltools.gnu-tools-for-stm32.9-2020-q2-update.win32_2.0.0.202105311346/tools/bin/../lib/gcc/arm-none-eabi/9.3.1/../../../../arm-none-eabi/lib/thumb/v7-m/nofp\libc_nano.a(lib_a-stdio.o)
 .debug_frame   0x0000000000001344       0x40 c:/st/stm32cubeide_1.7.0/stm32cubeide/plugins/com.st.stm32cube.ide.mcu.externaltools.gnu-tools-for-stm32.9-2020-q2-update.win32_2.0.0.202105311346/tools/bin/../lib/gcc/arm-none-eabi/9.3.1/../../../../arm-none-eabi/lib/thumb/v7-m/nofp\libc_nano.a(lib_a-wbuf.o)
 .debug_frame   0x0000000000001384       0x2c c:/st/stm32cubeide_1.7.0/stm32cubeide/plugins/com.st.stm32cube.ide.mcu.externaltools.gnu-tools-for-stm32.9-2020-q2-update.win32_2.0.0.202105311346/tools/bin/../lib/gcc/arm-none-eabi/9.3.1/../../../../arm-none-eabi/lib/thumb/v7-m/nofp\libc_nano.a(lib_a-writer.o)
 .debug_frame   0x00000000000013b0       0x2c c:/st/stm32cubeide_1.7.0/stm32cubeide/plugins/com.st.stm32cube.ide.mcu.externaltools.gnu-tools-for-stm32.9-2020-q2-update.win32_2.0.0.202105311346/tools/bin/../lib/gcc/arm-none-eabi/9.3.1/../../../../arm-none-eabi/lib/thumb/v7-m/nofp\libc_nano.a(lib_a-wsetup.o)
 .debug_frame   0x00000000000013dc       0x2c c:/st/stm32cubeide_1.7.0/stm32cubeide/plugins/com.st.stm32cube.ide.mcu.externaltools.gnu-tools-for-stm32.9-2020-q2-update.win32_2.0.0.202105311346/tools/bin/../lib/gcc/arm-none-eabi/9.3.1/../../../../arm-none-eabi/lib/thumb/v7-m/nofp\libc_nano.a(lib_a-closer.o)
 .debug_frame   0x0000000000001408       0x5c c:/st/stm32cubeide_1.7.0/stm32cubeide/plugins/com.st.stm32cube.ide.mcu.externaltools.gnu-tools-for-stm32.9-2020-q2-update.win32_2.0.0.202105311346/tools/bin/../lib/gcc/arm-none-eabi/9.3.1/../../../../arm-none-eabi/lib/thumb/v7-m/nofp\libc_nano.a(lib_a-fflush.o)
 .debug_frame   0x0000000000001464       0x2c c:/st/stm32cubeide_1.7.0/stm32cubeide/plugins/com.st.stm32cube.ide.mcu.externaltools.gnu-tools-for-stm32.9-2020-q2-update.win32_2.0.0.202105311346/tools/bin/../lib/gcc/arm-none-eabi/9.3.1/../../../../arm-none-eabi/lib/thumb/v7-m/nofp\libc_nano.a(lib_a-lseekr.o)
 .debug_frame   0x0000000000001490       0x58 c:/st/stm32cubeide_1.7.0/stm32cubeide/plugins/com.st.stm32cube.ide.mcu.externaltools.gnu-tools-for-stm32.9-2020-q2-update.win32_2.0.0.202105311346/tools/bin/../lib/gcc/arm-none-eabi/9.3.1/../../../../arm-none-eabi/lib/thumb/v7-m/nofp\libc_nano.a(lib_a-makebuf.o)
 .debug_frame   0x00000000000014e8       0x28 c:/st/stm32cubeide_1.7.0/stm32cubeide/plugins/com.st.stm32cube.ide.mcu.externaltools.gnu-tools-for-stm32.9-2020-q2-update.win32_2.0.0.202105311346/tools/bin/../lib/gcc/arm-none-eabi/9.3.1/../../../../arm-none-eabi/lib/thumb/v7-m/nofp\libc_nano.a(lib_a-memchr-stub.o)
 .debug_frame   0x0000000000001510       0x30 c:/st/stm32cubeide_1.7.0/stm32cubeide/plugins/com.st.stm32cube.ide.mcu.externaltools.gnu-tools-for-stm32.9-2020-q2-update.win32_2.0.0.202105311346/tools/bin/../lib/gcc/arm-none-eabi/9.3.1/../../../../arm-none-eabi/lib/thumb/v7-m/nofp\libc_nano.a(lib_a-mlock.o)
 .debug_frame   0x0000000000001540       0x38 c:/st/stm32cubeide_1.7.0/stm32cubeide/plugins/com.st.stm32cube.ide.mcu.externaltools.gnu-tools-for-stm32.9-2020-q2-update.win32_2.0.0.202105311346/tools/bin/../lib/gcc/arm-none-eabi/9.3.1/../../../../arm-none-eabi/lib/thumb/v7-m/nofp\libc_nano.a(lib_a-nano-freer.o)
 .debug_frame   0x0000000000001578       0x2c c:/st/stm32cubeide_1.7.0/stm32cubeide/plugins/com.st.stm32cube.ide.mcu.externaltools.gnu-tools-for-stm32.9-2020-q2-update.win32_2.0.0.202105311346/tools/bin/../lib/gcc/arm-none-eabi/9.3.1/../../../../arm-none-eabi/lib/thumb/v7-m/nofp\libc_nano.a(lib_a-readr.o)
 .debug_frame   0x00000000000015a4       0x5c c:/st/stm32cubeide_1.7.0/stm32cubeide/plugins/com.st.stm32cube.ide.mcu.externaltools.gnu-tools-for-stm32.9-2020-q2-update.win32_2.0.0.202105311346/tools/bin/../lib/gcc/arm-none-eabi/9.3.1/../../../../arm-none-eabi/lib/thumb/v7-m/nofp\libc_nano.a(lib_a-reent.o)
 .debug_frame   0x0000000000001600       0x2c c:/st/stm32cubeide_1.7.0/stm32cubeide/plugins/com.st.stm32cube.ide.mcu.externaltools.gnu-tools-for-stm32.9-2020-q2-update.win32_2.0.0.202105311346/tools/bin/../lib/gcc/arm-none-eabi/9.3.1/../../../../arm-none-eabi/lib/thumb/v7-m/nofp\libc_nano.a(lib_a-fstatr.o)
 .debug_frame   0x000000000000162c       0x2c c:/st/stm32cubeide_1.7.0/stm32cubeide/plugins/com.st.stm32cube.ide.mcu.externaltools.gnu-tools-for-stm32.9-2020-q2-update.win32_2.0.0.202105311346/tools/bin/../lib/gcc/arm-none-eabi/9.3.1/../../../../arm-none-eabi/lib/thumb/v7-m/nofp\libc_nano.a(lib_a-isattyr.o)
