core_cm3.h:1511:22:__NVIC_EnableIRQ	16	static
core_cm3.h:1639:22:__NVIC_SetPriority	16	static
HAL_Timer.c:77:13:HAL_TIMER2_INT_init	16	static,ignoring_inline_asm
HAL_Timer.c:204:13:HAL_TIMER_INT_init	16	static
HAL_Timer.c:221:6:HAL_TIMER_init	16	static
HAL_Timer.c:249:13:EN_CLOCK	16	static
HAL_Timer.c:262:13:EN_CLOCK_OP	24	static
HAL_Timer.c:282:13:HAL_TIMER_TIMEBASE_init	16	static
HAL_Timer.c:322:13:HAL_TIMER_CHN_CONFIG_GPIO	56	static
HAL_Timer.c:397:13:HAL_TIMER_OUTCMP_Init	24	static
HAL_Timer.c:479:13:HAL_TIMER_PWM_init	24	static
HAL_Timer.c:546:13:HAL_TIMER_IPCAP_init	24	static
HAL_Timer.c:611:6:HAL_TIMER_SETDutyChannelCycle	16	static
HAL_Timer.c:633:10:HAL_TIMER_EDG_CAP_Read	16	static
HAL_Timer.c:660:6:HAL_TIMER_DelayMs	32	static
HAL_Timer.c:689:6:HAL_TIMER_DelayUs	32	static
HAL_Timer.c:718:6:HAL_TIMER_DelaySP	24	static
HAL_Timer.c:728:6:HAL_TIMER_LoadVal	16	static
HAL_Timer.c:733:10:HAL_TIMER_ReadVal	16	static
HAL_Timer.c:739:6:TIM2_IRQHandler	8	static
